
> @liangjie559567/ultrapower@7.1.1 test
> vitest


[1m[46m RUN [49m[22m [36mv4.0.18 [39m[90mC:/Users/ljyih/Desktop/ultrapower[39m

[90mstdout[2m | src/features/ccg/codex-fallback.test.ts[2m > [22m[2mCodex Fallback Strategy[2m > [22m[2mshould use Codex when available
[22m[39m[Fallback] test-task: Codex succeeded

[90mstdout[2m | tests/reliability/retry-manager.test.ts[2m > [22m[2mRetryManager[2m > [22m[2mshould succeed on first attempt
[22m[39m[RetryManager] Success on attempt 1

[90mstdout[2m | tests/reliability/retry-manager.test.ts[2m > [22m[2mRetryManager[2m > [22m[2mshould retry on failure and succeed
[22m[39m[RetryManager] Attempt 1 failed: fail1
[RetryManager] Retrying in 10ms...

[90mstdout[2m | tests/reliability/retry-manager.test.ts[2m > [22m[2mRetryManager[2m > [22m[2mshould retry on failure and succeed
[22m[39m[RetryManager] Success on attempt 2

[90mstdout[2m | tests/reliability/retry-manager.test.ts[2m > [22m[2mRetryManager[2m > [22m[2mshould fail after max retries
[22m[39m[RetryManager] Attempt 1 failed: persistent failure
[RetryManager] Retrying in 10ms...

[90mstderr[2m | src/__tests__/job-state-db.test.ts[2m > [22m[2mjob-state-db[2m > [22m[2minitJobDb[2m > [22m[2mshould initialize the database successfully
[22m[39m[job-state-db] DEPRECATED: closeJobDb() called without cwd. Use closeAllJobDbs() for explicit intent.

[90mstdout[2m | tests/reliability/retry-manager.test.ts[2m > [22m[2mRetryManager[2m > [22m[2mshould fail after max retries
[22m[39m[RetryManager] Attempt 2 failed: persistent failure
[RetryManager] Retrying in 20ms...

[90mstderr[2m | src/__tests__/job-state-db.test.ts[2m > [22m[2mjob-state-db[2m > [22m[2minitJobDb[2m > [22m[2mshould create the jobs.db file
[22m[39m[job-state-db] DEPRECATED: closeJobDb() called without cwd. Use closeAllJobDbs() for explicit intent.

[90mstdout[2m | tests/reliability/retry-manager.test.ts[2m > [22m[2mRetryManager[2m > [22m[2mshould fail after max retries
[22m[39m[RetryManager] Attempt 3 failed: persistent failure

[90mstdout[2m | tests/reliability/retry-manager.test.ts[2m > [22m[2mRetryManager[2m > [22m[2mshould use exponential backoff
[22m[39m[RetryManager] Attempt 1 failed: fail
[RetryManager] Retrying in 100ms...

[90mstderr[2m | src/__tests__/job-state-db.test.ts[2m > [22m[2mjob-state-db[2m > [22m[2minitJobDb[2m > [22m[2mshould be idempotent
[22m[39m[job-state-db] DEPRECATED: closeJobDb() called without cwd. Use closeAllJobDbs() for explicit intent.

[90mstderr[2m | src/__tests__/job-state-db.test.ts[2m > [22m[2mjob-state-db[2m > [22m[2mcloseJobDb[2m > [22m[2mshould close the database
[22m[39m[job-state-db] DEPRECATED: closeJobDb() called without cwd. Use closeAllJobDbs() for explicit intent.

[90mstderr[2m | src/__tests__/job-state-db.test.ts[2m > [22m[2mjob-state-db[2m > [22m[2misJobDbInitialized[2m > [22m[2mshould return true after init
[22m[39m[job-state-db] DEPRECATED: closeJobDb() called without cwd. Use closeAllJobDbs() for explicit intent.

 [31m❯[39m src/__tests__/skills.test.ts [2m([22m[2m15 tests[22m[2m | [22m[31m2 failed[39m[2m)[22m[33m 343[2mms[22m[39m
[31m       [31m×[31m should return correct number of skills (79)[39m[32m 21[2mms[22m[39m
       [32m✓[39m should return an array of BuiltinSkill objects[32m 21[2mms[22m[39m
       [32m✓[39m should have required properties (name, description, template)[32m 10[2mms[22m[39m
       [32m✓[39m should have non-empty name for each skill[32m 6[2mms[22m[39m
       [32m✓[39m should have non-empty description for each skill[32m 5[2mms[22m[39m
       [32m✓[39m should have non-empty template for each skill[32m 6[2mms[22m[39m
[31m       [31m×[31m should have valid skill names[39m[32m 37[2mms[22m[39m
       [32m✓[39m should not have duplicate skill names[32m 19[2mms[22m[39m
       [32m✓[39m should retrieve a skill by name[32m 37[2mms[22m[39m
       [32m✓[39m should be case-insensitive[32m 62[2mms[22m[39m
       [32m✓[39m should return undefined for non-existent skill[32m 27[2mms[22m[39m
       [32m✓[39m should return all skill names[32m 28[2mms[22m[39m
       [32m✓[39m should return an array of strings[32m 52[2mms[22m[39m
       [32m✓[39m should have non-empty templates[32m 4[2mms[22m[39m
       [32m✓[39m should have substantial template content (> 100 chars)[32m 3[2mms[22m[39m
[90mstdout[2m | tests/reliability/retry-manager.test.ts[2m > [22m[2mRetryManager[2m > [22m[2mshould use exponential backoff
[22m[39m[RetryManager] Attempt 2 failed: fail
[RetryManager] Retrying in 200ms...

[90mstderr[2m | src/__tests__/job-state-db.test.ts[2m > [22m[2mjob-state-db[2m > [22m[2misJobDbInitialized[2m > [22m[2mshould return false after close
[22m[39m[job-state-db] DEPRECATED: closeJobDb() called without cwd. Use closeAllJobDbs() for explicit intent.

[90mstderr[2m | src/__tests__/job-state-db.test.ts[2m > [22m[2mjob-state-db[2m > [22m[2mgetJobDb[2m > [22m[2mshould return database instance when initialized
[22m[39m[job-state-db] DEPRECATED: using _lastCwd fallback. Pass cwd explicitly.

[90mstderr[2m | src/__tests__/job-state-db.test.ts[2m > [22m[2mjob-state-db[2m > [22m[2mgetJobDb[2m > [22m[2mshould return database instance when initialized
[22m[39m[job-state-db] DEPRECATED: closeJobDb() called without cwd. Use closeAllJobDbs() for explicit intent.

[90mstderr[2m | src/__tests__/job-state-db.test.ts[2m > [22m[2mjob-state-db[2m > [22m[2mupsertJob[2m > [22m[2mshould insert a new job
[22m[39m[job-state-db] DEPRECATED: using _lastCwd fallback. Pass cwd explicitly.

[90mstderr[2m | src/__tests__/job-state-db.test.ts[2m > [22m[2mjob-state-db[2m > [22m[2mupsertJob[2m > [22m[2mshould insert a new job
[22m[39m[job-state-db] DEPRECATED: closeJobDb() called without cwd. Use closeAllJobDbs() for explicit intent.

[90mstderr[2m | src/__tests__/job-state-db.test.ts[2m > [22m[2mjob-state-db[2m > [22m[2mupsertJob[2m > [22m[2mshould update an existing job
[22m[39m[job-state-db] DEPRECATED: using _lastCwd fallback. Pass cwd explicitly.
[job-state-db] DEPRECATED: using _lastCwd fallback. Pass cwd explicitly.
[job-state-db] DEPRECATED: using _lastCwd fallback. Pass cwd explicitly.

[90mstderr[2m | src/__tests__/job-state-db.test.ts[2m > [22m[2mjob-state-db[2m > [22m[2mupsertJob[2m > [22m[2mshould update an existing job
[22m[39m[job-state-db] DEPRECATED: closeJobDb() called without cwd. Use closeAllJobDbs() for explicit intent.

[90mstderr[2m | src/__tests__/job-state-db.test.ts[2m > [22m[2mjob-state-db[2m > [22m[2mupsertJob[2m > [22m[2mshould return false when db is not initialized
[22m[39m[job-state-db] DEPRECATED: closeJobDb() called without cwd. Use closeAllJobDbs() for explicit intent.

[90mstderr[2m | src/__tests__/job-state-db.test.ts[2m > [22m[2mjob-state-db[2m > [22m[2mupsertJob[2m > [22m[2mshould handle jobs with all optional fields
[22m[39m[job-state-db] DEPRECATED: using _lastCwd fallback. Pass cwd explicitly.
[job-state-db] DEPRECATED: using _lastCwd fallback. Pass cwd explicitly.

[90mstderr[2m | src/__tests__/job-state-db.test.ts[2m > [22m[2mjob-state-db[2m > [22m[2mupsertJob[2m > [22m[2mshould handle jobs with all optional fields
[22m[39m[job-state-db] DEPRECATED: closeJobDb() called without cwd. Use closeAllJobDbs() for explicit intent.

[90mstderr[2m | src/__tests__/job-state-db.test.ts[2m > [22m[2mjob-state-db[2m > [22m[2mupsertJob[2m > [22m[2mshould handle jobs with undefined optional fields
[22m[39m[job-state-db] DEPRECATED: using _lastCwd fallback. Pass cwd explicitly.
[job-state-db] DEPRECATED: using _lastCwd fallback. Pass cwd explicitly.

[90mstderr[2m | src/__tests__/job-state-db.test.ts[2m > [22m[2mjob-state-db[2m > [22m[2mupsertJob[2m > [22m[2mshould handle jobs with undefined optional fields
[22m[39m[job-state-db] DEPRECATED: closeJobDb() called without cwd. Use closeAllJobDbs() for explicit intent.

[90mstderr[2m | src/__tests__/job-state-db.test.ts[2m > [22m[2mjob-state-db[2m > [22m[2mgetJob[2m > [22m[2mshould return a job by provider and jobId
[22m[39m[job-state-db] DEPRECATED: using _lastCwd fallback. Pass cwd explicitly.
[job-state-db] DEPRECATED: using _lastCwd fallback. Pass cwd explicitly.

[90mstderr[2m | src/__tests__/job-state-db.test.ts[2m > [22m[2mjob-state-db[2m > [22m[2mgetJob[2m > [22m[2mshould return a job by provider and jobId
[22m[39m[job-state-db] DEPRECATED: closeJobDb() called without cwd. Use closeAllJobDbs() for explicit intent.

[90mstderr[2m | src/__tests__/job-state-db.test.ts[2m > [22m[2mjob-state-db[2m > [22m[2mgetJob[2m > [22m[2mshould return null for non-existent job
[22m[39m[job-state-db] DEPRECATED: using _lastCwd fallback. Pass cwd explicitly.

[90mstdout[2m | tests/reliability/retry-manager.test.ts[2m > [22m[2mRetryManager[2m > [22m[2mshould use exponential backoff
[22m[39m[RetryManager] Attempt 3 failed: fail
[RetryManager] Retrying in 400ms...

[90mstderr[2m | src/__tests__/job-state-db.test.ts[2m > [22m[2mjob-state-db[2m > [22m[2mgetJob[2m > [22m[2mshould return null for non-existent job
[22m[39m[job-state-db] DEPRECATED: closeJobDb() called without cwd. Use closeAllJobDbs() for explicit intent.

[90mstderr[2m | src/__tests__/job-state-db.test.ts[2m > [22m[2mjob-state-db[2m > [22m[2mgetJob[2m > [22m[2mshould handle both providers independently
[22m[39m[job-state-db] DEPRECATED: using _lastCwd fallback. Pass cwd explicitly.
[job-state-db] DEPRECATED: using _lastCwd fallback. Pass cwd explicitly.
[job-state-db] DEPRECATED: using _lastCwd fallback. Pass cwd explicitly.
[job-state-db] DEPRECATED: using _lastCwd fallback. Pass cwd explicitly.

[90mstderr[2m | src/__tests__/job-state-db.test.ts[2m > [22m[2mjob-state-db[2m > [22m[2mgetJob[2m > [22m[2mshould handle both providers independently
[22m[39m[job-state-db] DEPRECATED: closeJobDb() called without cwd. Use closeAllJobDbs() for explicit intent.

[90mstderr[2m | src/__tests__/job-state-db.test.ts[2m > [22m[2mjob-state-db[2m > [22m[2mgetJob[2m > [22m[2mshould correctly map boolean fields
[22m[39m[job-state-db] DEPRECATED: using _lastCwd fallback. Pass cwd explicitly.
[job-state-db] DEPRECATED: using _lastCwd fallback. Pass cwd explicitly.

[90mstderr[2m | src/__tests__/job-state-db.test.ts[2m > [22m[2mjob-state-db[2m > [22m[2mgetJob[2m > [22m[2mshould correctly map boolean fields
[22m[39m[job-state-db] DEPRECATED: closeJobDb() called without cwd. Use closeAllJobDbs() for explicit intent.

[90mstderr[2m | src/__tests__/job-state-db.test.ts[2m > [22m[2mjob-state-db[2m > [22m[2mgetJob[2m > [22m[2mshould return null when db is not initialized
[22m[39m[job-state-db] DEPRECATED: closeJobDb() called without cwd. Use closeAllJobDbs() for explicit intent.

[90mstderr[2m | src/__tests__/job-state-db.test.ts[2m > [22m[2mjob-state-db[2m > [22m[2mgetJobsByStatus[2m > [22m[2mshould filter by status for all providers
[22m[39m[job-state-db] DEPRECATED: using _lastCwd fallback. Pass cwd explicitly.
[job-state-db] DEPRECATED: using _lastCwd fallback. Pass cwd explicitly.
[job-state-db] DEPRECATED: using _lastCwd fallback. Pass cwd explicitly.
[job-state-db] DEPRECATED: using _lastCwd fallback. Pass cwd explicitly.

[90mstderr[2m | src/__tests__/job-state-db.test.ts[2m > [22m[2mjob-state-db[2m > [22m[2mgetJobsByStatus[2m > [22m[2mshould filter by status for all providers
[22m[39m[job-state-db] DEPRECATED: closeJobDb() called without cwd. Use closeAllJobDbs() for explicit intent.

[90mstderr[2m | src/__tests__/job-state-db.test.ts[2m > [22m[2mjob-state-db[2m > [22m[2mgetJobsByStatus[2m > [22m[2mshould filter by provider and status
[22m[39m[job-state-db] DEPRECATED: using _lastCwd fallback. Pass cwd explicitly.
[job-state-db] DEPRECATED: using _lastCwd fallback. Pass cwd explicitly.
[job-state-db] DEPRECATED: using _lastCwd fallback. Pass cwd explicitly.

[90mstderr[2m | src/__tests__/job-state-db.test.ts[2m > [22m[2mjob-state-db[2m > [22m[2mgetJobsByStatus[2m > [22m[2mshould filter by provider and status
[22m[39m[job-state-db] DEPRECATED: closeJobDb() called without cwd. Use closeAllJobDbs() for explicit intent.

[90mstderr[2m | src/__tests__/job-state-db.test.ts[2m > [22m[2mjob-state-db[2m > [22m[2mgetJobsByStatus[2m > [22m[2mshould return empty array when no matches
[22m[39m[job-state-db] DEPRECATED: using _lastCwd fallback. Pass cwd explicitly.
[job-state-db] DEPRECATED: using _lastCwd fallback. Pass cwd explicitly.

[90mstderr[2m | src/__tests__/job-state-db.test.ts[2m > [22m[2mjob-state-db[2m > [22m[2mgetJobsByStatus[2m > [22m[2mshould return empty array when no matches
[22m[39m[job-state-db] DEPRECATED: closeJobDb() called without cwd. Use closeAllJobDbs() for explicit intent.

[90mstderr[2m | src/__tests__/job-state-db.test.ts[2m > [22m[2mjob-state-db[2m > [22m[2mgetJobsByStatus[2m > [22m[2mshould return empty array when db is not initialized
[22m[39m[job-state-db] DEPRECATED: closeJobDb() called without cwd. Use closeAllJobDbs() for explicit intent.

[90mstderr[2m | src/__tests__/job-state-db.test.ts[2m > [22m[2mjob-state-db[2m > [22m[2mgetActiveJobs[2m > [22m[2mshould return spawned and running jobs
[22m[39m[job-state-db] DEPRECATED: using _lastCwd fallback. Pass cwd explicitly.
[job-state-db] DEPRECATED: using _lastCwd fallback. Pass cwd explicitly.
[job-state-db] DEPRECATED: using _lastCwd fallback. Pass cwd explicitly.
[job-state-db] DEPRECATED: using _lastCwd fallback. Pass cwd explicitly.
[job-state-db] DEPRECATED: using _lastCwd fallback. Pass cwd explicitly.

[90mstderr[2m | src/__tests__/job-state-db.test.ts[2m > [22m[2mjob-state-db[2m > [22m[2mgetActiveJobs[2m > [22m[2mshould return spawned and running jobs
[22m[39m[job-state-db] DEPRECATED: closeJobDb() called without cwd. Use closeAllJobDbs() for explicit intent.

[90mstderr[2m | src/__tests__/job-state-db.test.ts[2m > [22m[2mjob-state-db[2m > [22m[2mgetActiveJobs[2m > [22m[2mshould filter by provider
[22m[39m[job-state-db] DEPRECATED: using _lastCwd fallback. Pass cwd explicitly.
[job-state-db] DEPRECATED: using _lastCwd fallback. Pass cwd explicitly.
[job-state-db] DEPRECATED: using _lastCwd fallback. Pass cwd explicitly.

[90mstderr[2m | src/__tests__/job-state-db.test.ts[2m > [22m[2mjob-state-db[2m > [22m[2mgetActiveJobs[2m > [22m[2mshould filter by provider
[22m[39m[job-state-db] DEPRECATED: closeJobDb() called without cwd. Use closeAllJobDbs() for explicit intent.

[90mstderr[2m | src/__tests__/job-state-db.test.ts[2m > [22m[2mjob-state-db[2m > [22m[2mgetActiveJobs[2m > [22m[2mshould return empty array when no active jobs
[22m[39m[job-state-db] DEPRECATED: using _lastCwd fallback. Pass cwd explicitly.
[job-state-db] DEPRECATED: using _lastCwd fallback. Pass cwd explicitly.

[90mstderr[2m | src/__tests__/job-state-db.test.ts[2m > [22m[2mjob-state-db[2m > [22m[2mgetActiveJobs[2m > [22m[2mshould return empty array when no active jobs
[22m[39m[job-state-db] DEPRECATED: closeJobDb() called without cwd. Use closeAllJobDbs() for explicit intent.

[90mstderr[2m | src/__tests__/job-state-db.test.ts[2m > [22m[2mjob-state-db[2m > [22m[2mgetActiveJobs[2m > [22m[2mshould return empty array when db is not initialized
[22m[39m[job-state-db] DEPRECATED: closeJobDb() called without cwd. Use closeAllJobDbs() for explicit intent.

[90mstderr[2m | src/__tests__/job-state-db.test.ts[2m > [22m[2mjob-state-db[2m > [22m[2mgetActiveJobs[2m > [22m[2mshould include timeout status as not active
[22m[39m[job-state-db] DEPRECATED: using _lastCwd fallback. Pass cwd explicitly.
[job-state-db] DEPRECATED: using _lastCwd fallback. Pass cwd explicitly.
[job-state-db] DEPRECATED: using _lastCwd fallback. Pass cwd explicitly.

[90mstderr[2m | src/__tests__/job-state-db.test.ts[2m > [22m[2mjob-state-db[2m > [22m[2mgetActiveJobs[2m > [22m[2mshould include timeout status as not active
[22m[39m[job-state-db] DEPRECATED: closeJobDb() called without cwd. Use closeAllJobDbs() for explicit intent.

[90mstderr[2m | src/__tests__/job-state-db.test.ts[2m > [22m[2mjob-state-db[2m > [22m[2mgetRecentJobs[2m > [22m[2mshould return jobs within time window
[22m[39m[job-state-db] DEPRECATED: using _lastCwd fallback. Pass cwd explicitly.
[job-state-db] DEPRECATED: using _lastCwd fallback. Pass cwd explicitly.
[job-state-db] DEPRECATED: using _lastCwd fallback. Pass cwd explicitly.

[90mstderr[2m | src/__tests__/job-state-db.test.ts[2m > [22m[2mjob-state-db[2m > [22m[2mgetRecentJobs[2m > [22m[2mshould return jobs within time window
[22m[39m[job-state-db] DEPRECATED: closeJobDb() called without cwd. Use closeAllJobDbs() for explicit intent.

[90mstderr[2m | src/__tests__/job-state-db.test.ts[2m > [22m[2mjob-state-db[2m > [22m[2mgetRecentJobs[2m > [22m[2mshould filter by provider
[22m[39m[job-state-db] DEPRECATED: using _lastCwd fallback. Pass cwd explicitly.
[job-state-db] DEPRECATED: using _lastCwd fallback. Pass cwd explicitly.
[job-state-db] DEPRECATED: using _lastCwd fallback. Pass cwd explicitly.

[90mstderr[2m | src/__tests__/job-state-db.test.ts[2m > [22m[2mjob-state-db[2m > [22m[2mgetRecentJobs[2m > [22m[2mshould filter by provider
[22m[39m[job-state-db] DEPRECATED: closeJobDb() called without cwd. Use closeAllJobDbs() for explicit intent.

[90mstderr[2m | src/__tests__/job-state-db.test.ts[2m > [22m[2mjob-state-db[2m > [22m[2mgetRecentJobs[2m > [22m[2mshould use default time window of 1 hour
[22m[39m[job-state-db] DEPRECATED: using _lastCwd fallback. Pass cwd explicitly.
[job-state-db] DEPRECATED: using _lastCwd fallback. Pass cwd explicitly.
[job-state-db] DEPRECATED: using _lastCwd fallback. Pass cwd explicitly.

[90mstderr[2m | src/__tests__/job-state-db.test.ts[2m > [22m[2mjob-state-db[2m > [22m[2mgetRecentJobs[2m > [22m[2mshould use default time window of 1 hour
[22m[39m[job-state-db] DEPRECATED: closeJobDb() called without cwd. Use closeAllJobDbs() for explicit intent.

[90mstdout[2m | tests/reliability/retry-manager.test.ts[2m > [22m[2mRetryManager[2m > [22m[2mshould use exponential backoff
[22m[39m[RetryManager] Attempt 4 failed: fail

[90mstdout[2m | tests/reliability/retry-manager.test.ts[2m > [22m[2mRetryManager[2m > [22m[2mshould use default options
[22m[39m[RetryManager] Attempt 1 failed: fail
[RetryManager] Retrying in 1000ms...

[90mstderr[2m | src/__tests__/job-state-db.test.ts[2m > [22m[2mjob-state-db[2m > [22m[2mgetRecentJobs[2m > [22m[2mshould return empty array when db is not initialized
[22m[39m[job-state-db] DEPRECATED: closeJobDb() called without cwd. Use closeAllJobDbs() for explicit intent.

[90mstderr[2m | src/__tests__/job-state-db.test.ts[2m > [22m[2mjob-state-db[2m > [22m[2mupdateJobStatus[2m > [22m[2mshould update specific fields
[22m[39m[job-state-db] DEPRECATED: using _lastCwd fallback. Pass cwd explicitly.
[job-state-db] DEPRECATED: using _lastCwd fallback. Pass cwd explicitly.
[job-state-db] DEPRECATED: using _lastCwd fallback. Pass cwd explicitly.

[90mstderr[2m | src/__tests__/job-state-db.test.ts[2m > [22m[2mjob-state-db[2m > [22m[2mupdateJobStatus[2m > [22m[2mshould update specific fields
[22m[39m[job-state-db] DEPRECATED: closeJobDb() called without cwd. Use closeAllJobDbs() for explicit intent.

[90mstderr[2m | src/__tests__/job-state-db.test.ts[2m > [22m[2mjob-state-db[2m > [22m[2mupdateJobStatus[2m > [22m[2mshould return true even if no fields to update
[22m[39m[job-state-db] DEPRECATED: using _lastCwd fallback. Pass cwd explicitly.
[job-state-db] DEPRECATED: using _lastCwd fallback. Pass cwd explicitly.

[90mstderr[2m | src/__tests__/job-state-db.test.ts[2m > [22m[2mjob-state-db[2m > [22m[2mupdateJobStatus[2m > [22m[2mshould return true even if no fields to update
[22m[39m[job-state-db] DEPRECATED: closeJobDb() called without cwd. Use closeAllJobDbs() for explicit intent.

[90mstderr[2m | src/__tests__/job-state-db.test.ts[2m > [22m[2mjob-state-db[2m > [22m[2mupdateJobStatus[2m > [22m[2mshould update pid field
[22m[39m[job-state-db] DEPRECATED: using _lastCwd fallback. Pass cwd explicitly.
[job-state-db] DEPRECATED: using _lastCwd fallback. Pass cwd explicitly.
[job-state-db] DEPRECATED: using _lastCwd fallback. Pass cwd explicitly.

[90mstderr[2m | src/__tests__/job-state-db.test.ts[2m > [22m[2mjob-state-db[2m > [22m[2mupdateJobStatus[2m > [22m[2mshould update pid field
[22m[39m[job-state-db] DEPRECATED: closeJobDb() called without cwd. Use closeAllJobDbs() for explicit intent.

[90mstderr[2m | src/__tests__/job-state-db.test.ts[2m > [22m[2mjob-state-db[2m > [22m[2mupdateJobStatus[2m > [22m[2mshould update error field
[22m[39m[job-state-db] DEPRECATED: using _lastCwd fallback. Pass cwd explicitly.
[job-state-db] DEPRECATED: using _lastCwd fallback. Pass cwd explicitly.
[job-state-db] DEPRECATED: using _lastCwd fallback. Pass cwd explicitly.

[90mstderr[2m | src/__tests__/job-state-db.test.ts[2m > [22m[2mjob-state-db[2m > [22m[2mupdateJobStatus[2m > [22m[2mshould update error field
[22m[39m[job-state-db] DEPRECATED: closeJobDb() called without cwd. Use closeAllJobDbs() for explicit intent.

[90mstderr[2m | src/__tests__/job-state-db.test.ts[2m > [22m[2mjob-state-db[2m > [22m[2mupdateJobStatus[2m > [22m[2mshould update fallback fields
[22m[39m[job-state-db] DEPRECATED: using _lastCwd fallback. Pass cwd explicitly.
[job-state-db] DEPRECATED: using _lastCwd fallback. Pass cwd explicitly.
[job-state-db] DEPRECATED: using _lastCwd fallback. Pass cwd explicitly.

[90mstderr[2m | src/__tests__/job-state-db.test.ts[2m > [22m[2mjob-state-db[2m > [22m[2mupdateJobStatus[2m > [22m[2mshould update fallback fields
[22m[39m[job-state-db] DEPRECATED: closeJobDb() called without cwd. Use closeAllJobDbs() for explicit intent.

[90mstderr[2m | src/__tests__/job-state-db.test.ts[2m > [22m[2mjob-state-db[2m > [22m[2mupdateJobStatus[2m > [22m[2mshould update killedByUser field
[22m[39m[job-state-db] DEPRECATED: using _lastCwd fallback. Pass cwd explicitly.
[job-state-db] DEPRECATED: using _lastCwd fallback. Pass cwd explicitly.
[job-state-db] DEPRECATED: using _lastCwd fallback. Pass cwd explicitly.

[90mstderr[2m | src/__tests__/job-state-db.test.ts[2m > [22m[2mjob-state-db[2m > [22m[2mupdateJobStatus[2m > [22m[2mshould update killedByUser field
[22m[39m[job-state-db] DEPRECATED: closeJobDb() called without cwd. Use closeAllJobDbs() for explicit intent.

[90mstderr[2m | src/__tests__/job-state-db.test.ts[2m > [22m[2mjob-state-db[2m > [22m[2mupdateJobStatus[2m > [22m[2mshould update slug, model, and agentRole fields
[22m[39m[job-state-db] DEPRECATED: using _lastCwd fallback. Pass cwd explicitly.
[job-state-db] DEPRECATED: using _lastCwd fallback. Pass cwd explicitly.
[job-state-db] DEPRECATED: using _lastCwd fallback. Pass cwd explicitly.

[90mstderr[2m | src/__tests__/job-state-db.test.ts[2m > [22m[2mjob-state-db[2m > [22m[2mupdateJobStatus[2m > [22m[2mshould update slug, model, and agentRole fields
[22m[39m[job-state-db] DEPRECATED: closeJobDb() called without cwd. Use closeAllJobDbs() for explicit intent.

[90mstderr[2m | src/__tests__/job-state-db.test.ts[2m > [22m[2mjob-state-db[2m > [22m[2mupdateJobStatus[2m > [22m[2mshould return false when db is not initialized
[22m[39m[job-state-db] DEPRECATED: closeJobDb() called without cwd. Use closeAllJobDbs() for explicit intent.

[90mstderr[2m | src/__tests__/job-state-db.test.ts[2m > [22m[2mjob-state-db[2m > [22m[2mdeleteJob[2m > [22m[2mshould delete a job
[22m[39m[job-state-db] DEPRECATED: using _lastCwd fallback. Pass cwd explicitly.
[job-state-db] DEPRECATED: using _lastCwd fallback. Pass cwd explicitly.
[job-state-db] DEPRECATED: using _lastCwd fallback. Pass cwd explicitly.

[90mstderr[2m | src/__tests__/job-state-db.test.ts[2m > [22m[2mjob-state-db[2m > [22m[2mdeleteJob[2m > [22m[2mshould delete a job
[22m[39m[job-state-db] DEPRECATED: closeJobDb() called without cwd. Use closeAllJobDbs() for explicit intent.

[90mstderr[2m | src/__tests__/job-state-db.test.ts[2m > [22m[2mjob-state-db[2m > [22m[2mdeleteJob[2m > [22m[2mshould succeed even if job does not exist
[22m[39m[job-state-db] DEPRECATED: using _lastCwd fallback. Pass cwd explicitly.

[90mstderr[2m | src/__tests__/job-state-db.test.ts[2m > [22m[2mjob-state-db[2m > [22m[2mdeleteJob[2m > [22m[2mshould succeed even if job does not exist
[22m[39m[job-state-db] DEPRECATED: closeJobDb() called without cwd. Use closeAllJobDbs() for explicit intent.

[90mstderr[2m | src/__tests__/job-state-db.test.ts[2m > [22m[2mjob-state-db[2m > [22m[2mdeleteJob[2m > [22m[2mshould only delete the specified provider job
[22m[39m[job-state-db] DEPRECATED: using _lastCwd fallback. Pass cwd explicitly.
[job-state-db] DEPRECATED: using _lastCwd fallback. Pass cwd explicitly.
[job-state-db] DEPRECATED: using _lastCwd fallback. Pass cwd explicitly.
[job-state-db] DEPRECATED: using _lastCwd fallback. Pass cwd explicitly.
[job-state-db] DEPRECATED: using _lastCwd fallback. Pass cwd explicitly.

[90mstderr[2m | src/__tests__/job-state-db.test.ts[2m > [22m[2mjob-state-db[2m > [22m[2mdeleteJob[2m > [22m[2mshould only delete the specified provider job
[22m[39m[job-state-db] DEPRECATED: closeJobDb() called without cwd. Use closeAllJobDbs() for explicit intent.

[90mstderr[2m | src/__tests__/job-state-db.test.ts[2m > [22m[2mjob-state-db[2m > [22m[2mdeleteJob[2m > [22m[2mshould return false when db is not initialized
[22m[39m[job-state-db] DEPRECATED: closeJobDb() called without cwd. Use closeAllJobDbs() for explicit intent.

[90mstderr[2m | src/__tests__/job-state-db.test.ts[2m > [22m[2mjob-state-db[2m > [22m[2mmigrateFromJsonFiles[2m > [22m[2mshould import valid status JSON files
[22m[39m[job-state-db] DEPRECATED: using _lastCwd fallback. Pass cwd explicitly.
[job-state-db] DEPRECATED: using _lastCwd fallback. Pass cwd explicitly.
[job-state-db] DEPRECATED: using _lastCwd fallback. Pass cwd explicitly.

[90mstderr[2m | src/__tests__/job-state-db.test.ts[2m > [22m[2mjob-state-db[2m > [22m[2mmigrateFromJsonFiles[2m > [22m[2mshould import valid status JSON files
[22m[39m[job-state-db] DEPRECATED: closeJobDb() called without cwd. Use closeAllJobDbs() for explicit intent.

[90mstderr[2m | src/__tests__/job-state-db.test.ts[2m > [22m[2mjob-state-db[2m > [22m[2mmigrateFromJsonFiles[2m > [22m[2mshould skip malformed files
[22m[39m[job-state-db] DEPRECATED: using _lastCwd fallback. Pass cwd explicitly.

[90mstderr[2m | src/__tests__/job-state-db.test.ts[2m > [22m[2mjob-state-db[2m > [22m[2mmigrateFromJsonFiles[2m > [22m[2mshould skip malformed files
[22m[39m[job-state-db] DEPRECATED: closeJobDb() called without cwd. Use closeAllJobDbs() for explicit intent.

[90mstderr[2m | src/__tests__/job-state-db.test.ts[2m > [22m[2mjob-state-db[2m > [22m[2mmigrateFromJsonFiles[2m > [22m[2mshould return zero counts for empty directory
[22m[39m[job-state-db] DEPRECATED: using _lastCwd fallback. Pass cwd explicitly.

[90mstderr[2m | src/__tests__/job-state-db.test.ts[2m > [22m[2mjob-state-db[2m > [22m[2mmigrateFromJsonFiles[2m > [22m[2mshould return zero counts for empty directory
[22m[39m[job-state-db] DEPRECATED: closeJobDb() called without cwd. Use closeAllJobDbs() for explicit intent.

[90mstderr[2m | src/__tests__/job-state-db.test.ts[2m > [22m[2mjob-state-db[2m > [22m[2mmigrateFromJsonFiles[2m > [22m[2mshould import multiple files in a transaction
[22m[39m[job-state-db] DEPRECATED: using _lastCwd fallback. Pass cwd explicitly.
[job-state-db] DEPRECATED: using _lastCwd fallback. Pass cwd explicitly.
[job-state-db] DEPRECATED: using _lastCwd fallback. Pass cwd explicitly.
[job-state-db] DEPRECATED: using _lastCwd fallback. Pass cwd explicitly.
[job-state-db] DEPRECATED: using _lastCwd fallback. Pass cwd explicitly.

[90mstderr[2m | src/__tests__/job-state-db.test.ts[2m > [22m[2mjob-state-db[2m > [22m[2mmigrateFromJsonFiles[2m > [22m[2mshould import multiple files in a transaction
[22m[39m[job-state-db] DEPRECATED: closeJobDb() called without cwd. Use closeAllJobDbs() for explicit intent.

[90mstderr[2m | src/__tests__/job-state-db.test.ts[2m > [22m[2mjob-state-db[2m > [22m[2mmigrateFromJsonFiles[2m > [22m[2mshould skip files missing required fields
[22m[39m[job-state-db] DEPRECATED: using _lastCwd fallback. Pass cwd explicitly.

[90mstderr[2m | src/__tests__/job-state-db.test.ts[2m > [22m[2mjob-state-db[2m > [22m[2mmigrateFromJsonFiles[2m > [22m[2mshould skip files missing required fields
[22m[39m[job-state-db] DEPRECATED: closeJobDb() called without cwd. Use closeAllJobDbs() for explicit intent.

[90mstderr[2m | src/__tests__/job-state-db.test.ts[2m > [22m[2mjob-state-db[2m > [22m[2mmigrateFromJsonFiles[2m > [22m[2mshould handle non-existent directory gracefully
[22m[39m[job-state-db] DEPRECATED: using _lastCwd fallback. Pass cwd explicitly.

[90mstderr[2m | src/__tests__/job-state-db.test.ts[2m > [22m[2mjob-state-db[2m > [22m[2mmigrateFromJsonFiles[2m > [22m[2mshould handle non-existent directory gracefully
[22m[39m[job-state-db] DEPRECATED: closeJobDb() called without cwd. Use closeAllJobDbs() for explicit intent.

[90mstderr[2m | src/__tests__/job-state-db.test.ts[2m > [22m[2mjob-state-db[2m > [22m[2mmigrateFromJsonFiles[2m > [22m[2mshould return zero counts when db is not initialized
[22m[39m[job-state-db] DEPRECATED: closeJobDb() called without cwd. Use closeAllJobDbs() for explicit intent.

[90mstderr[2m | src/__tests__/job-state-db.test.ts[2m > [22m[2mjob-state-db[2m > [22m[2mcleanupOldJobs[2m > [22m[2mshould remove old terminal jobs
[22m[39m[job-state-db] DEPRECATED: using _lastCwd fallback. Pass cwd explicitly.
[job-state-db] DEPRECATED: using _lastCwd fallback. Pass cwd explicitly.
[job-state-db] DEPRECATED: using _lastCwd fallback. Pass cwd explicitly.
[job-state-db] DEPRECATED: using _lastCwd fallback. Pass cwd explicitly.
[job-state-db] DEPRECATED: using _lastCwd fallback. Pass cwd explicitly.
[job-state-db] DEPRECATED: using _lastCwd fallback. Pass cwd explicitly.
[job-state-db] DEPRECATED: using _lastCwd fallback. Pass cwd explicitly.
[job-state-db] DEPRECATED: using _lastCwd fallback. Pass cwd explicitly.
[job-state-db] DEPRECATED: using _lastCwd fallback. Pass cwd explicitly.

[90mstderr[2m | src/__tests__/job-state-db.test.ts[2m > [22m[2mjob-state-db[2m > [22m[2mcleanupOldJobs[2m > [22m[2mshould remove old terminal jobs
[22m[39m[job-state-db] DEPRECATED: closeJobDb() called without cwd. Use closeAllJobDbs() for explicit intent.

[90mstderr[2m | src/__tests__/job-state-db.test.ts[2m > [22m[2mjob-state-db[2m > [22m[2mcleanupOldJobs[2m > [22m[2mshould not remove active jobs regardless of age
[22m[39m[job-state-db] DEPRECATED: using _lastCwd fallback. Pass cwd explicitly.
[job-state-db] DEPRECATED: using _lastCwd fallback. Pass cwd explicitly.
[job-state-db] DEPRECATED: using _lastCwd fallback. Pass cwd explicitly.
[job-state-db] DEPRECATED: using _lastCwd fallback. Pass cwd explicitly.
[job-state-db] DEPRECATED: using _lastCwd fallback. Pass cwd explicitly.

[90mstderr[2m | src/__tests__/job-state-db.test.ts[2m > [22m[2mjob-state-db[2m > [22m[2mcleanupOldJobs[2m > [22m[2mshould not remove active jobs regardless of age
[22m[39m[job-state-db] DEPRECATED: closeJobDb() called without cwd. Use closeAllJobDbs() for explicit intent.

[90mstderr[2m | src/__tests__/job-state-db.test.ts[2m > [22m[2mjob-state-db[2m > [22m[2mcleanupOldJobs[2m > [22m[2mshould remove timeout status jobs
[22m[39m[job-state-db] DEPRECATED: using _lastCwd fallback. Pass cwd explicitly.
[job-state-db] DEPRECATED: using _lastCwd fallback. Pass cwd explicitly.
[job-state-db] DEPRECATED: using _lastCwd fallback. Pass cwd explicitly.

[90mstderr[2m | src/hooks/__tests__/priority-chain.test.ts[2m > [22m[2mHook Priority Chain[2m > [22m[2mStop Phase Priority Chain[2m > [22m[2mshould prioritize ralph over autopilot
[22m[39m[worktree] non-git directory provided, falling back to process root {
  directory: [32m'C:\\Users\\ljyih\\AppData\\Local\\Temp\\hook-priority-test-1773476351656'[39m
}

[90mstderr[2m | src/__tests__/job-state-db.test.ts[2m > [22m[2mjob-state-db[2m > [22m[2mcleanupOldJobs[2m > [22m[2mshould remove timeout status jobs
[22m[39m[job-state-db] DEPRECATED: closeJobDb() called without cwd. Use closeAllJobDbs() for explicit intent.

[90mstderr[2m | src/__tests__/job-state-db.test.ts[2m > [22m[2mjob-state-db[2m > [22m[2mcleanupOldJobs[2m > [22m[2mshould use default max age of 24 hours
[22m[39m[job-state-db] DEPRECATED: using _lastCwd fallback. Pass cwd explicitly.
[job-state-db] DEPRECATED: using _lastCwd fallback. Pass cwd explicitly.
[job-state-db] DEPRECATED: using _lastCwd fallback. Pass cwd explicitly.
[job-state-db] DEPRECATED: using _lastCwd fallback. Pass cwd explicitly.
[job-state-db] DEPRECATED: using _lastCwd fallback. Pass cwd explicitly.

[90mstderr[2m | src/__tests__/job-state-db.test.ts[2m > [22m[2mjob-state-db[2m > [22m[2mcleanupOldJobs[2m > [22m[2mshould use default max age of 24 hours
[22m[39m[job-state-db] DEPRECATED: closeJobDb() called without cwd. Use closeAllJobDbs() for explicit intent.

[90mstderr[2m | src/__tests__/job-state-db.test.ts[2m > [22m[2mjob-state-db[2m > [22m[2mcleanupOldJobs[2m > [22m[2mshould return 0 when db is not initialized
[22m[39m[job-state-db] DEPRECATED: closeJobDb() called without cwd. Use closeAllJobDbs() for explicit intent.

[90mstderr[2m | src/__tests__/job-state-db.test.ts[2m > [22m[2mjob-state-db[2m > [22m[2mcleanupOldJobs[2m > [22m[2mshould return 0 when no jobs to clean
[22m[39m[job-state-db] DEPRECATED: using _lastCwd fallback. Pass cwd explicitly.
[job-state-db] DEPRECATED: using _lastCwd fallback. Pass cwd explicitly.

[90mstderr[2m | src/__tests__/job-state-db.test.ts[2m > [22m[2mjob-state-db[2m > [22m[2mcleanupOldJobs[2m > [22m[2mshould return 0 when no jobs to clean
[22m[39m[job-state-db] DEPRECATED: closeJobDb() called without cwd. Use closeAllJobDbs() for explicit intent.

[90mstderr[2m | src/__tests__/job-state-db.test.ts[2m > [22m[2mjob-state-db[2m > [22m[2mgetJobStats[2m > [22m[2mshould return correct counts
[22m[39m[job-state-db] DEPRECATED: using _lastCwd fallback. Pass cwd explicitly.
[job-state-db] DEPRECATED: using _lastCwd fallback. Pass cwd explicitly.
[job-state-db] DEPRECATED: using _lastCwd fallback. Pass cwd explicitly.
[job-state-db] DEPRECATED: using _lastCwd fallback. Pass cwd explicitly.
[job-state-db] DEPRECATED: using _lastCwd fallback. Pass cwd explicitly.
[job-state-db] DEPRECATED: using _lastCwd fallback. Pass cwd explicitly.

[90mstderr[2m | src/__tests__/job-state-db.test.ts[2m > [22m[2mjob-state-db[2m > [22m[2mgetJobStats[2m > [22m[2mshould return correct counts
[22m[39m[job-state-db] DEPRECATED: closeJobDb() called without cwd. Use closeAllJobDbs() for explicit intent.

[90mstderr[2m | src/__tests__/job-state-db.test.ts[2m > [22m[2mjob-state-db[2m > [22m[2mgetJobStats[2m > [22m[2mshould return all zeros for empty db
[22m[39m[job-state-db] DEPRECATED: using _lastCwd fallback. Pass cwd explicitly.

[90mstderr[2m | src/__tests__/job-state-db.test.ts[2m > [22m[2mjob-state-db[2m > [22m[2mgetJobStats[2m > [22m[2mshould return all zeros for empty db
[22m[39m[job-state-db] DEPRECATED: closeJobDb() called without cwd. Use closeAllJobDbs() for explicit intent.

[90mstdout[2m | src/__tests__/job-management.test.ts[2m > [22m[2mjob-management[2m > [22m[2mhandleKillJob[2m > [22m[2msignal validation[2m > [22m[2mallows SIGTERM
[22m[39m[WorkerFactory] Using SQLite adapter

[90mstderr[2m | src/__tests__/job-state-db.test.ts[2m > [22m[2mjob-state-db[2m > [22m[2mgetJobStats[2m > [22m[2mshould count both providers together
[22m[39m[job-state-db] DEPRECATED: using _lastCwd fallback. Pass cwd explicitly.
[job-state-db] DEPRECATED: using _lastCwd fallback. Pass cwd explicitly.
[job-state-db] DEPRECATED: using _lastCwd fallback. Pass cwd explicitly.

[90mstderr[2m | src/__tests__/job-state-db.test.ts[2m > [22m[2mjob-state-db[2m > [22m[2mgetJobStats[2m > [22m[2mshould count both providers together
[22m[39m[job-state-db] DEPRECATED: closeJobDb() called without cwd. Use closeAllJobDbs() for explicit intent.

[90mstderr[2m | src/__tests__/job-state-db.test.ts[2m > [22m[2mjob-state-db[2m > [22m[2mgetJobStats[2m > [22m[2mshould return null when db is not initialized
[22m[39m[job-state-db] DEPRECATED: closeJobDb() called without cwd. Use closeAllJobDbs() for explicit intent.

[90mstderr[2m | src/__tests__/job-state-db.test.ts[2m > [22m[2mjob-state-db[2m > [22m[2mgetJobSummaryForPreCompact[2m > [22m[2mshould return empty string when no jobs
[22m[39m[job-state-db] DEPRECATED: using _lastCwd fallback. Pass cwd explicitly.
[job-state-db] DEPRECATED: using _lastCwd fallback. Pass cwd explicitly.
[job-state-db] DEPRECATED: using _lastCwd fallback. Pass cwd explicitly.
[job-state-db] DEPRECATED: using _lastCwd fallback. Pass cwd explicitly.

[90mstderr[2m | src/__tests__/job-state-db.test.ts[2m > [22m[2mjob-state-db[2m > [22m[2mgetJobSummaryForPreCompact[2m > [22m[2mshould return empty string when no jobs
[22m[39m[job-state-db] DEPRECATED: closeJobDb() called without cwd. Use closeAllJobDbs() for explicit intent.

[90mstderr[2m | src/__tests__/job-state-db.test.ts[2m > [22m[2mjob-state-db[2m > [22m[2mgetJobSummaryForPreCompact[2m > [22m[2mshould include active jobs
[22m[39m[job-state-db] DEPRECATED: using _lastCwd fallback. Pass cwd explicitly.
[job-state-db] DEPRECATED: using _lastCwd fallback. Pass cwd explicitly.
[job-state-db] DEPRECATED: using _lastCwd fallback. Pass cwd explicitly.
[job-state-db] DEPRECATED: using _lastCwd fallback. Pass cwd explicitly.
[job-state-db] DEPRECATED: using _lastCwd fallback. Pass cwd explicitly.

[90mstderr[2m | src/__tests__/job-state-db.test.ts[2m > [22m[2mjob-state-db[2m > [22m[2mgetJobSummaryForPreCompact[2m > [22m[2mshould include active jobs
[22m[39m[job-state-db] DEPRECATED: closeJobDb() called without cwd. Use closeAllJobDbs() for explicit intent.

[90mstderr[2m | src/__tests__/job-state-db.test.ts[2m > [22m[2mjob-state-db[2m > [22m[2mgetJobSummaryForPreCompact[2m > [22m[2mshould include recent completed jobs
[22m[39m[job-state-db] DEPRECATED: using _lastCwd fallback. Pass cwd explicitly.
[job-state-db] DEPRECATED: using _lastCwd fallback. Pass cwd explicitly.
[job-state-db] DEPRECATED: using _lastCwd fallback. Pass cwd explicitly.
[job-state-db] DEPRECATED: using _lastCwd fallback. Pass cwd explicitly.
[job-state-db] DEPRECATED: using _lastCwd fallback. Pass cwd explicitly.

[90mstderr[2m | src/__tests__/job-state-db.test.ts[2m > [22m[2mjob-state-db[2m > [22m[2mgetJobSummaryForPreCompact[2m > [22m[2mshould include recent completed jobs
[22m[39m[job-state-db] DEPRECATED: closeJobDb() called without cwd. Use closeAllJobDbs() for explicit intent.

[90mstderr[2m | src/__tests__/job-state-db.test.ts[2m > [22m[2mjob-state-db[2m > [22m[2mgetJobSummaryForPreCompact[2m > [22m[2mshould include job stats
[22m[39m[job-state-db] DEPRECATED: using _lastCwd fallback. Pass cwd explicitly.
[job-state-db] DEPRECATED: using _lastCwd fallback. Pass cwd explicitly.
[job-state-db] DEPRECATED: using _lastCwd fallback. Pass cwd explicitly.
[job-state-db] DEPRECATED: using _lastCwd fallback. Pass cwd explicitly.
[job-state-db] DEPRECATED: using _lastCwd fallback. Pass cwd explicitly.
[job-state-db] DEPRECATED: using _lastCwd fallback. Pass cwd explicitly.

[90mstderr[2m | src/__tests__/job-state-db.test.ts[2m > [22m[2mjob-state-db[2m > [22m[2mgetJobSummaryForPreCompact[2m > [22m[2mshould include job stats
[22m[39m[job-state-db] DEPRECATED: closeJobDb() called without cwd. Use closeAllJobDbs() for explicit intent.

[90mstderr[2m | src/__tests__/job-state-db.test.ts[2m > [22m[2mjob-state-db[2m > [22m[2mgetJobSummaryForPreCompact[2m > [22m[2mshould show elapsed time for active jobs
[22m[39m[job-state-db] DEPRECATED: using _lastCwd fallback. Pass cwd explicitly.
[job-state-db] DEPRECATED: using _lastCwd fallback. Pass cwd explicitly.
[job-state-db] DEPRECATED: using _lastCwd fallback. Pass cwd explicitly.
[job-state-db] DEPRECATED: using _lastCwd fallback. Pass cwd explicitly.
[job-state-db] DEPRECATED: using _lastCwd fallback. Pass cwd explicitly.

[90mstderr[2m | src/__tests__/job-state-db.test.ts[2m > [22m[2mjob-state-db[2m > [22m[2mgetJobSummaryForPreCompact[2m > [22m[2mshould show elapsed time for active jobs
[22m[39m[job-state-db] DEPRECATED: closeJobDb() called without cwd. Use closeAllJobDbs() for explicit intent.

[90mstderr[2m | src/__tests__/job-state-db.test.ts[2m > [22m[2mjob-state-db[2m > [22m[2mgetJobSummaryForPreCompact[2m > [22m[2mshould show fallback information
[22m[39m[job-state-db] DEPRECATED: using _lastCwd fallback. Pass cwd explicitly.
[job-state-db] DEPRECATED: using _lastCwd fallback. Pass cwd explicitly.
[job-state-db] DEPRECATED: using _lastCwd fallback. Pass cwd explicitly.
[job-state-db] DEPRECATED: using _lastCwd fallback. Pass cwd explicitly.
[job-state-db] DEPRECATED: using _lastCwd fallback. Pass cwd explicitly.

[90mstderr[2m | src/__tests__/job-state-db.test.ts[2m > [22m[2mjob-state-db[2m > [22m[2mgetJobSummaryForPreCompact[2m > [22m[2mshould show fallback information
[22m[39m[job-state-db] DEPRECATED: closeJobDb() called without cwd. Use closeAllJobDbs() for explicit intent.

[90mstderr[2m | src/hooks/__tests__/bridge-routing.test.ts[2m > [22m[2mprocessHook - Routing Matrix[2m > [22m[2mHookType routing[2m > [22m[2mshould route "stop-continuation" and return a valid HookOutput
[22m[39m[worktree] non-git directory provided, falling back to process root { directory: [32m'C:\\tmp\\test-routing'[39m }

[90mstderr[2m | src/__tests__/job-state-db.test.ts[2m > [22m[2mjob-state-db[2m > [22m[2mgetJobSummaryForPreCompact[2m > [22m[2mshould show error messages
[22m[39m[job-state-db] DEPRECATED: using _lastCwd fallback. Pass cwd explicitly.
[job-state-db] DEPRECATED: using _lastCwd fallback. Pass cwd explicitly.
[job-state-db] DEPRECATED: using _lastCwd fallback. Pass cwd explicitly.
[job-state-db] DEPRECATED: using _lastCwd fallback. Pass cwd explicitly.
[job-state-db] DEPRECATED: using _lastCwd fallback. Pass cwd explicitly.

[90mstderr[2m | src/__tests__/job-state-db.test.ts[2m > [22m[2mjob-state-db[2m > [22m[2mgetJobSummaryForPreCompact[2m > [22m[2mshould show error messages
[22m[39m[job-state-db] DEPRECATED: closeJobDb() called without cwd. Use closeAllJobDbs() for explicit intent.

[90mstderr[2m | src/__tests__/job-state-db.test.ts[2m > [22m[2mjob-state-db[2m > [22m[2mgetJobSummaryForPreCompact[2m > [22m[2mshould truncate long error messages
[22m[39m[job-state-db] DEPRECATED: using _lastCwd fallback. Pass cwd explicitly.
[job-state-db] DEPRECATED: using _lastCwd fallback. Pass cwd explicitly.
[job-state-db] DEPRECATED: using _lastCwd fallback. Pass cwd explicitly.
[job-state-db] DEPRECATED: using _lastCwd fallback. Pass cwd explicitly.
[job-state-db] DEPRECATED: using _lastCwd fallback. Pass cwd explicitly.

[90mstderr[2m | src/__tests__/job-state-db.test.ts[2m > [22m[2mjob-state-db[2m > [22m[2mgetJobSummaryForPreCompact[2m > [22m[2mshould truncate long error messages
[22m[39m[job-state-db] DEPRECATED: closeJobDb() called without cwd. Use closeAllJobDbs() for explicit intent.

[90mstdout[2m | tests/reliability/retry-manager.test.ts[2m > [22m[2mRetryManager[2m > [22m[2mshould use default options
[22m[39m[RetryManager] Attempt 2 failed: fail
[RetryManager] Retrying in 2000ms...

[90mstderr[2m | src/__tests__/job-state-db.test.ts[2m > [22m[2mjob-state-db[2m > [22m[2mgetJobSummaryForPreCompact[2m > [22m[2mshould limit recent jobs to 10
[22m[39m[job-state-db] DEPRECATED: using _lastCwd fallback. Pass cwd explicitly.
[job-state-db] DEPRECATED: using _lastCwd fallback. Pass cwd explicitly.
[job-state-db] DEPRECATED: using _lastCwd fallback. Pass cwd explicitly.
[job-state-db] DEPRECATED: using _lastCwd fallback. Pass cwd explicitly.
[job-state-db] DEPRECATED: using _lastCwd fallback. Pass cwd explicitly.
[job-state-db] DEPRECATED: using _lastCwd fallback. Pass cwd explicitly.
[job-state-db] DEPRECATED: using _lastCwd fallback. Pass cwd explicitly.
[job-state-db] DEPRECATED: using _lastCwd fallback. Pass cwd explicitly.
[job-state-db] DEPRECATED: using _lastCwd fallback. Pass cwd explicitly.
[job-state-db] DEPRECATED: using _lastCwd fallback. Pass cwd explicitly.
[job-state-db] DEPRECATED: using _lastCwd fallback. Pass cwd explicitly.
[job-state-db] DEPRECATED: using _lastCwd fallback. Pass cwd explicitly.
[job-state-db] DEPRECATED: using _lastCwd fallback. Pass cwd explicitly.
[job-state-db] DEPRECATED: using _lastCwd fallback. Pass cwd explicitly.
[job-state-db] DEPRECATED: using _lastCwd fallback. Pass cwd explicitly.
[job-state-db] DEPRECATED: using _lastCwd fallback. Pass cwd explicitly.
[job-state-db] DEPRECATED: using _lastCwd fallback. Pass cwd explicitly.
[job-state-db] DEPRECATED: using _lastCwd fallback. Pass cwd explicitly.
[job-state-db] DEPRECATED: using _lastCwd fallback. Pass cwd explicitly.

[90mstderr[2m | src/__tests__/job-state-db.test.ts[2m > [22m[2mjob-state-db[2m > [22m[2mgetJobSummaryForPreCompact[2m > [22m[2mshould limit recent jobs to 10
[22m[39m[job-state-db] DEPRECATED: closeJobDb() called without cwd. Use closeAllJobDbs() for explicit intent.

[90mstderr[2m | src/__tests__/job-state-db.test.ts[2m > [22m[2mjob-state-db[2m > [22m[2mgetJobSummaryForPreCompact[2m > [22m[2mshould only show recent jobs from last hour
[22m[39m[job-state-db] DEPRECATED: using _lastCwd fallback. Pass cwd explicitly.
[job-state-db] DEPRECATED: using _lastCwd fallback. Pass cwd explicitly.
[job-state-db] DEPRECATED: using _lastCwd fallback. Pass cwd explicitly.
[job-state-db] DEPRECATED: using _lastCwd fallback. Pass cwd explicitly.
[job-state-db] DEPRECATED: using _lastCwd fallback. Pass cwd explicitly.
[job-state-db] DEPRECATED: using _lastCwd fallback. Pass cwd explicitly.

[90mstderr[2m | src/__tests__/job-state-db.test.ts[2m > [22m[2mjob-state-db[2m > [22m[2mgetJobSummaryForPreCompact[2m > [22m[2mshould only show recent jobs from last hour
[22m[39m[job-state-db] DEPRECATED: closeJobDb() called without cwd. Use closeAllJobDbs() for explicit intent.

[90mstderr[2m | src/__tests__/job-state-db.test.ts[2m > [22m[2mjob-state-db[2m > [22m[2mgetJobSummaryForPreCompact[2m > [22m[2mshould show both codex and gemini jobs
[22m[39m[job-state-db] DEPRECATED: using _lastCwd fallback. Pass cwd explicitly.
[job-state-db] DEPRECATED: using _lastCwd fallback. Pass cwd explicitly.
[job-state-db] DEPRECATED: using _lastCwd fallback. Pass cwd explicitly.
[job-state-db] DEPRECATED: using _lastCwd fallback. Pass cwd explicitly.
[job-state-db] DEPRECATED: using _lastCwd fallback. Pass cwd explicitly.
[job-state-db] DEPRECATED: using _lastCwd fallback. Pass cwd explicitly.

[90mstderr[2m | src/__tests__/job-state-db.test.ts[2m > [22m[2mjob-state-db[2m > [22m[2mgetJobSummaryForPreCompact[2m > [22m[2mshould show both codex and gemini jobs
[22m[39m[job-state-db] DEPRECATED: closeJobDb() called without cwd. Use closeAllJobDbs() for explicit intent.

[90mstderr[2m | src/__tests__/job-state-db.test.ts[2m > [22m[2mjob-state-db[2m > [22m[2mgetJobSummaryForPreCompact[2m > [22m[2mshould return empty string when db is not initialized
[22m[39m[job-state-db] DEPRECATED: closeJobDb() called without cwd. Use closeAllJobDbs() for explicit intent.

 [32m✓[39m src/__tests__/job-state-db.test.ts [2m([22m[2m74 tests[22m[2m)[22m[33m 1924[2mms[22m[39m
 [32m✓[39m src/hooks/ultrapilot/__tests__/index-core.test.ts [2m([22m[2m22 tests[22m[2m)[22m[33m 1127[2mms[22m[39m
       [33m[2m✓[22m[39m 跟踪 worker 进度 [33m 532[2mms[22m[39m
[90mstderr[2m | src/hooks/__tests__/bridge-routing.test.ts[2m > [22m[2mprocessHook - Routing Matrix[2m > [22m[2mHookType routing[2m > [22m[2mshould route "ralph" and return a valid HookOutput
[22m[39m[worktree] non-git directory provided, falling back to process root { directory: [32m'C:\\tmp\\test-routing'[39m }

[90mstderr[2m | src/hooks/__tests__/bridge-routing.test.ts[2m > [22m[2mprocessHook - Routing Matrix[2m > [22m[2mHookType routing[2m > [22m[2mshould route "persistent-mode" and return a valid HookOutput
[22m[39m[worktree] non-git directory provided, falling back to process root { directory: [32m'C:\\tmp\\test-routing'[39m }

[90mstderr[2m | src/hooks/session-end/__tests__/nexus-integration.test.ts[2m > [22m[2mprocessSessionEnd nexus integration[2m > [22m[2mprocessSessionEnd completes without throwing when nexus enabled
[22m[39m[worktree] non-git directory provided, falling back to process root {
  directory: [32m'C:\\Users\\ljyih\\AppData\\Local\\Temp\\nexus-int-LONDna'[39m
}

[90mstderr[2m | src/hooks/__tests__/bridge-routing.test.ts[2m > [22m[2mprocessHook - Routing Matrix[2m > [22m[2mHookType routing[2m > [22m[2mshould route "session-start" and return a valid HookOutput
[22m[39m[worktree] non-git directory provided, falling back to process root { directory: [32m'C:\\tmp\\test-routing'[39m }

[90mstderr[2m | src/hooks/session-end/__tests__/nexus-integration.test.ts[2m > [22m[2mprocessSessionEnd nexus integration[2m > [22m[2mprocessSessionEnd completes without throwing when nexus enabled
[22m[39m[worktree] non-git directory provided, falling back to process root {
  directory: [32m'C:\\Users\\ljyih\\AppData\\Local\\Temp\\nexus-int-LONDna'[39m
}

[90mstderr[2m | src/hooks/__tests__/priority-chain.test.ts[2m > [22m[2mHook Priority Chain[2m > [22m[2mStop Phase Priority Chain[2m > [22m[2mshould prioritize autopilot over ultrawork
[22m[39m[worktree] non-git directory provided, falling back to process root {
  directory: [32m'C:\\Users\\ljyih\\AppData\\Local\\Temp\\hook-priority-test-1773476353068'[39m
}

[90mstderr[2m | src/hooks/__tests__/priority-chain.test.ts[2m > [22m[2mHook Priority Chain[2m > [22m[2mStop Phase Priority Chain[2m > [22m[2mshould fall back to stop-continuation when no high-priority hooks active
[22m[39m[worktree] non-git directory provided, falling back to process root {
  directory: [32m'C:\\Users\\ljyih\\AppData\\Local\\Temp\\hook-priority-test-1773476353296'[39m
}

[90mstderr[2m | src/hooks/__tests__/bridge-routing.test.ts[2m > [22m[2mprocessHook - Routing Matrix[2m > [22m[2mHookType routing[2m > [22m[2mshould route "session-end" and return a valid HookOutput
[22m[39m[worktree] non-git directory provided, falling back to process root { directory: [32m'C:\\tmp\\test-routing'[39m }

[90mstderr[2m | src/hooks/__tests__/priority-chain.test.ts[2m > [22m[2mHook Priority Chain[2m > [22m[2mSession-End Hook (Cleanup Order)[2m > [22m[2mshould execute cleanup in correct order
[22m[39m[worktree] non-git directory provided, falling back to process root {
  directory: [32m'C:\\Users\\ljyih\\AppData\\Local\\Temp\\hook-priority-test-1773476353697'[39m
}

[90mstderr[2m | src/hooks/__tests__/bridge-routing.test.ts[2m > [22m[2mprocessHook - Routing Matrix[2m > [22m[2mHookType routing[2m > [22m[2mshould route "session-end" and return a valid HookOutput
[22m[39m[worktree] non-git directory provided, falling back to process root { directory: [32m'C:\\tmp\\test-routing'[39m }

[90mstderr[2m | src/hooks/__tests__/priority-chain.test.ts[2m > [22m[2mHook Priority Chain[2m > [22m[2mSession-End Hook (Cleanup Order)[2m > [22m[2mshould execute cleanup in correct order
[22m[39m[worktree] non-git directory provided, falling back to process root {
  directory: [32m'C:\\Users\\ljyih\\AppData\\Local\\Temp\\hook-priority-test-1773476353697'[39m
}

[90mstdout[2m | tests/reliability/retry-manager.test.ts[2m > [22m[2mRetryManager[2m > [22m[2mshould use default options
[22m[39m[RetryManager] Attempt 3 failed: fail
[RetryManager] Retrying in 4000ms...

 [32m✓[39m src/features/speckit-core/__tests__/core.test.ts [2m([22m[2m7 tests[22m[2m)[22m[33m 3863[2mms[22m[39m
     [33m[2m✓[22m[39m should generate constitution with project analysis [33m 665[2mms[22m[39m
     [33m[2m✓[22m[39m should format constitution [33m 527[2mms[22m[39m
     [33m[2m✓[22m[39m should generate specification with feature type inference [33m 463[2mms[22m[39m
     [33m[2m✓[22m[39m should generate plan with dependencies [33m 1025[2mms[22m[39m
     [33m[2m✓[22m[39m should reject invalid feature names in plan [33m 496[2mms[22m[39m
     [33m[2m✓[22m[39m should generate tasks with proper dependencies [33m 671[2mms[22m[39m
 [32m✓[39m src/team/__tests__/edge-cases.test.ts [2m([22m[2m67 tests[22m[2m)[22m[33m 1391[2mms[22m[39m
 [32m✓[39m src/notifications/__tests__/session-registry.test.ts [2m([22m[2m20 tests[22m[2m)[22m[33m 4474[2mms[22m[39m
       [33m[2m✓[22m[39m does not drop writes under contention (eventually appends) [33m 837[2mms[22m[39m
       [33m[2m✓[22m[39m retries across lock-timeout windows and eventually appends [33m 2424[2mms[22m[39m
       [33m[2m✓[22m[39m does not reap stale lock when owner pid is still alive [33m 801[2mms[22m[39m
 [32m✓[39m src/hooks/autopilot/__tests__/validation.test.ts [2m([22m[2m47 tests[22m[2m)[22m[33m 2055[2mms[22m[39m
[90mstderr[2m | src/hooks/__tests__/priority-chain.test.ts[2m > [22m[2mHook Priority Chain[2m > [22m[2mTool Error and Success Hooks[2m > [22m[2mshould handle tool-error hook
[22m[39m[worktree] non-git directory provided, falling back to process root {
  directory: [32m'C:\\Users\\ljyih\\AppData\\Local\\Temp\\hook-priority-test-1773476354946'[39m
}

[90mstderr[2m | src/hooks/__tests__/priority-chain.test.ts[2m > [22m[2mHook Priority Chain[2m > [22m[2mTool Error and Success Hooks[2m > [22m[2mshould handle tool-success hook
[22m[39m[worktree] non-git directory provided, falling back to process root {
  directory: [32m'C:\\Users\\ljyih\\AppData\\Local\\Temp\\hook-priority-test-1773476355302'[39m
}

fatal: ambiguous argument 'HEAD': unknown revision or path not in the working tree.
Use '--' to separate paths from revisions, like this:
'git <command> [<revision>...] -- [<file>...]'
 [32m✓[39m src/hooks/workflow-gate/__tests__/git-helper.test.ts [2m([22m[2m3 tests[22m[2m)[22m[33m 4122[2mms[22m[39m
     [33m[2m✓[22m[39m should return changed files [33m 1489[2mms[22m[39m
     [33m[2m✓[22m[39m should return empty array when no changes [33m 1589[2mms[22m[39m
     [33m[2m✓[22m[39m should return empty array on git error [33m 1041[2mms[22m[39m
[90mstderr[2m | src/hooks/__tests__/bridge-routing.test.ts[2m > [22m[2mprocessHook - Routing Matrix[2m > [22m[2mHookType routing[2m > [22m[2mshould route "pre-tool-use" and return a valid HookOutput
[22m[39m[worktree] non-git directory provided, falling back to process root { directory: [32m'C:\\tmp\\test-routing'[39m }

[90mstdout[2m | src/team/__tests__/worker-restart.test.ts[2m > [22m[2mworker-restart[2m > [22m[2mshouldRestart[2m > [22m[2mreturns base backoff for first restart
[22m[39m[WorkerFactory] Using SQLite adapter

[90mstdout[2m | src/team/__tests__/worker-restart.test.ts[2m > [22m[2mworker-restart[2m > [22m[2mshouldRestart[2m > [22m[2mreturns base backoff for first restart
[22m[39m[WorkerFactory] Using SQLite adapter

[90mstderr[2m | src/hooks/__tests__/bridge-routing.test.ts[2m > [22m[2mprocessHook - Routing Matrix[2m > [22m[2mHookType routing[2m > [22m[2mshould route "post-tool-use" and return a valid HookOutput
[22m[39m[worktree] non-git directory provided, falling back to process root { directory: [32m'C:\\tmp\\test-routing'[39m }

[90mstderr[2m | src/hooks/__tests__/priority-chain.test.ts[2m > [22m[2mHook Priority Chain[2m > [22m[2mAll 15 HookTypes Coverage[2m > [22m[2mshould process all 15 HookTypes without errors
[22m[39m[worktree] non-git directory provided, falling back to process root {
  directory: [32m'C:\\Users\\ljyih\\AppData\\Local\\Temp\\hook-priority-test-1773476355616'[39m
}

[90mstderr[2m | src/hooks/__tests__/bridge-routing.test.ts[2m > [22m[2mprocessHook - Routing Matrix[2m > [22m[2mHookType routing[2m > [22m[2mshould route "autopilot" and return a valid HookOutput
[22m[39m[worktree] non-git directory provided, falling back to process root { directory: [32m'C:\\tmp\\test-routing'[39m }

[90mstderr[2m | src/hooks/__tests__/priority-chain.test.ts[2m > [22m[2mHook Priority Chain[2m > [22m[2mAll 15 HookTypes Coverage[2m > [22m[2mshould process all 15 HookTypes without errors
[22m[39m[worktree] non-git directory provided, falling back to process root {
  directory: [32m'C:\\Users\\ljyih\\AppData\\Local\\Temp\\hook-priority-test-1773476355616'[39m
}

[90mstdout[2m | src/team/__tests__/worker-restart.test.ts[2m > [22m[2mworker-restart[2m > [22m[2mshouldRestart[2m > [22m[2mreturns exponential backoff values
[22m[39m[WorkerFactory] Using SQLite adapter

[90mstdout[2m | src/team/__tests__/worker-restart.test.ts[2m > [22m[2mworker-restart[2m > [22m[2mshouldRestart[2m > [22m[2mreturns exponential backoff values
[22m[39m[WorkerFactory] Using SQLite adapter

[90mstdout[2m | src/team/__tests__/worker-restart.test.ts[2m > [22m[2mworker-restart[2m > [22m[2mshouldRestart[2m > [22m[2mreturns exponential backoff values
[22m[39m[WorkerFactory] Using SQLite adapter

[90mstdout[2m | src/team/__tests__/worker-restart.test.ts[2m > [22m[2mworker-restart[2m > [22m[2mshouldRestart[2m > [22m[2mreturns exponential backoff values
[22m[39m[WorkerFactory] Using SQLite adapter

[90mstderr[2m | src/hooks/__tests__/bridge-routing.test.ts[2m > [22m[2mprocessHook - Routing Matrix[2m > [22m[2mHookType routing[2m > [22m[2mshould route "pre-compact" and return a valid HookOutput
[22m[39m[job-state-db] DEPRECATED: using _lastCwd fallback. Pass cwd explicitly.
[job-state-db] DEPRECATED: using _lastCwd fallback. Pass cwd explicitly.
[job-state-db] DEPRECATED: using _lastCwd fallback. Pass cwd explicitly.

[90mstderr[2m | src/hooks/session-end/__tests__/session-end-bridge-cleanup.test.ts[2m > [22m[2mprocessSessionEnd python bridge cleanup[2m > [22m[2mpasses extracted python_repl sessions to cleanupBridgeSessions
[22m[39m[worktree] non-git directory provided, falling back to process root {
  directory: [32m'C:\\Users\\ljyih\\AppData\\Local\\Temp\\omc-session-end-bridge-YNXWTU'[39m
}

[90mstderr[2m | src/hooks/__tests__/priority-chain.test.ts[2m > [22m[2mHook Priority Chain[2m > [22m[2mAll 15 HookTypes Coverage[2m > [22m[2mshould process all 15 HookTypes without errors
[22m[39m[worktree] non-git directory provided, falling back to process root {
  directory: [32m'C:\\Users\\ljyih\\AppData\\Local\\Temp\\hook-priority-test-1773476355616'[39m
}

[90mstdout[2m | src/team/__tests__/worker-restart.test.ts[2m > [22m[2mworker-restart[2m > [22m[2mshouldRestart[2m > [22m[2mcaps backoff at backoffMaxMs
[22m[39m[WorkerFactory] Using SQLite adapter

[90mstdout[2m | src/team/__tests__/worker-restart.test.ts[2m > [22m[2mworker-restart[2m > [22m[2mshouldRestart[2m > [22m[2mcaps backoff at backoffMaxMs
[22m[39m[WorkerFactory] Using SQLite adapter

[90mstdout[2m | src/team/__tests__/worker-restart.test.ts[2m > [22m[2mworker-restart[2m > [22m[2mshouldRestart[2m > [22m[2mcaps backoff at backoffMaxMs
[22m[39m[WorkerFactory] Using SQLite adapter

[90mstdout[2m | src/team/__tests__/worker-restart.test.ts[2m > [22m[2mworker-restart[2m > [22m[2mshouldRestart[2m > [22m[2mcaps backoff at backoffMaxMs
[22m[39m[WorkerFactory] Using SQLite adapter

[90mstdout[2m | src/team/__tests__/worker-restart.test.ts[2m > [22m[2mworker-restart[2m > [22m[2mshouldRestart[2m > [22m[2mcaps backoff at backoffMaxMs
[22m[39m[WorkerFactory] Using SQLite adapter

[90mstdout[2m | src/team/__tests__/worker-restart.test.ts[2m > [22m[2mworker-restart[2m > [22m[2mshouldRestart[2m > [22m[2mcaps backoff at backoffMaxMs
[22m[39m[WorkerFactory] Using SQLite adapter

[90mstdout[2m | src/team/__tests__/worker-restart.test.ts[2m > [22m[2mworker-restart[2m > [22m[2mshouldRestart[2m > [22m[2mcaps backoff at backoffMaxMs
[22m[39m[WorkerFactory] Using SQLite adapter

[90mstdout[2m | src/team/__tests__/worker-restart.test.ts[2m > [22m[2mworker-restart[2m > [22m[2mshouldRestart[2m > [22m[2mcaps backoff at backoffMaxMs
[22m[39m[WorkerFactory] Using SQLite adapter

[90mstderr[2m | src/hooks/session-end/__tests__/session-end-bridge-cleanup.test.ts[2m > [22m[2mprocessSessionEnd python bridge cleanup[2m > [22m[2mpasses extracted python_repl sessions to cleanupBridgeSessions
[22m[39m[worktree] non-git directory provided, falling back to process root {
  directory: [32m'C:\\Users\\ljyih\\AppData\\Local\\Temp\\omc-session-end-bridge-YNXWTU'[39m
}

[90mstderr[2m | src/hooks/__tests__/priority-chain.test.ts[2m > [22m[2mHook Priority Chain[2m > [22m[2mAll 15 HookTypes Coverage[2m > [22m[2mshould process all 15 HookTypes without errors
[22m[39m[worktree] non-git directory provided, falling back to process root {
  directory: [32m'C:\\Users\\ljyih\\AppData\\Local\\Temp\\hook-priority-test-1773476355616'[39m
}

 [32m✓[39m src/__tests__/cli-config-stop-callback.test.ts [2m([22m[2m2 tests[22m[2m)[22m[33m 5973[2mms[22m[39m
     [33m[2m✓[22m[39m updates telegram tagList options and preserves existing config fields [33m 3244[2mms[22m[39m
     [33m[2m✓[22m[39m applies and clears discord tags and ignores tag options for file callback [33m 2727[2mms[22m[39m
[90mstderr[2m | src/hooks/__tests__/priority-chain.test.ts[2m > [22m[2mHook Priority Chain[2m > [22m[2mAll 15 HookTypes Coverage[2m > [22m[2mshould process all 15 HookTypes without errors
[22m[39m[worktree] non-git directory provided, falling back to process root {
  directory: [32m'C:\\Users\\ljyih\\AppData\\Local\\Temp\\hook-priority-test-1773476355616'[39m
}

[90mstdout[2m | src/team/__tests__/worker-restart.test.ts[2m > [22m[2mworker-restart[2m > [22m[2mshouldRestart[2m > [22m[2mreturns null after max restarts
[22m[39m[WorkerFactory] Using SQLite adapter

[90mstdout[2m | src/team/__tests__/worker-restart.test.ts[2m > [22m[2mworker-restart[2m > [22m[2mshouldRestart[2m > [22m[2mreturns null after max restarts
[22m[39m[WorkerFactory] Using SQLite adapter

[90mstdout[2m | src/team/__tests__/worker-restart.test.ts[2m > [22m[2mworker-restart[2m > [22m[2mshouldRestart[2m > [22m[2mreturns null after max restarts
[22m[39m[WorkerFactory] Using SQLite adapter

[90mstdout[2m | src/team/__tests__/worker-restart.test.ts[2m > [22m[2mworker-restart[2m > [22m[2mshouldRestart[2m > [22m[2mreturns null after max restarts
[22m[39m[WorkerFactory] Using SQLite adapter

[90mstdout[2m | src/team/__tests__/worker-restart.test.ts[2m > [22m[2mworker-restart[2m > [22m[2mshouldRestart[2m > [22m[2mreturns null after max restarts
[22m[39m[WorkerFactory] Using SQLite adapter

[90mstdout[2m | src/team/__tests__/worker-restart.test.ts[2m > [22m[2mworker-restart[2m > [22m[2mshouldRestart[2m > [22m[2mreturns null after max restarts
[22m[39m[WorkerFactory] Using SQLite adapter

[90mstderr[2m | src/hooks/__tests__/bridge-routing.test.ts[2m > [22m[2mprocessHook - Routing Matrix[2m > [22m[2mHookType routing[2m > [22m[2mshould handle keyword-detector with a keyword prompt
[22m[39m[worktree] non-git directory provided, falling back to process root { directory: [32m'C:\\tmp\\test-routing'[39m }

[90mstderr[2m | src/hooks/__tests__/priority-chain.test.ts[2m > [22m[2mHook Priority Chain[2m > [22m[2mAll 15 HookTypes Coverage[2m > [22m[2mshould process all 15 HookTypes without errors
[22m[39m[worktree] non-git directory provided, falling back to process root {
  directory: [32m'C:\\Users\\ljyih\\AppData\\Local\\Temp\\hook-priority-test-1773476355616'[39m
}

 [32m✓[39m src/hooks/guards/__tests__/index.test.ts [2m([22m[2m27 tests[22m[2m)[22m[33m 662[2mms[22m[39m
[90mstderr[2m | src/hooks/__tests__/bridge-routing.test.ts[2m > [22m[2mprocessHook - Routing Matrix[2m > [22m[2mHookType routing[2m > [22m[2mshould handle pre-tool-use with Bash tool input
[22m[39m[worktree] non-git directory provided, falling back to process root { directory: [32m'C:\\tmp\\test-routing'[39m }

[90mstdout[2m | src/team/__tests__/worker-restart.test.ts[2m > [22m[2mworker-restart[2m > [22m[2mshouldRestart[2m > [22m[2muses custom policy
[22m[39m[WorkerFactory] Using SQLite adapter

[90mstdout[2m | src/team/__tests__/worker-restart.test.ts[2m > [22m[2mworker-restart[2m > [22m[2mshouldRestart[2m > [22m[2muses custom policy
[22m[39m[WorkerFactory] Using SQLite adapter

 [32m✓[39m src/features/ccg/__tests__/incremental-processor.test.ts [2m([22m[2m3 tests[22m[2m)[22m[33m 6230[2mms[22m[39m
     [33m[2m✓[22m[39m detects changed files [33m 2113[2mms[22m[39m
     [33m[2m✓[22m[39m detects untracked files [33m 1963[2mms[22m[39m
     [33m[2m✓[22m[39m gets all changed files [33m 2151[2mms[22m[39m
[90mstderr[2m | src/hooks/__tests__/bridge-routing.test.ts[2m > [22m[2mprocessHook - Routing Matrix[2m > [22m[2mHookType routing[2m > [22m[2mshould handle post-tool-use with tool output
[22m[39m[worktree] non-git directory provided, falling back to process root { directory: [32m'C:\\tmp\\test-routing'[39m }

[90mstderr[2m | src/hooks/__tests__/bridge-routing.test.ts[2m > [22m[2mprocessHook - Routing Matrix[2m > [22m[2mHookType routing[2m > [22m[2mshould handle session-start and return continue:true
[22m[39m[worktree] non-git directory provided, falling back to process root { directory: [32m'C:\\tmp\\test-routing'[39m }

[90mstdout[2m | src/team/__tests__/worker-restart.test.ts[2m > [22m[2mworker-restart[2m > [22m[2mrecordRestart[2m > [22m[2mcreates restart state on first call
[22m[39m[WorkerFactory] Using SQLite adapter

[90mstdout[2m | src/team/__tests__/worker-restart.test.ts[2m > [22m[2mworker-restart[2m > [22m[2mrecordRestart[2m > [22m[2mcreates restart state on first call
[22m[39m[WorkerFactory] Using SQLite adapter

[90mstdout[2m | src/team/__tests__/worker-restart.test.ts[2m > [22m[2mworker-restart[2m > [22m[2mrecordRestart[2m > [22m[2mcreates restart state on first call
[22m[39m[WorkerFactory] Using SQLite adapter

[90mstdout[2m | src/team/__tests__/worker-restart.test.ts[2m > [22m[2mworker-restart[2m > [22m[2mrecordRestart[2m > [22m[2mcreates restart state on first call
[22m[39m[WorkerFactory] Using SQLite adapter

[90mstderr[2m | src/hooks/__tests__/bridge-routing.test.ts[2m > [22m[2mprocessHook - Routing Matrix[2m > [22m[2mHookType routing[2m > [22m[2mshould handle stop-continuation and always return continue:true
[22m[39m[worktree] non-git directory provided, falling back to process root { directory: [32m'C:\\tmp\\test-routing'[39m }

[90mstderr[2m | src/hooks/__tests__/priority-chain.test.ts[2m > [22m[2mHook Priority Chain[2m > [22m[2mAll 15 HookTypes Coverage[2m > [22m[2mshould process all 15 HookTypes without errors
[22m[39m[worktree] non-git directory provided, falling back to process root {
  directory: [32m'C:\\Users\\ljyih\\AppData\\Local\\Temp\\hook-priority-test-1773476355616'[39m
}

[90mstderr[2m | src/hooks/__tests__/bridge-routing.test.ts[2m > [22m[2mprocessHook - Routing Matrix[2m > [22m[2minput normalization[2m > [22m[2mshould normalize snake_case tool_name to camelCase toolName
[22m[39m[worktree] non-git directory provided, falling back to process root { directory: [32m'C:\\tmp\\test-routing'[39m }

[90mstderr[2m | src/hooks/__tests__/priority-chain.test.ts[2m > [22m[2mHook Priority Chain[2m > [22m[2mAll 15 HookTypes Coverage[2m > [22m[2mshould process all 15 HookTypes without errors
[22m[39m[worktree] non-git directory provided, falling back to process root {
  directory: [32m'C:\\Users\\ljyih\\AppData\\Local\\Temp\\hook-priority-test-1773476355616'[39m
}

 [32m✓[39m src/platform/__tests__/process-utils.test.ts [2m([22m[2m18 tests[22m[2m)[22m[33m 6777[2mms[22m[39m
     [33m[2m✓[22m[39m should handle Windows platform with SIGTERM [33m 696[2mms[22m[39m
     [33m[2m✓[22m[39m should handle Windows platform with SIGKILL [33m 836[2mms[22m[39m
     [33m[2m✓[22m[39m should escalate to SIGKILL after grace period [33m 2495[2mms[22m[39m
     [33m[2m✓[22m[39m should return failed if process cannot be killed [33m 2417[2mms[22m[39m
[90mstderr[2m | src/hooks/__tests__/bridge-routing.test.ts[2m > [22m[2mprocessHook - Routing Matrix[2m > [22m[2minput normalization[2m > [22m[2mshould normalize tool_response to toolOutput
[22m[39m[worktree] non-git directory provided, falling back to process root { directory: [32m'C:\\tmp\\test-routing'[39m }

[90mstdout[2m | src/team/__tests__/worker-restart.test.ts[2m > [22m[2mworker-restart[2m > [22m[2mrecordRestart[2m > [22m[2mincrements restart count
[22m[39m[WorkerFactory] Using SQLite adapter

[90mstdout[2m | src/team/__tests__/worker-restart.test.ts[2m > [22m[2mworker-restart[2m > [22m[2mrecordRestart[2m > [22m[2mincrements restart count
[22m[39m[WorkerFactory] Using SQLite adapter

[90mstdout[2m | src/team/__tests__/worker-restart.test.ts[2m > [22m[2mworker-restart[2m > [22m[2mrecordRestart[2m > [22m[2mincrements restart count
[22m[39m[WorkerFactory] Using SQLite adapter

[90mstdout[2m | src/team/__tests__/worker-restart.test.ts[2m > [22m[2mworker-restart[2m > [22m[2mrecordRestart[2m > [22m[2mincrements restart count
[22m[39m[WorkerFactory] Using SQLite adapter

[90mstdout[2m | src/team/__tests__/worker-restart.test.ts[2m > [22m[2mworker-restart[2m > [22m[2mrecordRestart[2m > [22m[2mincrements restart count
[22m[39m[WorkerFactory] Using SQLite adapter

[90mstdout[2m | src/team/__tests__/worker-restart.test.ts[2m > [22m[2mworker-restart[2m > [22m[2mrecordRestart[2m > [22m[2mincrements restart count
[22m[39m[WorkerFactory] Using SQLite adapter

[90mstderr[2m | src/hooks/__tests__/priority-chain.test.ts[2m > [22m[2mHook Priority Chain[2m > [22m[2mAll 15 HookTypes Coverage[2m > [22m[2mshould process all 15 HookTypes without errors
[22m[39m[worktree] non-git directory provided, falling back to process root {
  directory: [32m'C:\\Users\\ljyih\\AppData\\Local\\Temp\\hook-priority-test-1773476355616'[39m
}

[90mstderr[2m | src/hooks/__tests__/bridge-routing.test.ts[2m > [22m[2mprocessHook - Routing Matrix[2m > [22m[2minput normalization[2m > [22m[2mshould handle already-camelCase input without breaking
[22m[39m[worktree] non-git directory provided, falling back to process root { directory: [32m'C:\\tmp\\test-routing'[39m }

[90mstderr[2m | src/hooks/__tests__/bridge-routing.test.ts[2m > [22m[2mprocessHook - Routing Matrix[2m > [22m[2mOMC_SKIP_HOOKS kill-switch[2m > [22m[2mshould not skip hooks not in the list
[22m[39m[worktree] non-git directory provided, falling back to process root { directory: [32m'C:\\tmp\\test-routing'[39m }

[90mstderr[2m | src/hooks/__tests__/priority-chain.test.ts[2m > [22m[2mHook Priority Chain[2m > [22m[2mAll 15 HookTypes Coverage[2m > [22m[2mshould process all 15 HookTypes without errors
[22m[39m[job-state-db] DEPRECATED: using _lastCwd fallback. Pass cwd explicitly.
[job-state-db] DEPRECATED: using _lastCwd fallback. Pass cwd explicitly.
[job-state-db] DEPRECATED: using _lastCwd fallback. Pass cwd explicitly.

[90mstdout[2m | src/team/__tests__/worker-restart.test.ts[2m > [22m[2mworker-restart[2m > [22m[2mrecordRestart[2m > [22m[2mupdates lastRestartAt timestamp
[22m[39m[WorkerFactory] Using SQLite adapter

[90mstdout[2m | src/team/__tests__/worker-restart.test.ts[2m > [22m[2mworker-restart[2m > [22m[2mrecordRestart[2m > [22m[2mupdates lastRestartAt timestamp
[22m[39m[WorkerFactory] Using SQLite adapter

[90mstdout[2m | src/team/__tests__/worker-restart.test.ts[2m > [22m[2mworker-restart[2m > [22m[2mrecordRestart[2m > [22m[2mupdates lastRestartAt timestamp
[22m[39m[WorkerFactory] Using SQLite adapter

[90mstdout[2m | src/team/__tests__/worker-restart.test.ts[2m > [22m[2mworker-restart[2m > [22m[2mrecordRestart[2m > [22m[2mupdates lastRestartAt timestamp
[22m[39m[WorkerFactory] Using SQLite adapter

[90mstdout[2m | src/team/__tests__/worker-restart.test.ts[2m > [22m[2mworker-restart[2m > [22m[2mrecordRestart[2m > [22m[2mupdates lastRestartAt timestamp
[22m[39m[WorkerFactory] Using SQLite adapter

[90mstdout[2m | src/team/__tests__/worker-restart.test.ts[2m > [22m[2mworker-restart[2m > [22m[2mrecordRestart[2m > [22m[2mupdates lastRestartAt timestamp
[22m[39m[WorkerFactory] Using SQLite adapter

[90mstdout[2m | src/team/__tests__/worker-restart.test.ts[2m > [22m[2mworker-restart[2m > [22m[2mrecordRestart[2m > [22m[2mupdates lastRestartAt timestamp
[22m[39m[WorkerFactory] Using SQLite adapter

[90mstderr[2m | src/hooks/__tests__/priority-chain.test.ts[2m > [22m[2mHook Priority Chain[2m > [22m[2mHook Execution Order Validation[2m > [22m[2mshould execute hooks in priority order during Stop phase
[22m[39m[worktree] non-git directory provided, falling back to process root {
  directory: [32m'C:\\Users\\ljyih\\AppData\\Local\\Temp\\hook-priority-test-1773476357536'[39m
}

[90mstderr[2m | src/hooks/__tests__/priority-chain.test.ts[2m > [22m[2mHook Priority Chain[2m > [22m[2mHook Execution Order Validation[2m > [22m[2mshould execute hooks in priority order during Stop phase
[22m[39m[worktree] non-git directory provided, falling back to process root {
  directory: [32m'C:\\Users\\ljyih\\AppData\\Local\\Temp\\hook-priority-test-1773476357536'[39m
}

[90mstdout[2m | src/team/__tests__/worker-restart.test.ts[2m > [22m[2mworker-restart[2m > [22m[2mclearRestartState[2m > [22m[2mremoves restart state
[22m[39m[WorkerFactory] Using SQLite adapter

[90mstdout[2m | src/team/__tests__/worker-restart.test.ts[2m > [22m[2mworker-restart[2m > [22m[2mclearRestartState[2m > [22m[2mremoves restart state
[22m[39m[WorkerFactory] Using SQLite adapter

[90mstdout[2m | src/team/__tests__/worker-restart.test.ts[2m > [22m[2mworker-restart[2m > [22m[2mclearRestartState[2m > [22m[2mremoves restart state
[22m[39m[WorkerFactory] Using SQLite adapter

[90mstdout[2m | src/team/__tests__/worker-restart.test.ts[2m > [22m[2mworker-restart[2m > [22m[2mclearRestartState[2m > [22m[2mremoves restart state
[22m[39m[WorkerFactory] Using SQLite adapter

[90mstdout[2m | src/team/__tests__/worker-restart.test.ts[2m > [22m[2mworker-restart[2m > [22m[2mclearRestartState[2m > [22m[2mremoves restart state
[22m[39m[WorkerFactory] Using SQLite adapter

[90mstdout[2m | src/team/__tests__/worker-restart.test.ts[2m > [22m[2mworker-restart[2m > [22m[2mclearRestartState[2m > [22m[2mremoves restart state
[22m[39m[WorkerFactory] Using SQLite adapter

 [32m✓[39m src/hooks/project-memory/__tests__/integration.test.ts [2m([22m[2m8 tests[22m[2m)[22m[33m 895[2mms[22m[39m
[90mstderr[2m | src/hooks/__tests__/priority-chain.test.ts[2m > [22m[2mHook Priority Chain[2m > [22m[2mHook Execution Order Validation[2m > [22m[2mshould execute hooks in priority order during Stop phase
[22m[39m[worktree] non-git directory provided, falling back to process root {
  directory: [32m'C:\\Users\\ljyih\\AppData\\Local\\Temp\\hook-priority-test-1773476357536'[39m
}

[90mstderr[2m | src/hooks/__tests__/priority-chain.test.ts[2m > [22m[2mHook Priority Chain[2m > [22m[2mHook Timeout Handling[2m > [22m[2mshould handle pre-tool-use timeout (5s default)
[22m[39m[worktree] non-git directory provided, falling back to process root {
  directory: [32m'C:\\Users\\ljyih\\AppData\\Local\\Temp\\hook-priority-test-1773476357848'[39m
}

[90mstdout[2m | src/team/__tests__/worker-restart.test.ts[2m > [22m[2mworker-restart[2m > [22m[2mclearRestartState[2m > [22m[2mdoes not throw for non-existent state
[22m[39m[WorkerFactory] Using SQLite adapter

[90mstderr[2m | src/hooks/__tests__/priority-chain.test.ts[2m > [22m[2mHook Priority Chain[2m > [22m[2mHook Timeout Handling[2m > [22m[2mshould handle post-tool-use timeout (5s default)
[22m[39m[worktree] non-git directory provided, falling back to process root {
  directory: [32m'C:\\Users\\ljyih\\AppData\\Local\\Temp\\hook-priority-test-1773476357926'[39m
}

[90mstderr[2m | src/hooks/__tests__/priority-chain.test.ts[2m > [22m[2mHook Priority Chain[2m > [22m[2mHook Mutual Exclusion[2m > [22m[2mshould respect Stop phase mutual exclusion (high priority blocks low)
[22m[39m[worktree] non-git directory provided, falling back to process root {
  directory: [32m'C:\\Users\\ljyih\\AppData\\Local\\Temp\\hook-priority-test-1773476358035'[39m
}

[90mstderr[2m | src/__tests__/hooks.test.ts[2m > [22m[2mMutual Exclusion - UltraQA and Ralph[2m > [22m[2mRalph mutual exclusion[2m > [22m[2mshould fail to start Ralph when UltraQA is active
[22m[39mCannot start Ralph Loop while UltraQA is active. Cancel UltraQA first with /ultrapower:cancel.

[90mstderr[2m | src/hooks/__tests__/bridge-routing.test.ts[2m > [22m[2mprocessHook - Routing Matrix[2m > [22m[2mcamelCase validation after normalization[2m > [22m[2m"pre-compact" should pass validation with camelCase input (post-normalization)
[22m[39m[job-state-db] DEPRECATED: using _lastCwd fallback. Pass cwd explicitly.
[job-state-db] DEPRECATED: using _lastCwd fallback. Pass cwd explicitly.
[job-state-db] DEPRECATED: using _lastCwd fallback. Pass cwd explicitly.

[90mstderr[2m | src/hooks/__tests__/priority-chain.test.ts[2m > [22m[2mHook Priority Chain[2m > [22m[2mSession Lifecycle Hooks[2m > [22m[2mshould handle session-start hook
[22m[39m[worktree] non-git directory provided, falling back to process root {
  directory: [32m'C:\\Users\\ljyih\\AppData\\Local\\Temp\\hook-priority-test-1773476358285'[39m
}

 [32m✓[39m src/__tests__/hooks.test.ts [2m([22m[2m141 tests[22m[2m)[22m[33m 2453[2mms[22m[39m
     [33m[2m✓[22m[39m restores active Team stage on session-start [33m 529[2mms[22m[39m
     [33m[2m✓[22m[39m allows terminal cleanup when Team stage is cancelled [33m 387[2mms[22m[39m
     [33m[2m✓[22m[39m does not remove reply-session registry on idle Stop/persistent-mode [33m 377[2mms[22m[39m
[90mstderr[2m | src/hooks/__tests__/priority-chain.test.ts[2m > [22m[2mHook Priority Chain[2m > [22m[2mSession Lifecycle Hooks[2m > [22m[2mshould handle pre-compact hook
[22m[39m[job-state-db] DEPRECATED: using _lastCwd fallback. Pass cwd explicitly.
[job-state-db] DEPRECATED: using _lastCwd fallback. Pass cwd explicitly.
[job-state-db] DEPRECATED: using _lastCwd fallback. Pass cwd explicitly.

[90mstdout[2m | tests/reliability/retry-manager.test.ts[2m > [22m[2mRetryManager[2m > [22m[2mshould use default options
[22m[39m[RetryManager] Attempt 4 failed: fail

 [32m✓[39m tests/reliability/retry-manager.test.ts [2m([22m[2m5 tests[22m[2m)[22m[33m 7825[2mms[22m[39m
     [33m[2m✓[22m[39m should use exponential backoff [33m 721[2mms[22m[39m
     [33m[2m✓[22m[39m should use default options [33m 7033[2mms[22m[39m
 [32m✓[39m src/hooks/__tests__/priority-chain.test.ts [2m([22m[2m24 tests[22m[2m)[22m[33m 6858[2mms[22m[39m
       [33m[2m✓[22m[39m should prioritize ralph over autopilot [33m 1413[2mms[22m[39m
       [33m[2m✓[22m[39m should fall back to stop-continuation when no high-priority hooks active [33m 306[2mms[22m[39m
       [33m[2m✓[22m[39m should execute cleanup in correct order [33m 1247[2mms[22m[39m
       [33m[2m✓[22m[39m should handle tool-error hook [33m 357[2mms[22m[39m
       [33m[2m✓[22m[39m should process all 15 HookTypes without errors [33m 1920[2mms[22m[39m
 [32m✓[39m src/team/__tests__/worker-restart.test.ts [2m([22m[2m12 tests[22m[2m)[22m[33m 2928[2mms[22m[39m
 [32m✓[39m src/hooks/autopilot/__tests__/enforcement.test.ts [2m([22m[2m14 tests[22m[2m)[22m[33m 1845[2mms[22m[39m
 [32m✓[39m src/lib/__tests__/worktree-paths.test.ts [2m([22m[2m32 tests[22m[2m)[22m[33m 1626[2mms[22m[39m
       [33m[2m✓[22m[39m should handle bare repositories by falling back and logging [33m 314[2mms[22m[39m
       [33m[2m✓[22m[39m should reject a workingDirectory that resolves to a different git root [33m 417[2mms[22m[39m
 [32m✓[39m src/hooks/__tests__/bridge-routing.test.ts [2m([22m[2m60 tests[22m[2m | [22m[33m1 skipped[39m[2m)[22m[33m 7492[2mms[22m[39m
       [33m[2m✓[22m[39m should route "keyword-detector" and return a valid HookOutput [33m 362[2mms[22m[39m
       [33m[2m✓[22m[39m should route "stop-continuation" and return a valid HookOutput [33m 367[2mms[22m[39m
       [33m[2m✓[22m[39m should route "persistent-mode" and return a valid HookOutput [33m 361[2mms[22m[39m
       [33m[2m✓[22m[39m should route "session-end" and return a valid HookOutput [33m 1142[2mms[22m[39m
       [33m[2m✓[22m[39m should route "pre-tool-use" and return a valid HookOutput [33m 1191[2mms[22m[39m
       [33m[2m✓[22m[39m should route "setup-init" and return a valid HookOutput [33m 305[2mms[22m[39m
       [33m[2m✓[22m[39m "session-end" should pass validation with camelCase input (post-normalization) [33m 766[2mms[22m[39m
       [33m[2m✓[22m[39m snake_case input should be normalized and pass validation [33m 744[2mms[22m[39m
 [32m✓[39m src/tools/diagnostics/__tests__/lsp-aggregator.test.ts [2m([22m[2m7 tests[22m[2m)[22m[33m 1850[2mms[22m[39m
       [33m[2m✓[22m[39m finds and checks TypeScript files [33m 307[2mms[22m[39m
       [33m[2m✓[22m[39m aggregates diagnostics from multiple files [33m 611[2mms[22m[39m
       [33m[2m✓[22m[39m skips ignored directories [33m 315[2mms[22m[39m
       [33m[2m✓[22m[39m continues on LSP client errors [33m 304[2mms[22m[39m
       [33m[2m✓[22m[39m filters files by extensions [33m 303[2mms[22m[39m
 [32m✓[39m src/hooks/recovery/__tests__/storage.test.ts [2m([22m[2m33 tests[22m[2m)[22m[33m 1116[2mms[22m[39m
 [32m✓[39m src/lib/__tests__/race-condition.test.ts [2m([22m[2m4 tests[22m[2m)[22m[33m 519[2mms[22m[39m
 [32m✓[39m src/team/__tests__/bridge-integration.test.ts [2m([22m[2m17 tests[22m[2m)[22m[33m 594[2mms[22m[39m
 [32m✓[39m src/__tests__/cli-notify-profile.test.ts [2m([22m[2m10 tests[22m[2m)[22m[33m 9860[2mms[22m[39m
     [33m[2m✓[22m[39m creates a discord profile and stores it in notificationProfiles [33m 630[2mms[22m[39m
     [33m[2m✓[22m[39m creates a telegram profile [33m 962[2mms[22m[39m
     [33m[2m✓[22m[39m creates a discord-bot profile with --channel-id [33m 1182[2mms[22m[39m
     [33m[2m✓[22m[39m adds multiple platforms to the same profile [33m 1906[2mms[22m[39m
     [33m[2m✓[22m[39m does not affect legacy stopHookCallbacks when using --profile [33m 869[2mms[22m[39m
     [33m[2m✓[22m[39m shows profile config with --show [33m 910[2mms[22m[39m
     [33m[2m✓[22m[39m lists all profiles [33m 801[2mms[22m[39m
     [33m[2m✓[22m[39m shows a specific profile [33m 684[2mms[22m[39m
     [33m[2m✓[22m[39m deletes a profile [33m 854[2mms[22m[39m
     [33m[2m✓[22m[39m shows helpful message when no profiles exist [33m 1058[2mms[22m[39m
 [32m✓[39m src/hooks/autopilot/__tests__/cancel.test.ts [2m([22m[2m55 tests[22m[2m)[22m[33m 2307[2mms[22m[39m
 [32m✓[39m src/hooks/persistent-mode/__tests__/error-handling.test.ts [2m([22m[2m4 tests[22m[2m)[22m[33m 989[2mms[22m[39m
     [33m[2m✓[22m[39m should return continue:true on invalid JSON without hanging [33m 335[2mms[22m[39m
[90mstdout[2m | src/installer/__tests__/install-flow.test.ts[2m > [22m[2minstall - basic flow[2m > [22m[2mrespects verbose option
[22m[39mPlatform: win32 (Node.js hooks)
Creating directories...
Installing agent definitions...
  Skipping accessibility-auditor.md (already exists)
  Skipping AGENTS.md (already exists)
  Skipping analyst.md (already exists)
  Skipping api-designer.md (already exists)
  Skipping api-reviewer.md (already exists)
  Skipping architect.md (already exists)
  Skipping axiom-context-manager.md (already exists)
  Skipping axiom-critic.md (already exists)
  Skipping axiom-domain-expert.md (already exists)
  Skipping axiom-evolution-engine.md (already exists)
  Skipping axiom-prd-crafter.md (already exists)
  Skipping axiom-product-designer.md (already exists)
  Skipping axiom-product-director.md (already exists)
  Skipping axiom-requirement-analyst.md (already exists)
  Skipping axiom-review-aggregator.md (already exists)
  Skipping axiom-sub-prd-writer.md (already exists)
  Skipping axiom-system-architect.md (already exists)
  Skipping axiom-tech-lead.md (already exists)
  Skipping axiom-ux-director.md (already exists)
  Skipping axiom-worker.md (already exists)
  Skipping build-fixer.md (already exists)
  Skipping code-reviewer.md (already exists)
  Skipping critic.md (already exists)
  Skipping database-expert.md (already exists)
  Skipping debugger.md (already exists)
  Skipping deep-executor.md (already exists)
  Skipping dependency-expert.md (already exists)
  Skipping designer.md (already exists)
  Skipping devops-engineer.md (already exists)
  Skipping document-specialist.md (already exists)
  Skipping executor.md (already exists)
  Skipping explore.md (already exists)
  Skipping git-master.md (already exists)
  Skipping i18n-specialist.md (already exists)
  Skipping information-architect.md (already exists)
  Skipping performance-reviewer.md (already exists)
  Skipping planner.md (already exists)
  Skipping product-analyst.md (already exists)
  Skipping product-manager.md (already exists)
  Skipping qa-tester.md (already exists)
  Skipping quality-reviewer.md (already exists)
  Skipping quality-strategist.md (already exists)
  Skipping scientist.md (already exists)
  Skipping security-reviewer.md (already exists)
  Skipping style-reviewer.md (already exists)
  Skipping test-engineer.md (already exists)
  Skipping ux-researcher.md (already exists)
  Skipping verifier.md (already exists)
  Skipping vision.md (already exists)
  Skipping writer.md (already exists)
Installing slash commands to ~/.claude/commands/
  Skipping AGENTS.md (already exists)
  Skipping ax-analyze-error.md (already exists)
  Skipping ax-context.md (already exists)
  Skipping ax-decompose.md (already exists)
  Skipping ax-draft.md (already exists)
  Skipping ax-evolution.md (already exists)
  Skipping ax-evolve.md (already exists)
  Skipping ax-export.md (already exists)
  Skipping ax-implement.md (already exists)
  Skipping ax-knowledge.md (already exists)
  Skipping ax-reflect.md (already exists)
  Skipping ax-review.md (already exists)
  Skipping ax-rollback.md (already exists)
  Skipping ax-status.md (already exists)
  Skipping ax-suspend.md (already exists)
  Skipping brainstorm.md (already exists)
  Skipping ccg-workflow.md (already exists)
  Skipping execute-plan.md (already exists)
  Skipping wizard.md (already exists)
  Skipping write-plan.md (already exists)
Backed up existing CLAUDE.md to C:\Users\ljyih\.claude\CLAUDE.md.backup.2026-03-14T08-19-20
Updated CLAUDE.md (merged with existing content)
Installing hook scripts...
  Skipping keyword-detector.mjs (already exists)
  Skipping stop-continuation.mjs (already exists)
  Skipping persistent-mode.mjs (already exists)
  Skipping session-start.mjs (already exists)
  Skipping pre-tool-use.mjs (already exists)
  Skipping post-tool-use.mjs (already exists)
  Skipping post-tool-use-failure.mjs (already exists)
  Skipping lib/stdin.mjs (already exists)
  Skipping lib/atomic-write.mjs (already exists)
Installing HUD statusline...
  Installed omc-hud.mjs
Configuring settings.json...
  UserPromptSubmit hook already configured, skipping
  SessionStart hook already configured, skipping
  PreToolUse hook already configured, skipping
  PostToolUse hook already configured, skipping
  PostToolUseFailure hook already configured, skipping
  Stop hook already configured, skipping
  Hooks configured
  statusLine already configured, skipping (use --force to override)
  settings.json updated
Saved version metadata

 [32m✓[39m src/hooks/autopilot/__tests__/transitions.test.ts [2m([22m[2m28 tests[22m[2m)[22m[33m 1205[2mms[22m[39m
[90mstderr[2m | src/__tests__/job-management-sqlite.test.ts[2m > [22m[2mjob-management SQLite integration[2m > [22m[2mhandleCheckJobStatus - SQLite path[2m > [22m[2mreturns job data from SQLite when no JSON file exists
[22m[39m[job-state-db] DEPRECATED: using _lastCwd fallback. Pass cwd explicitly.

 [32m✓[39m src/hooks/ultrawork/session-isolation.test.ts [2m([22m[2m28 tests[22m[2m)[22m[33m 1209[2mms[22m[39m
[90mstderr[2m | src/__tests__/job-management-sqlite.test.ts[2m > [22m[2mjob-management SQLite integration[2m > [22m[2mhandleCheckJobStatus - SQLite path[2m > [22m[2mreturns job data from SQLite when no JSON file exists
[22m[39m[job-state-db] DEPRECATED: using _lastCwd fallback. Pass cwd explicitly.

[90mstderr[2m | src/__tests__/job-management-sqlite.test.ts[2m > [22m[2mjob-management SQLite integration[2m > [22m[2mhandleCheckJobStatus - SQLite path[2m > [22m[2mreturns job data from SQLite when no JSON file exists
[22m[39m[job-state-db] DEPRECATED: closeJobDb() called without cwd. Use closeAllJobDbs() for explicit intent.

[90mstderr[2m | src/__tests__/job-management-sqlite.test.ts[2m > [22m[2mjob-management SQLite integration[2m > [22m[2mhandleCheckJobStatus - SQLite path[2m > [22m[2mreturns error when job not found in SQLite or JSON
[22m[39m[job-state-db] DEPRECATED: using _lastCwd fallback. Pass cwd explicitly.

 [32m✓[39m src/installer/__tests__/install-flow.test.ts [2m([22m[2m15 tests[22m[2m)[22m[33m 1105[2mms[22m[39m
     [33m[2m✓[22m[39m returns boolean without throwing [33m 357[2mms[22m[39m
     [33m[2m✓[22m[39m respects force option [33m 386[2mms[22m[39m
[90mstderr[2m | src/__tests__/job-management-sqlite.test.ts[2m > [22m[2mjob-management SQLite integration[2m > [22m[2mhandleCheckJobStatus - SQLite path[2m > [22m[2mreturns error when job not found in SQLite or JSON
[22m[39m[job-state-db] DEPRECATED: closeJobDb() called without cwd. Use closeAllJobDbs() for explicit intent.

[90mstderr[2m | src/__tests__/job-management-sqlite.test.ts[2m > [22m[2mjob-management SQLite integration[2m > [22m[2mhandleCheckJobStatus - SQLite path[2m > [22m[2mshows fallback metadata when present
[22m[39m[job-state-db] DEPRECATED: using _lastCwd fallback. Pass cwd explicitly.

[90mstderr[2m | src/__tests__/job-management-sqlite.test.ts[2m > [22m[2mjob-management SQLite integration[2m > [22m[2mhandleCheckJobStatus - SQLite path[2m > [22m[2mshows fallback metadata when present
[22m[39m[job-state-db] DEPRECATED: using _lastCwd fallback. Pass cwd explicitly.

[90mstderr[2m | src/__tests__/job-management-sqlite.test.ts[2m > [22m[2mjob-management SQLite integration[2m > [22m[2mhandleCheckJobStatus - SQLite path[2m > [22m[2mshows fallback metadata when present
[22m[39m[job-state-db] DEPRECATED: closeJobDb() called without cwd. Use closeAllJobDbs() for explicit intent.

[90mstderr[2m | src/__tests__/job-management-sqlite.test.ts[2m > [22m[2mjob-management SQLite integration[2m > [22m[2mhandleListJobs - SQLite path[2m > [22m[2mlists active jobs from SQLite
[22m[39m[job-state-db] DEPRECATED: using _lastCwd fallback. Pass cwd explicitly.
[job-state-db] DEPRECATED: using _lastCwd fallback. Pass cwd explicitly.

[90mstderr[2m | src/__tests__/job-management-sqlite.test.ts[2m > [22m[2mjob-management SQLite integration[2m > [22m[2mhandleListJobs - SQLite path[2m > [22m[2mlists active jobs from SQLite
[22m[39m[job-state-db] DEPRECATED: using _lastCwd fallback. Pass cwd explicitly.

[90mstderr[2m | src/__tests__/job-management-sqlite.test.ts[2m > [22m[2mjob-management SQLite integration[2m > [22m[2mhandleListJobs - SQLite path[2m > [22m[2mlists active jobs from SQLite
[22m[39m[job-state-db] DEPRECATED: closeJobDb() called without cwd. Use closeAllJobDbs() for explicit intent.

[90mstderr[2m | src/__tests__/job-management-sqlite.test.ts[2m > [22m[2mjob-management SQLite integration[2m > [22m[2mhandleListJobs - SQLite path[2m > [22m[2mlists completed jobs from SQLite
[22m[39m[job-state-db] DEPRECATED: using _lastCwd fallback. Pass cwd explicitly.
[job-state-db] DEPRECATED: using _lastCwd fallback. Pass cwd explicitly.
[job-state-db] DEPRECATED: using _lastCwd fallback. Pass cwd explicitly.

[90mstderr[2m | src/__tests__/job-management-sqlite.test.ts[2m > [22m[2mjob-management SQLite integration[2m > [22m[2mhandleListJobs - SQLite path[2m > [22m[2mlists completed jobs from SQLite
[22m[39m[job-state-db] DEPRECATED: using _lastCwd fallback. Pass cwd explicitly.

[90mstderr[2m | src/__tests__/job-management-sqlite.test.ts[2m > [22m[2mjob-management SQLite integration[2m > [22m[2mhandleListJobs - SQLite path[2m > [22m[2mlists completed jobs from SQLite
[22m[39m[job-state-db] DEPRECATED: closeJobDb() called without cwd. Use closeAllJobDbs() for explicit intent.

[90mstderr[2m | src/__tests__/job-management-sqlite.test.ts[2m > [22m[2mjob-management SQLite integration[2m > [22m[2mhandleListJobs - SQLite path[2m > [22m[2mlists failed and timeout jobs under failed filter
[22m[39m[job-state-db] DEPRECATED: using _lastCwd fallback. Pass cwd explicitly.
[job-state-db] DEPRECATED: using _lastCwd fallback. Pass cwd explicitly.

[90mstderr[2m | src/__tests__/job-management-sqlite.test.ts[2m > [22m[2mjob-management SQLite integration[2m > [22m[2mhandleListJobs - SQLite path[2m > [22m[2mlists failed and timeout jobs under failed filter
[22m[39m[job-state-db] DEPRECATED: using _lastCwd fallback. Pass cwd explicitly.
[job-state-db] DEPRECATED: using _lastCwd fallback. Pass cwd explicitly.

[90mstderr[2m | src/__tests__/job-management-sqlite.test.ts[2m > [22m[2mjob-management SQLite integration[2m > [22m[2mhandleListJobs - SQLite path[2m > [22m[2mlists failed and timeout jobs under failed filter
[22m[39m[job-state-db] DEPRECATED: closeJobDb() called without cwd. Use closeAllJobDbs() for explicit intent.

[90mstderr[2m | src/__tests__/job-management-sqlite.test.ts[2m > [22m[2mjob-management SQLite integration[2m > [22m[2mhandleListJobs - SQLite path[2m > [22m[2mlists all jobs with deduplication
[22m[39m[job-state-db] DEPRECATED: using _lastCwd fallback. Pass cwd explicitly.
[job-state-db] DEPRECATED: using _lastCwd fallback. Pass cwd explicitly.
[job-state-db] DEPRECATED: using _lastCwd fallback. Pass cwd explicitly.

[90mstderr[2m | src/__tests__/job-management-sqlite.test.ts[2m > [22m[2mjob-management SQLite integration[2m > [22m[2mhandleListJobs - SQLite path[2m > [22m[2mlists all jobs with deduplication
[22m[39m[job-state-db] DEPRECATED: using _lastCwd fallback. Pass cwd explicitly.
[job-state-db] DEPRECATED: using _lastCwd fallback. Pass cwd explicitly.
[job-state-db] DEPRECATED: using _lastCwd fallback. Pass cwd explicitly.
[job-state-db] DEPRECATED: using _lastCwd fallback. Pass cwd explicitly.

[90mstderr[2m | src/__tests__/job-management-sqlite.test.ts[2m > [22m[2mjob-management SQLite integration[2m > [22m[2mhandleListJobs - SQLite path[2m > [22m[2mlists all jobs with deduplication
[22m[39m[job-state-db] DEPRECATED: closeJobDb() called without cwd. Use closeAllJobDbs() for explicit intent.

[90mstderr[2m | src/__tests__/job-management-sqlite.test.ts[2m > [22m[2mjob-management SQLite integration[2m > [22m[2mhandleListJobs - SQLite path[2m > [22m[2mrespects limit parameter
[22m[39m[job-state-db] DEPRECATED: using _lastCwd fallback. Pass cwd explicitly.
[job-state-db] DEPRECATED: using _lastCwd fallback. Pass cwd explicitly.
[job-state-db] DEPRECATED: using _lastCwd fallback. Pass cwd explicitly.

[90mstderr[2m | src/__tests__/job-management-sqlite.test.ts[2m > [22m[2mjob-management SQLite integration[2m > [22m[2mhandleListJobs - SQLite path[2m > [22m[2mrespects limit parameter
[22m[39m[job-state-db] DEPRECATED: using _lastCwd fallback. Pass cwd explicitly.

[90mstderr[2m | src/__tests__/job-management-sqlite.test.ts[2m > [22m[2mjob-management SQLite integration[2m > [22m[2mhandleListJobs - SQLite path[2m > [22m[2mrespects limit parameter
[22m[39m[job-state-db] DEPRECATED: closeJobDb() called without cwd. Use closeAllJobDbs() for explicit intent.

[90mstderr[2m | src/__tests__/job-management-sqlite.test.ts[2m > [22m[2mjob-management SQLite integration[2m > [22m[2mhandleListJobs - SQLite path[2m > [22m[2mfilters by provider
[22m[39m[job-state-db] DEPRECATED: using _lastCwd fallback. Pass cwd explicitly.
[job-state-db] DEPRECATED: using _lastCwd fallback. Pass cwd explicitly.

[90mstderr[2m | src/__tests__/job-management-sqlite.test.ts[2m > [22m[2mjob-management SQLite integration[2m > [22m[2mhandleListJobs - SQLite path[2m > [22m[2mfilters by provider
[22m[39m[job-state-db] DEPRECATED: using _lastCwd fallback. Pass cwd explicitly.

 [32m✓[39m src/hooks/autopilot/__tests__/summary.test.ts [2m([22m[2m28 tests[22m[2m)[22m[33m 524[2mms[22m[39m
[90mstderr[2m | src/__tests__/job-management-sqlite.test.ts[2m > [22m[2mjob-management SQLite integration[2m > [22m[2mhandleListJobs - SQLite path[2m > [22m[2mfilters by provider
[22m[39m[job-state-db] DEPRECATED: closeJobDb() called without cwd. Use closeAllJobDbs() for explicit intent.

[90mstderr[2m | src/__tests__/job-management-sqlite.test.ts[2m > [22m[2mjob-management SQLite integration[2m > [22m[2mhandleKillJob - SQLite fallback path[2m > [22m[2mkills a running job found only in SQLite
[22m[39m[job-state-db] DEPRECATED: using _lastCwd fallback. Pass cwd explicitly.

[90mstdout[2m | src/features/ccg/__tests__/performance-benchmark.test.ts[2m > [22m[2mCCG Performance Benchmark[2m > [22m[2mTest 1: Large project detection (100+ files)
[22m[39m[PERF] Large project detection: 4.56ms

[90mstderr[2m | src/__tests__/job-management-sqlite.test.ts[2m > [22m[2mjob-management SQLite integration[2m > [22m[2mhandleKillJob - SQLite fallback path[2m > [22m[2mkills a running job found only in SQLite
[22m[39m[job-state-db] DEPRECATED: using _lastCwd fallback. Pass cwd explicitly.
[job-state-db] DEPRECATED: using _lastCwd fallback. Pass cwd explicitly.

[90mstderr[2m | src/__tests__/job-management-sqlite.test.ts[2m > [22m[2mjob-management SQLite integration[2m > [22m[2mhandleKillJob - SQLite fallback path[2m > [22m[2mkills a running job found only in SQLite
[22m[39m[job-state-db] DEPRECATED: using _lastCwd fallback. Pass cwd explicitly.

[90mstderr[2m | src/__tests__/job-management-sqlite.test.ts[2m > [22m[2mjob-management SQLite integration[2m > [22m[2mhandleKillJob - SQLite fallback path[2m > [22m[2mkills a running job found only in SQLite
[22m[39m[job-state-db] DEPRECATED: closeJobDb() called without cwd. Use closeAllJobDbs() for explicit intent.

[90mstderr[2m | src/__tests__/job-management-sqlite.test.ts[2m > [22m[2mjob-management SQLite integration[2m > [22m[2mhandleKillJob - SQLite fallback path[2m > [22m[2mhandles ESRCH (process already exited) via SQLite path
[22m[39m[job-state-db] DEPRECATED: using _lastCwd fallback. Pass cwd explicitly.

[90mstderr[2m | src/__tests__/job-management-sqlite.test.ts[2m > [22m[2mjob-management SQLite integration[2m > [22m[2mhandleKillJob - SQLite fallback path[2m > [22m[2mhandles ESRCH (process already exited) via SQLite path
[22m[39m[job-state-db] DEPRECATED: using _lastCwd fallback. Pass cwd explicitly.
[job-state-db] DEPRECATED: using _lastCwd fallback. Pass cwd explicitly.

[90mstderr[2m | src/__tests__/job-management-sqlite.test.ts[2m > [22m[2mjob-management SQLite integration[2m > [22m[2mhandleKillJob - SQLite fallback path[2m > [22m[2mhandles ESRCH (process already exited) via SQLite path
[22m[39m[job-state-db] DEPRECATED: using _lastCwd fallback. Pass cwd explicitly.

[90mstderr[2m | src/__tests__/job-management-sqlite.test.ts[2m > [22m[2mjob-management SQLite integration[2m > [22m[2mhandleKillJob - SQLite fallback path[2m > [22m[2mhandles ESRCH (process already exited) via SQLite path
[22m[39m[job-state-db] DEPRECATED: closeJobDb() called without cwd. Use closeAllJobDbs() for explicit intent.

[90mstderr[2m | src/__tests__/delegation-enforcement-levels.test.ts[2m > [22m[2mdelegation-enforcement-levels[2m > [22m[2mprocessPreToolUse integration via processHook[2m > [22m[2mcalls enforcement before HUD tracking
[22m[39m[worktree] non-git directory provided, falling back to process root { directory: [32m'C:\\tmp\\test-project'[39m }

[90mstdout[2m | src/features/ccg/__tests__/performance-benchmark.test.ts[2m > [22m[2mCCG Performance Benchmark[2m > [22m[2mTest 2: Microservice detection (5 services)
[22m[39m[PERF] Microservice detection: 4.31ms

[90mstderr[2m | src/__tests__/job-management-sqlite.test.ts[2m > [22m[2mjob-management SQLite integration[2m > [22m[2mhandleKillJob - SQLite fallback path[2m > [22m[2mdoes NOT update DB status on non-ESRCH kill errors
[22m[39m[job-state-db] DEPRECATED: using _lastCwd fallback. Pass cwd explicitly.

[90mstderr[2m | src/__tests__/job-management-sqlite.test.ts[2m > [22m[2mjob-management SQLite integration[2m > [22m[2mhandleKillJob - SQLite fallback path[2m > [22m[2mdoes NOT update DB status on non-ESRCH kill errors
[22m[39m[job-state-db] DEPRECATED: using _lastCwd fallback. Pass cwd explicitly.

[90mstderr[2m | src/__tests__/job-management-sqlite.test.ts[2m > [22m[2mjob-management SQLite integration[2m > [22m[2mhandleKillJob - SQLite fallback path[2m > [22m[2mdoes NOT update DB status on non-ESRCH kill errors
[22m[39m[job-state-db] DEPRECATED: using _lastCwd fallback. Pass cwd explicitly.

[90mstderr[2m | src/__tests__/job-management-sqlite.test.ts[2m > [22m[2mjob-management SQLite integration[2m > [22m[2mhandleKillJob - SQLite fallback path[2m > [22m[2mdoes NOT update DB status on non-ESRCH kill errors
[22m[39m[job-state-db] DEPRECATED: closeJobDb() called without cwd. Use closeAllJobDbs() for explicit intent.

[90mstderr[2m | src/__tests__/job-management-sqlite.test.ts[2m > [22m[2mjob-management SQLite integration[2m > [22m[2mhandleKillJob - SQLite fallback path[2m > [22m[2mrejects killing a terminal-state job in SQLite
[22m[39m[job-state-db] DEPRECATED: using _lastCwd fallback. Pass cwd explicitly.

[90mstderr[2m | src/__tests__/job-management-sqlite.test.ts[2m > [22m[2mjob-management SQLite integration[2m > [22m[2mhandleKillJob - SQLite fallback path[2m > [22m[2mrejects killing a terminal-state job in SQLite
[22m[39m[job-state-db] DEPRECATED: using _lastCwd fallback. Pass cwd explicitly.

[90mstderr[2m | src/__tests__/job-management-sqlite.test.ts[2m > [22m[2mjob-management SQLite integration[2m > [22m[2mhandleKillJob - SQLite fallback path[2m > [22m[2mrejects killing a terminal-state job in SQLite
[22m[39m[job-state-db] DEPRECATED: closeJobDb() called without cwd. Use closeAllJobDbs() for explicit intent.

[90mstdout[2m | src/features/ccg/__tests__/performance-benchmark.test.ts[2m > [22m[2mCCG Performance Benchmark[2m > [22m[2mTest 3: Module splitting performance
[22m[39m[PERF] Module splitting: 10.06ms

[90mstderr[2m | src/__tests__/delegation-enforcement-levels.test.ts[2m > [22m[2mdelegation-enforcement-levels[2m > [22m[2mprocessPreToolUse integration via processHook[2m > [22m[2mblocks propagated from enforcement
[22m[39m[worktree] non-git directory provided, falling back to process root { directory: [32m'C:\\tmp\\test-project'[39m }

 [32m✓[39m src/__tests__/consensus-execution-handoff.test.ts [2m([22m[2m16 tests[22m[2m)[22m[33m 371[2mms[22m[39m
[90mstderr[2m | src/__tests__/delegation-enforcement-levels.test.ts[2m > [22m[2mdelegation-enforcement-levels[2m > [22m[2mprocessPreToolUse integration via processHook[2m > [22m[2mwarnings propagated from enforcement
[22m[39m[worktree] non-git directory provided, falling back to process root { directory: [32m'C:\\tmp\\test-project'[39m }

[90mstderr[2m | src/__tests__/job-management-sqlite.test.ts[2m > [22m[2mjob-management SQLite integration[2m > [22m[2mhandleKillJob - SQLite fallback path[2m > [22m[2mrejects killing a job with no valid PID in SQLite
[22m[39m[job-state-db] DEPRECATED: using _lastCwd fallback. Pass cwd explicitly.

[90mstderr[2m | src/__tests__/job-management-sqlite.test.ts[2m > [22m[2mjob-management SQLite integration[2m > [22m[2mhandleKillJob - SQLite fallback path[2m > [22m[2mrejects killing a job with no valid PID in SQLite
[22m[39m[job-state-db] DEPRECATED: using _lastCwd fallback. Pass cwd explicitly.

[90mstderr[2m | src/__tests__/job-management-sqlite.test.ts[2m > [22m[2mjob-management SQLite integration[2m > [22m[2mhandleKillJob - SQLite fallback path[2m > [22m[2mrejects killing a job with no valid PID in SQLite
[22m[39m[job-state-db] DEPRECATED: closeJobDb() called without cwd. Use closeAllJobDbs() for explicit intent.

[90mstderr[2m | src/__tests__/job-management-sqlite.test.ts[2m > [22m[2mjob-management SQLite integration[2m > [22m[2mJSON fallback when SQLite not initialized[2m > [22m[2mreturns not found when both SQLite and JSON are unavailable
[22m[39m[job-state-db] DEPRECATED: closeJobDb() called without cwd. Use closeAllJobDbs() for explicit intent.

 [32m✓[39m src/features/ccg/__tests__/performance-benchmark.test.ts [2m([22m[2m3 tests[22m[2m)[22m[33m 431[2mms[22m[39m
[90mstderr[2m | src/__tests__/job-management-sqlite.test.ts[2m > [22m[2mjob-management SQLite integration[2m > [22m[2mJSON fallback when SQLite not initialized[2m > [22m[2mhandleListJobs returns empty when no source available
[22m[39m[job-state-db] DEPRECATED: closeJobDb() called without cwd. Use closeAllJobDbs() for explicit intent.

 [32m✓[39m src/platform/process-utils.test.ts [2m([22m[2m2 tests[22m[2m)[22m[33m 854[2mms[22m[39m
     [33m[2m✓[22m[39m should handle PID without command injection on Windows [33m 848[2mms[22m[39m
 [32m✓[39m src/__tests__/job-management-sqlite.test.ts [2m([22m[2m16 tests[22m[2m)[22m[33m 788[2mms[22m[39m
[90mstderr[2m | src/__tests__/delegation-enforcement-levels.test.ts[2m > [22m[2mdelegation-enforcement-levels[2m > [22m[2mprocessPreToolUse integration via processHook[2m > [22m[2mTask tool tracking still works when enforcement passes
[22m[39m[worktree] non-git directory provided, falling back to process root { directory: [32m'C:\\tmp\\test-project'[39m }

 [32m✓[39m src/__tests__/delegation-enforcement-levels.test.ts [2m([22m[2m63 tests[22m[2m)[22m[33m 853[2mms[22m[39m
       [33m[2m✓[22m[39m calls enforcement before HUD tracking [33m 527[2mms[22m[39m
 [32m✓[39m src/lib/__tests__/git-utils.test.ts [2m([22m[2m5 tests[22m[2m)[22m[33m 544[2mms[22m[39m
 [32m✓[39m src/tools/__tests__/state-tools.test.ts [2m([22m[2m48 tests[22m[2m)[22m[33m 1261[2mms[22m[39m
 [32m✓[39m src/hooks/project-memory/__tests__/detector.test.ts [2m([22m[2m6 tests[22m[2m)[22m[33m 578[2mms[22m[39m
 [32m✓[39m src/lib/__tests__/atomic-write.test.ts [2m([22m[2m23 tests[22m[2m)[22m[33m 568[2mms[22m[39m
[task-file-ops] WARN: could not acquire lock for task 1, updating without lock
[90mstderr[2m | src/__tests__/delegation-enforcer.test.ts[2m > [22m[2mdelegation-enforcer[2m > [22m[2mprocessPreToolUse[2m > [22m[2mlogs warning only when OMC_DEBUG=true and model injected
[22m[39m[OMC] Auto-injecting model: sonnet for executor

 [32m✓[39m src/__tests__/analytics/transcript-parser.test.ts [2m([22m[2m15 tests[22m[2m)[22m[33m 739[2mms[22m[39m
       [33m[2m✓[22m[39m streams large files efficiently without loading all into memory [33m 538[2mms[22m[39m
 [32m✓[39m src/__tests__/delegation-enforcer.test.ts [2m([22m[2m18 tests[22m[2m)[22m[33m 653[2mms[22m[39m
warning: in the working copy of 'bridge/codex-server.cjs', LF will be replaced by CRLF the next time Git touches it
warning: in the working copy of 'bridge/gemini-server.cjs', LF will be replaced by CRLF the next time Git touches it
warning: in the working copy of 'bridge/team-bridge.cjs', LF will be replaced by CRLF the next time Git touches it
warning: in the working copy of 'test-results.txt', LF will be replaced by CRLF the next time Git touches it
 [32m✓[39m src/hooks/guards/__tests__/session-watchdog.test.ts [2m([22m[2m24 tests[22m[2m)[22m[33m 886[2mms[22m[39m
 [32m✓[39m src/team/__tests__/task-file-ops.test.ts [2m([22m[2m45 tests[22m[2m)[22m[33m 567[2mms[22m[39m
 [32m✓[39m src/features/workflow-recommender/__tests__/git-analyzer.test.ts [2m([22m[2m2 tests[22m[2m)[22m[33m 562[2mms[22m[39m
     [33m[2m✓[22m[39m should get modified files [33m 413[2mms[22m[39m
[90mstderr[2m | src/mcp/__tests__/job-management-adapter.test.ts[2m > [22m[2mjob-management with WorkerStateAdapter[2m > [22m[2mhandleListJobs[2m > [22m[2mshould list completed jobs
[22m[39m[job-state-db] DEPRECATED: using _lastCwd fallback. Pass cwd explicitly.

[90mstderr[2m | src/mcp/__tests__/job-management-adapter.test.ts[2m > [22m[2mjob-management with WorkerStateAdapter[2m > [22m[2mhandleListJobs[2m > [22m[2mshould list failed jobs
[22m[39m[job-state-db] DEPRECATED: using _lastCwd fallback. Pass cwd explicitly.
[job-state-db] DEPRECATED: using _lastCwd fallback. Pass cwd explicitly.

 [32m✓[39m src/__tests__/notepad.test.ts [2m([22m[2m40 tests[22m[2m)[22m[33m 807[2mms[22m[39m
[90mstderr[2m | src/mcp/__tests__/job-management-adapter.test.ts[2m > [22m[2mjob-management with WorkerStateAdapter[2m > [22m[2mhandleListJobs[2m > [22m[2mshould list all jobs
[22m[39m[job-state-db] DEPRECATED: using _lastCwd fallback. Pass cwd explicitly.
[job-state-db] DEPRECATED: using _lastCwd fallback. Pass cwd explicitly.
[job-state-db] DEPRECATED: using _lastCwd fallback. Pass cwd explicitly.
[job-state-db] DEPRECATED: using _lastCwd fallback. Pass cwd explicitly.

[90mstdout[2m | src/mcp/__tests__/job-management-adapter.test.ts[2m > [22m[2mjob-management with WorkerStateAdapter[2m > [22m[2menvironment variable control[2m > [22m[2mshould use auto backend by default
[22m[39m[WorkerFactory] Using SQLite adapter

 [32m✓[39m src/mcp/__tests__/job-management-adapter.test.ts [2m([22m[2m9 tests[22m[2m)[22m[33m 618[2mms[22m[39m
[90mstderr[2m | src/__tests__/delegation-enforcer-integration.test.ts[2m > [22m[2mdelegation-enforcer integration[2m > [22m[2mpre-tool-use hook with Task calls[2m > [22m[2mlogs warning when OMC_DEBUG=true
[22m[39m[OMC] Auto-injecting model: sonnet for executor

 [32m✓[39m src/__tests__/delegation-enforcer-integration.test.ts [2m([22m[2m7 tests[22m[2m)[22m[33m 563[2mms[22m[39m
       [33m[2m✓[22m[39m injects model parameter for Task call without model [33m 366[2mms[22m[39m
 [32m✓[39m src/interop/__tests__/shared-state.test.ts [2m([22m[2m20 tests[22m[2m)[22m[33m 303[2mms[22m[39m
 [32m✓[39m src/interop/__tests__/omx-team-state.test.ts [2m([22m[2m14 tests[22m[2m)[22m[33m 459[2mms[22m[39m
 [32m✓[39m src/hooks/session-end/__tests__/nexus-integration.test.ts [2m([22m[2m1 test[22m[2m)[22m[33m 13608[2mms[22m[39m
     [33m[2m✓[22m[39m processSessionEnd completes without throwing when nexus enabled [33m 13604[2mms[22m[39m
 [32m✓[39m src/hooks/mode-registry/__tests__/session-isolation.test.ts [2m([22m[2m30 tests[22m[2m)[22m[33m 418[2mms[22m[39m
[90mstdout[2m | src/hooks/ultrawork/__tests__/index.test.ts[2m > [22m[2multrawork state management[2m > [22m[2merror handling[2m > [22m[2mshould return null for corrupted state file
[22m[39m[state-adapter] Read failed: SyntaxError: Unexpected token 'i', "invalid json{{{" is not valid JSON
    at JSON.parse (<anonymous>)
    at FileStateAdapter.read (C:/Users/ljyih/Desktop/ultrapower/src/lib/state-adapter.ts:92:26)
    at readUltraworkState (C:/Users/ljyih/Desktop/ultrapower/src/hooks/ultrawork/index.ts:35:18)
    at C:/Users/ljyih/Desktop/ultrapower/src/hooks/ultrawork/__tests__/index.test.ts:76:21
    at [90mfile:///C:/Users/ljyih/Desktop/ultrapower/[39mnode_modules/[4m@vitest/runner[24m/dist/index.js:145:11
    at [90mfile:///C:/Users/ljyih/Desktop/ultrapower/[39mnode_modules/[4m@vitest/runner[24m/dist/index.js:915:26
    at [90mfile:///C:/Users/ljyih/Desktop/ultrapower/[39mnode_modules/[4m@vitest/runner[24m/dist/index.js:1243:20
    at new Promise (<anonymous>)
    at runWithTimeout [90m(file:///C:/Users/ljyih/Desktop/ultrapower/[39mnode_modules/[4m@vitest/runner[24m/dist/index.js:1209:10[90m)[39m
    at [90mfile:///C:/Users/ljyih/Desktop/ultrapower/[39mnode_modules/[4m@vitest/runner[24m/dist/index.js:1653:37

 [32m✓[39m src/hooks/ultrapilot/__tests__/state.test.ts [2m([22m[2m21 tests[22m[2m)[22m[33m 804[2mms[22m[39m
 [32m✓[39m src/hooks/project-memory/__tests__/learner.test.ts [2m([22m[2m13 tests[22m[2m)[22m[33m 308[2mms[22m[39m
[90mstdout[2m | src/features/ccg/__tests__/e2e-performance.test.ts[2m > [22m[2mE2E: Performance Benchmarks[2m > [22m[2mshould handle timeout gracefully
[22m[39m[Fallback] undefined: Codex succeeded

 [32m✓[39m src/hooks/ultrawork/__tests__/index.test.ts [2m([22m[2m14 tests[22m[2m)[22m[32m 292[2mms[22m[39m
 [32m✓[39m src/features/ccg/__tests__/e2e-performance.test.ts [2m([22m[2m2 tests[22m[2m)[22m[33m 647[2mms[22m[39m
     [33m[2m✓[22m[39m should complete workflow within time limit [33m 493[2mms[22m[39m
 [32m✓[39m src/workers/__tests__/sqlite-adapter.test.ts [2m([22m[2m11 tests[22m[2m)[22m[33m 524[2mms[22m[39m
 [32m✓[39m src/hooks/session-end/__tests__/session-end-bridge-cleanup.test.ts [2m([22m[2m1 test[22m[2m)[22m[33m 8550[2mms[22m[39m
     [33m[2m✓[22m[39m passes extracted python_repl sessions to cleanupBridgeSessions [33m 8547[2mms[22m[39m
 [32m✓[39m src/tools/__tests__/ast-stream.test.ts [2m([22m[2m2 tests[22m[2m)[22m[33m 14077[2mms[22m[39m
     [33m[2m✓[22m[39m handles large files >10MB with streaming [33m 14057[2mms[22m[39m
 [32m✓[39m src/mcp/__tests__/job-state-db-deprecation.test.ts [2m([22m[2m13 tests[22m[2m)[22m[33m 752[2mms[22m[39m
[90mstdout[2m | src/team/__tests__/mcp-team-bridge.test.ts[2m > [22m[2mrunBridge[2m > [22m[2mwrites initial heartbeat and exits on shutdown signal
[22m[39m2026-03-14T08:19:24.725Z [bridge] w1@test-team starting (codex)
2026-03-14T08:19:24.727Z [bridge] Shutdown signal received: test
2026-03-14T08:19:24.727Z [bridge] Shutdown complete. Goodbye.

[90mstdout[2m | src/team/__tests__/mcp-team-bridge.test.ts[2m > [22m[2mrunBridge[2m > [22m[2mwrites initial heartbeat and exits on shutdown signal
[22m[39m[WorkerFactory] Using SQLite adapter

[90mstdout[2m | src/team/__tests__/mcp-team-bridge.test.ts[2m > [22m[2mrunBridge[2m > [22m[2msends idle outbox when no tasks available
[22m[39m2026-03-14T08:19:24.760Z [bridge] w1@test-team starting (codex)

 [32m✓[39m src/team/__tests__/bridge-entry.test.ts [2m([22m[2m87 tests[22m[2m)[22m[33m 12630[2mms[22m[39m
     [33m[2m✓[22m[39m throws if provider is invalid [33m 364[2mms[22m[39m
     [33m[2m✓[22m[39m accepts codex provider [33m 566[2mms[22m[39m
     [33m[2m✓[22m[39m accepts gemini provider [33m 390[2mms[22m[39m
     [33m[2m✓[22m[39m sanitizes teamName [33m 321[2mms[22m[39m
     [33m[2m✓[22m[39m sanitizes workerName [33m 487[2mms[22m[39m
     [33m[2m✓[22m[39m applies default pollIntervalMs [33m 314[2mms[22m[39m
     [33m[2m✓[22m[39m applies default taskTimeoutMs [33m 324[2mms[22m[39m
     [33m[2m✓[22m[39m applies default maxConsecutiveErrors [33m 354[2mms[22m[39m
     [33m[2m✓[22m[39m applies default outboxMaxLines [33m 326[2mms[22m[39m
     [33m[2m✓[22m[39m preserves custom pollIntervalMs [33m 309[2mms[22m[39m
     [33m[2m✓[22m[39m throws if permissionEnforcement is invalid [33m 346[2mms[22m[39m
     [33m[2m✓[22m[39m accepts permissionEnforcement: off [33m 318[2mms[22m[39m
     [33m[2m✓[22m[39m throws if allowedPaths is not an array [33m 319[2mms[22m[39m
     [33m[2m✓[22m[39m throws if deniedPaths is not an array [33m 359[2mms[22m[39m
     [33m[2m✓[22m[39m throws if allowedCommands is not an array [33m 359[2mms[22m[39m
     [33m[2m✓[22m[39m throws if allowedPaths contains dangerous pattern * [33m 409[2mms[22m[39m
     [33m[2m✓[22m[39m throws if config file is invalid JSON [33m 512[2mms[22m[39m
     [33m[2m✓[22m[39m loads and validates valid config [33m 381[2mms[22m[39m
     [33m[2m✓[22m[39m skips permission validation when permissionEnforcement is off [33m 413[2mms[22m[39m
     [33m[2m✓[22m[39m successfully loads and normalizes a complete config [33m 369[2mms[22m[39m
[90mstdout[2m | src/team/__tests__/mcp-team-bridge.test.ts[2m > [22m[2mrunBridge[2m > [22m[2msends idle outbox when no tasks available
[22m[39m[WorkerFactory] Using SQLite adapter

 [32m✓[39m src/notifications/__tests__/reply-listener.test.ts [2m([22m[2m74 tests[22m[2m)[22m[33m 340[2mms[22m[39m
[90mstdout[2m | src/team/__tests__/mcp-team-bridge.test.ts[2m > [22m[2mrunBridge[2m > [22m[2msends idle outbox when no tasks available
[22m[39m2026-03-14T08:19:24.865Z [bridge] Shutdown signal received: test
2026-03-14T08:19:24.865Z [bridge] Shutdown complete. Goodbye.

[90mstdout[2m | src/team/__tests__/mcp-team-bridge.test.ts[2m > [22m[2mrunBridge[2m > [22m[2mclaims task, spawns CLI, and marks completed on success
[22m[39m2026-03-14T08:19:24.867Z [bridge] w1@test-team starting (codex)

[90mstdout[2m | src/team/__tests__/mcp-team-bridge.test.ts[2m > [22m[2mrunBridge[2m > [22m[2mclaims task, spawns CLI, and marks completed on success
[22m[39m2026-03-14T08:19:24.868Z [bridge] Executing task task-99: Do work

[90mstdout[2m | src/team/__tests__/mcp-team-bridge.test.ts[2m > [22m[2mrunBridge[2m > [22m[2mclaims task, spawns CLI, and marks completed on success
[22m[39m2026-03-14T08:19:24.869Z [bridge] Task task-99 completed

[90mstdout[2m | src/team/__tests__/mcp-team-bridge.test.ts[2m > [22m[2mrunBridge[2m > [22m[2mclaims task, spawns CLI, and marks completed on success
[22m[39m[WorkerFactory] Using SQLite adapter

[90mstdout[2m | src/team/__tests__/mcp-team-bridge.test.ts[2m > [22m[2mrunBridge[2m > [22m[2mclaims task, spawns CLI, and marks completed on success
[22m[39m2026-03-14T08:19:24.973Z [bridge] Shutdown signal received: done
2026-03-14T08:19:24.975Z [bridge] Shutdown complete. Goodbye.

[90mstdout[2m | src/team/__tests__/mcp-team-bridge.test.ts[2m > [22m[2mrunBridge[2m > [22m[2mretries task on CLI failure when retries not exhausted
[22m[39m2026-03-14T08:19:24.982Z [bridge] w1@test-team starting (codex)

[90mstdout[2m | src/team/__tests__/mcp-team-bridge.test.ts[2m > [22m[2mrunBridge[2m > [22m[2mretries task on CLI failure when retries not exhausted
[22m[39m2026-03-14T08:19:24.984Z [bridge] Executing task task-fail: Test task

[90mstdout[2m | src/team/__tests__/mcp-team-bridge.test.ts[2m > [22m[2mrunBridge[2m > [22m[2mretries task on CLI failure when retries not exhausted
[22m[39m2026-03-14T08:19:24.986Z [bridge] Task task-fail failed (attempt 1): CLI exited with code 1: CLI crashed

[90mstdout[2m | src/team/__tests__/mcp-team-bridge.test.ts[2m > [22m[2mrunBridge[2m > [22m[2mretries task on CLI failure when retries not exhausted
[22m[39m[WorkerFactory] Using SQLite adapter

 [32m✓[39m src/__tests__/ralph-progress.test.ts [2m([22m[2m30 tests[22m[2m)[22m[32m 213[2mms[22m[39m
[90mstdout[2m | src/team/__tests__/mcp-team-bridge.test.ts[2m > [22m[2mrunBridge[2m > [22m[2mretries task on CLI failure when retries not exhausted
[22m[39m2026-03-14T08:19:25.096Z [bridge] Shutdown signal received: done
2026-03-14T08:19:25.096Z [bridge] Shutdown complete. Goodbye.

[90mstdout[2m | src/team/__tests__/mcp-team-bridge.test.ts[2m > [22m[2mrunBridge[2m > [22m[2mpermanently fails task when retries exhausted
[22m[39m2026-03-14T08:19:25.098Z [bridge] w1@test-team starting (codex)

[90mstdout[2m | src/team/__tests__/mcp-team-bridge.test.ts[2m > [22m[2mrunBridge[2m > [22m[2mpermanently fails task when retries exhausted
[22m[39m2026-03-14T08:19:25.099Z [bridge] Executing task task-perm: Test task

[90mstdout[2m | src/team/__tests__/mcp-team-bridge.test.ts[2m > [22m[2mrunBridge[2m > [22m[2mpermanently fails task when retries exhausted
[22m[39m2026-03-14T08:19:25.099Z [bridge] Task task-perm permanently failed after 5 attempts

[90mstdout[2m | src/team/__tests__/mcp-team-bridge.test.ts[2m > [22m[2mrunBridge[2m > [22m[2mpermanently fails task when retries exhausted
[22m[39m[WorkerFactory] Using SQLite adapter

 [32m✓[39m src/__tests__/hud-axiom.test.ts [2m([22m[2m23 tests[22m[2m)[22m[32m 227[2mms[22m[39m
[90mstdout[2m | src/team/__tests__/mcp-team-bridge.test.ts[2m > [22m[2mrunBridge[2m > [22m[2mpermanently fails task when retries exhausted
[22m[39m2026-03-14T08:19:25.203Z [bridge] Shutdown signal received: done
2026-03-14T08:19:25.203Z [bridge] Shutdown complete. Goodbye.

 [32m✓[39m src/team/__tests__/mcp-team-bridge.test.ts [2m([22m[2m36 tests[22m[2m)[22m[33m 533[2mms[22m[39m
 [32m✓[39m src/tools/__tests__/notepad-tools.test.ts [2m([22m[2m20 tests[22m[2m)[22m[33m 414[2mms[22m[39m
 [32m✓[39m src/__tests__/compatibility-security.test.ts [2m([22m[2m34 tests[22m[2m)[22m[33m 13954[2mms[22m[39m
     [33m[2m✓[22m[39m should block LD_PRELOAD environment variable [33m 1144[2mms[22m[39m
     [33m[2m✓[22m[39m should block LD_LIBRARY_PATH environment variable [33m 1148[2mms[22m[39m
     [33m[2m✓[22m[39m should block DYLD_INSERT_LIBRARIES environment variable [33m 1147[2mms[22m[39m
     [33m[2m✓[22m[39m should block DYLD_LIBRARY_PATH environment variable [33m 1144[2mms[22m[39m
     [33m[2m✓[22m[39m should block NODE_OPTIONS environment variable [33m 1133[2mms[22m[39m
     [33m[2m✓[22m[39m should block PYTHONSTARTUP environment variable [33m 1146[2mms[22m[39m
     [33m[2m✓[22m[39m should block PYTHONPATH environment variable [33m 1144[2mms[22m[39m
     [33m[2m✓[22m[39m should block RUBYOPT environment variable [33m 1144[2mms[22m[39m
     [33m[2m✓[22m[39m should block PERL5OPT environment variable [33m 1143[2mms[22m[39m
     [33m[2m✓[22m[39m should block BASH_ENV environment variable [33m 1146[2mms[22m[39m
     [33m[2m✓[22m[39m should allow safe environment variables [33m 1143[2mms[22m[39m
     [33m[2m✓[22m[39m should not leave zombie connections on spawn failure [33m 1153[2mms[22m[39m
 [32m✓[39m src/team/__tests__/git-worktree.test.ts [2m([22m[2m8 tests[22m[2m)[22m[33m 14838[2mms[22m[39m
       [33m[2m✓[22m[39m creates worktree at correct path [33m 1787[2mms[22m[39m
       [33m[2m✓[22m[39m branch name is properly sanitized [33m 2041[2mms[22m[39m
       [33m[2m✓[22m[39m handles recreation of stale worktree [33m 2691[2mms[22m[39m
       [33m[2m✓[22m[39m removes worktree and branch [33m 1576[2mms[22m[39m
       [33m[2m✓[22m[39m does not throw for non-existent worktree [33m 1046[2mms[22m[39m
       [33m[2m✓[22m[39m returns empty for team with no worktrees [33m 882[2mms[22m[39m
       [33m[2m✓[22m[39m lists created worktrees [33m 2664[2mms[22m[39m
       [33m[2m✓[22m[39m removes all worktrees for a team [33m 2147[2mms[22m[39m
 [32m✓[39m src/hooks/subagent-tracker/__tests__/index.test.ts [2m([22m[2m25 tests[22m[2m)[22m[33m 516[2mms[22m[39m
[90mstderr[2m | src/hooks/ralph/__tests__/loop.test.ts[2m > [22m[2mRalph Loop[2m > [22m[2mHook Interface[2m > [22m[2mprevents start when UltraQA active
[22m[39mCannot start Ralph Loop while UltraQA is active. Cancel UltraQA first with /ultrapower:cancel.

 [32m✓[39m src/team/__tests__/outbox-reader.test.ts [2m([22m[2m9 tests[22m[2m)[22m[33m 434[2mms[22m[39m
 [32m✓[39m src/__tests__/tools/trace-tools.test.ts [2m([22m[2m22 tests[22m[2m)[22m[33m 677[2mms[22m[39m
 [32m✓[39m src/tools/lsp/__tests__/client-p0-scenarios.test.ts [2m([22m[2m9 tests[22m[2m)[22m[33m 360[2mms[22m[39m
       [33m[2m✓[22m[39m should disconnect when buffer exceeds 64MB limit [33m 305[2mms[22m[39m
 [32m✓[39m src/installer/__tests__/edge-cases.test.ts [2m([22m[2m4 tests[22m[2m)[22m[33m 896[2mms[22m[39m
     [33m[2m✓[22m[39m handles force and forceHooks together [33m 754[2mms[22m[39m
 [32m✓[39m src/team/__tests__/audit-log.test.ts [2m([22m[2m16 tests[22m[2m)[22m[33m 512[2mms[22m[39m
 [32m✓[39m src/hooks/__tests__/bridge-pkill.test.ts [2m([22m[2m21 tests[22m[2m)[22m[33m 690[2mms[22m[39m
       [33m[2m✓[22m[39m should warn for pkill -f command [33m 651[2mms[22m[39m
[90mstdout[2m | src/hooks/ralph/__tests__/loop.test.ts[2m > [22m[2mRalph Loop[2m > [22m[2mError Handling[2m > [22m[2mhandles corrupted state file gracefully
[22m[39m[state-adapter] Read failed: SyntaxError: Unexpected token 'i', "invalid json" is not valid JSON
    at JSON.parse (<anonymous>)
    at FileStateAdapter.read (C:/Users/ljyih/Desktop/ultrapower/src/lib/state-adapter.ts:92:26)
    at readRalphState (C:/Users/ljyih/Desktop/ultrapower/src/hooks/ralph/loop.ts:143:18)
    at C:/Users/ljyih/Desktop/ultrapower/src/hooks/ralph/__tests__/loop.test.ts:316:14
    at [90mfile:///C:/Users/ljyih/Desktop/ultrapower/[39mnode_modules/[4m@vitest/runner[24m/dist/index.js:145:11
    at [90mfile:///C:/Users/ljyih/Desktop/ultrapower/[39mnode_modules/[4m@vitest/runner[24m/dist/index.js:915:26
    at [90mfile:///C:/Users/ljyih/Desktop/ultrapower/[39mnode_modules/[4m@vitest/runner[24m/dist/index.js:1243:20
    at new Promise (<anonymous>)
    at runWithTimeout [90m(file:///C:/Users/ljyih/Desktop/ultrapower/[39mnode_modules/[4m@vitest/runner[24m/dist/index.js:1209:10[90m)[39m
    at [90mfile:///C:/Users/ljyih/Desktop/ultrapower/[39mnode_modules/[4m@vitest/runner[24m/dist/index.js:1653:37

 [32m✓[39m src/hooks/ralph/__tests__/loop.test.ts [2m([22m[2m26 tests[22m[2m)[22m[33m 738[2mms[22m[39m
 [32m✓[39m src/hooks/persistent-mode/__tests__/ralph-max-iteration.test.ts [2m([22m[2m1 test[22m[2m)[22m[33m 786[2mms[22m[39m
     [33m[2m✓[22m[39m extends max iterations and keeps ralph blocking instead of silently stopping [33m 783[2mms[22m[39m
[90mstdout[2m | src/hooks/ultrapilot/__tests__/index.test.ts[2m > [22m[2multrapilot coordinator[2m > [22m[2mfile ownership[2m > [22m[2mshould track shared files correctly
[22m[39mhandleSharedFiles result: [33mtrue[39m
isSharedFile result: [33mtrue[39m

 [32m✓[39m src/hooks/ultrapilot/__tests__/index.test.ts [2m([22m[2m13 tests[22m[2m)[22m[33m 373[2mms[22m[39m
 [32m✓[39m src/hooks/autopilot/__tests__/state.test.ts [2m([22m[2m9 tests[22m[2m)[22m[32m 198[2mms[22m[39m
 [32m✓[39m src/lib/__tests__/plugin-rollback.test.ts [2m([22m[2m5 tests[22m[2m)[22m[32m 201[2mms[22m[39m
 [32m✓[39m src/tools/__tests__/memory-tools.test.ts [2m([22m[2m19 tests[22m[2m)[22m[32m 178[2mms[22m[39m
[90mstderr[2m | src/hooks/__tests__/compaction-concurrency.test.ts[2m > [22m[2mprocessPreCompact - Compaction Mutex (issue #453)[2m > [22m[2mshould complete successfully for a single call
[22m[39m[job-state-db] DEPRECATED: using _lastCwd fallback. Pass cwd explicitly.
[job-state-db] DEPRECATED: using _lastCwd fallback. Pass cwd explicitly.
[job-state-db] DEPRECATED: using _lastCwd fallback. Pass cwd explicitly.

[90mstderr[2m | src/hooks/__tests__/compaction-concurrency.test.ts[2m > [22m[2mprocessPreCompact - Compaction Mutex (issue #453)[2m > [22m[2mshould serialize concurrent calls for the same directory
[22m[39m[job-state-db] DEPRECATED: using _lastCwd fallback. Pass cwd explicitly.
[job-state-db] DEPRECATED: using _lastCwd fallback. Pass cwd explicitly.
[job-state-db] DEPRECATED: using _lastCwd fallback. Pass cwd explicitly.

[90mstderr[2m | src/hooks/__tests__/compaction-concurrency.test.ts[2m > [22m[2mprocessPreCompact - Compaction Mutex (issue #453)[2m > [22m[2mshould only create one checkpoint file per coalesced batch
[22m[39m[job-state-db] DEPRECATED: using _lastCwd fallback. Pass cwd explicitly.
[job-state-db] DEPRECATED: using _lastCwd fallback. Pass cwd explicitly.
[job-state-db] DEPRECATED: using _lastCwd fallback. Pass cwd explicitly.

[90mstderr[2m | src/hooks/__tests__/compaction-concurrency.test.ts[2m > [22m[2mprocessPreCompact - Compaction Mutex (issue #453)[2m > [22m[2mshould not report in-progress after completion
[22m[39m[job-state-db] DEPRECATED: using _lastCwd fallback. Pass cwd explicitly.
[job-state-db] DEPRECATED: using _lastCwd fallback. Pass cwd explicitly.
[job-state-db] DEPRECATED: using _lastCwd fallback. Pass cwd explicitly.

[90mstderr[2m | src/hooks/__tests__/compaction-concurrency.test.ts[2m > [22m[2mprocessPreCompact - Compaction Mutex (issue #453)[2m > [22m[2mshould allow sequential compactions for the same directory
[22m[39m[job-state-db] DEPRECATED: using _lastCwd fallback. Pass cwd explicitly.
[job-state-db] DEPRECATED: using _lastCwd fallback. Pass cwd explicitly.
[job-state-db] DEPRECATED: using _lastCwd fallback. Pass cwd explicitly.

[90mstderr[2m | src/hooks/__tests__/compaction-concurrency.test.ts[2m > [22m[2mprocessPreCompact - Compaction Mutex (issue #453)[2m > [22m[2mshould allow sequential compactions for the same directory
[22m[39m[job-state-db] DEPRECATED: using _lastCwd fallback. Pass cwd explicitly.
[job-state-db] DEPRECATED: using _lastCwd fallback. Pass cwd explicitly.
[job-state-db] DEPRECATED: using _lastCwd fallback. Pass cwd explicitly.

[90mstderr[2m | src/hooks/__tests__/compaction-concurrency.test.ts[2m > [22m[2mprocessPreCompact - Compaction Mutex (issue #453)[2m > [22m[2mshould handle concurrent calls for different directories independently
[22m[39m[job-state-db] DEPRECATED: using _lastCwd fallback. Pass cwd explicitly.
[job-state-db] DEPRECATED: using _lastCwd fallback. Pass cwd explicitly.
[job-state-db] DEPRECATED: using _lastCwd fallback. Pass cwd explicitly.

[90mstderr[2m | src/hooks/__tests__/compaction-concurrency.test.ts[2m > [22m[2mprocessPreCompact - Compaction Mutex (issue #453)[2m > [22m[2mshould handle concurrent calls for different directories independently
[22m[39m[job-state-db] DEPRECATED: using _lastCwd fallback. Pass cwd explicitly.
[job-state-db] DEPRECATED: using _lastCwd fallback. Pass cwd explicitly.
[job-state-db] DEPRECATED: using _lastCwd fallback. Pass cwd explicitly.

[90mstderr[2m | src/hooks/__tests__/compaction-concurrency.test.ts[2m > [22m[2mprocessPreCompact - Compaction Mutex (issue #453)[2m > [22m[2mshould propagate rejection to all coalesced callers and clear mutex
[22m[39m[job-state-db] DEPRECATED: using _lastCwd fallback. Pass cwd explicitly.
[job-state-db] DEPRECATED: using _lastCwd fallback. Pass cwd explicitly.
[job-state-db] DEPRECATED: using _lastCwd fallback. Pass cwd explicitly.

 [32m✓[39m src/hooks/__tests__/compaction-concurrency.test.ts [2m([22m[2m14 tests[22m[2m)[22m[33m 340[2mms[22m[39m
 [32m✓[39m src/monitoring/__tests__/dashboard.test.ts [2m([22m[2m6 tests[22m[2m)[22m[32m 93[2mms[22m[39m
 [32m✓[39m src/team/__tests__/team-registration.test.ts [2m([22m[2m13 tests[22m[2m)[22m[32m 201[2mms[22m[39m
 [32m✓[39m src/__tests__/analytics/transcript-scanner.test.ts [2m([22m[2m24 tests[22m[2m)[22m[33m 527[2mms[22m[39m
 [32m✓[39m src/hooks/persistent-mode/session-isolation.test.ts [2m([22m[2m28 tests[22m[2m)[22m[33m 15296[2mms[22m[39m
       [33m[2m✓[22m[39m should block stop when session_id matches active ultrawork [33m 1316[2mms[22m[39m
       [33m[2m✓[22m[39m should NOT block stop when session_id does not match [33m 348[2mms[22m[39m
       [33m[2m✓[22m[39m should NOT block after ultrawork is deactivated [33m 500[2mms[22m[39m
       [33m[2m✓[22m[39m should NOT block when session_id is undefined and state has session_id [33m 422[2mms[22m[39m
       [33m[2m✓[22m[39m should support session-scoped state files [33m 301[2mms[22m[39m
       [33m[2m✓[22m[39m Session A cannot see Session B state in session-scoped dirs [33m 437[2mms[22m[39m
       [33m[2m✓[22m[39m should block when sessionId matches ultrawork state [33m 660[2mms[22m[39m
       [33m[2m✓[22m[39m should NOT block when sessionId does not match ultrawork state [33m 629[2mms[22m[39m
       [33m[2m✓[22m[39m should NOT block for legacy state when sessionId is provided (session isolation) [33m 569[2mms[22m[39m
       [33m[2m✓[22m[39m should ignore invalid sessionId when reading session-scoped state [33m 671[2mms[22m[39m
       [33m[2m✓[22m[39m should not block legacy state when invalid sessionId is provided [33m 559[2mms[22m[39m
       [33m[2m✓[22m[39m should NOT block for legacy autopilot state when sessionId is provided [33m 464[2mms[22m[39m
       [33m[2m✓[22m[39m should block for legacy state when no sessionId provided (backward compat) [33m 548[2mms[22m[39m
       [33m[2m✓[22m[39m should block for legacy autopilot state when no sessionId provided [33m 776[2mms[22m[39m
       [33m[2m✓[22m[39m should accept sessionId (camelCase) for session identification [33m 536[2mms[22m[39m
       [33m[2m✓[22m[39m should accept session_id (snake_case) for session identification [33m 545[2mms[22m[39m
       [33m[2m✓[22m[39m should accept sessionid (lowercase) for session identification [33m 570[2mms[22m[39m
       [33m[2m✓[22m[39m should prefer sessionId over session_id when both provided [33m 563[2mms[22m[39m
       [33m[2m✓[22m[39m should prefer session_id over sessionid when both provided [33m 409[2mms[22m[39m
       [33m[2m✓[22m[39m should prefer sessionId over sessionid when both provided [33m 671[2mms[22m[39m
       [33m[2m✓[22m[39m should fall back to session_id when sessionId is empty [33m 428[2mms[22m[39m
       [33m[2m✓[22m[39m should block when project_path matches current directory [33m 561[2mms[22m[39m
       [33m[2m✓[22m[39m should NOT block when project_path does not match current directory [33m 350[2mms[22m[39m
       [33m[2m✓[22m[39m should NOT block for legacy local state when sessionId provided (session isolation) [33m 403[2mms[22m[39m
       [33m[2m✓[22m[39m should ignore invalid sessionId when checking session-scoped state [33m 600[2mms[22m[39m
       [33m[2m✓[22m[39m should not block legacy state when invalid sessionId is provided (project isolation) [33m 546[2mms[22m[39m
       [33m[2m✓[22m[39m should block for legacy local state when no sessionId (backward compat) [33m 611[2mms[22m[39m
 [32m✓[39m src/hooks/learner/__tests__/index-manager-filter.test.ts [2m([22m[2m16 tests[22m[2m)[22m[33m 334[2mms[22m[39m
 [32m✓[39m src/team/__tests__/inbox-outbox.test.ts [2m([22m[2m22 tests[22m[2m)[22m[33m 328[2mms[22m[39m
 [32m✓[39m src/team/__tests__/team-status.test.ts [2m([22m[2m5 tests[22m[2m)[22m[32m 296[2mms[22m[39m
 [32m✓[39m src/__tests__/analytics/backfill-engine.test.ts [2m([22m[2m11 tests[22m[2m)[22m[33m 374[2mms[22m[39m
 [32m✓[39m src/__tests__/hud/windows-platform.test.ts [2m([22m[2m35 tests[22m[2m)[22m[33m 415[2mms[22m[39m
       [33m[2m✓[22m[39m should use ASCII icons on Windows [33m 319[2mms[22m[39m
 [32m✓[39m src/__tests__/agent-registry.test.ts [2m([22m[2m4 tests[22m[2m)[22m[33m 852[2mms[22m[39m
     [33m[2m✓[22m[39m all registry agents are exported from index.ts [33m 801[2mms[22m[39m
[90mstderr[2m | src/features/state-manager/__tests__/encryption-integration.test.ts[2m > [22m[2mEncryption Integration[2m > [22m[2mKey Rotation and Migration[2m > [22m[2mshould migrate state when key changes
[22m[39mFailed to read state from .omc\state\team.json: Error: Unsupported state or unable to authenticate data
[90m    at Decipheriv.final (node:internal/crypto/cipher:170:29)[39m
    at decryptState (C:/Users/ljyih/Desktop/ultrapower/src/features/state-manager/encryption.ts:81:14)
    at readEncryptedState (C:/Users/ljyih/Desktop/ultrapower/src/features/state-manager/encryption.ts:105:10)
    at readState (C:/Users/ljyih/Desktop/ultrapower/src/features/state-manager/index.ts:196:20)
    at C:/Users/ljyih/Desktop/ultrapower/src/features/state-manager/__tests__/encryption-integration.test.ts:94:25
    at file:///C:/Users/ljyih/Desktop/ultrapower/node_modules/[4m@vitest/runner[24m/dist/index.js:145:11
    at file:///C:/Users/ljyih/Desktop/ultrapower/node_modules/[4m@vitest/runner[24m/dist/index.js:915:26
    at file:///C:/Users/ljyih/Desktop/ultrapower/node_modules/[4m@vitest/runner[24m/dist/index.js:1243:20
    at new Promise (<anonymous>)
    at runWithTimeout (file:///C:/Users/ljyih/Desktop/ultrapower/node_modules/[4m@vitest/runner[24m/dist/index.js:1209:10)

[90mstderr[2m | src/features/state-manager/__tests__/encryption-integration.test.ts[2m > [22m[2mEncryption Integration[2m > [22m[2mDecryption Error Handling[2m > [22m[2mshould handle wrong key gracefully
[22m[39mFailed to read state from .omc\state\ultraqa.json: Error: Unsupported state or unable to authenticate data
[90m    at Decipheriv.final (node:internal/crypto/cipher:170:29)[39m
    at decryptState (C:/Users/ljyih/Desktop/ultrapower/src/features/state-manager/encryption.ts:81:14)
    at readEncryptedState (C:/Users/ljyih/Desktop/ultrapower/src/features/state-manager/encryption.ts:105:10)
    at readState (C:/Users/ljyih/Desktop/ultrapower/src/features/state-manager/index.ts:196:20)
    at C:/Users/ljyih/Desktop/ultrapower/src/features/state-manager/__tests__/encryption-integration.test.ts:140:22
    at file:///C:/Users/ljyih/Desktop/ultrapower/node_modules/[4m@vitest/runner[24m/dist/index.js:145:11
    at file:///C:/Users/ljyih/Desktop/ultrapower/node_modules/[4m@vitest/runner[24m/dist/index.js:915:26
    at file:///C:/Users/ljyih/Desktop/ultrapower/node_modules/[4m@vitest/runner[24m/dist/index.js:1243:20
    at new Promise (<anonymous>)
    at runWithTimeout (file:///C:/Users/ljyih/Desktop/ultrapower/node_modules/[4m@vitest/runner[24m/dist/index.js:1209:10)

 [32m✓[39m src/features/state-manager/__tests__/encryption-integration.test.ts [2m([22m[2m7 tests[22m[2m)[22m[32m 193[2mms[22m[39m
 [32m✓[39m src/__tests__/analytics/token-tracker.test.ts [2m([22m[2m9 tests[22m[2m)[22m[32m 216[2mms[22m[39m
 [32m✓[39m src/hooks/permission-handler/__tests__/index.test.ts [2m([22m[2m119 tests[22m[2m)[22m[32m 246[2mms[22m[39m
 [32m✓[39m src/lib/__tests__/state-cache.test.ts [2m([22m[2m8 tests[22m[2m)[22m[32m 299[2mms[22m[39m
 [32m✓[39m src/mcp/__tests__/client.test.ts [2m([22m[2m17 tests[22m[2m)[22m[33m 358[2mms[22m[39m
       [33m[2m✓[22m[39m should retry on connection failure [33m 320[2mms[22m[39m
 [32m✓[39m src/features/ccg/__tests__/cache-performance.test.ts [2m([22m[2m2 tests[22m[2m)[22m[32m 144[2mms[22m[39m
 [32m✓[39m src/hooks/ralph/__tests__/index.test.ts [2m([22m[2m6 tests[22m[2m)[22m[32m 224[2mms[22m[39m
 [32m✓[39m src/hooks/ralph/__tests__/prd.test.ts [2m([22m[2m21 tests[22m[2m)[22m[32m 105[2mms[22m[39m
 [32m✓[39m src/team/__tests__/summary-report.test.ts [2m([22m[2m11 tests[22m[2m)[22m[33m 384[2mms[22m[39m
 [32m✓[39m tests/security/concurrency-control.test.ts [2m([22m[2m11 tests[22m[2m)[22m[32m 277[2mms[22m[39m
 [32m✓[39m src/hooks/subagent-tracker/__tests__/boundary-conditions.test.ts [2m([22m[2m10 tests[22m[2m)[22m[32m 75[2mms[22m[39m
[90mstderr[2m | src/hooks/__tests__/bridge-security.test.ts[2m > [22m[2mMCP Prompt Injection Boundaries[2m > [22m[2mshould return undefined for non-existent but valid-format agent roles
[22m[39m[loadAgentPrompt] Agent prompt file not found
[prompt-injection] Agent role "nonexistent-agent-xyz" prompt not found, skipping injection

[90mstdout[2m | src/hooks/__tests__/bridge-security.test.ts[2m > [22m[2mState Poisoning Resilience[2m > [22m[2mshould return null for completely invalid JSON state
[22m[39m[state-adapter] Read failed: SyntaxError: Unexpected token 'T', "THIS IS NO"... is not valid JSON
    at JSON.parse (<anonymous>)
    at FileStateAdapter.read (C:/Users/ljyih/Desktop/ultrapower/src/lib/state-adapter.ts:92:26)
    at readAutopilotState (C:/Users/ljyih/Desktop/ultrapower/src/hooks/autopilot/state.ts:49:18)
    at C:/Users/ljyih/Desktop/ultrapower/src/hooks/__tests__/bridge-security.test.ts:168:19
    at [90mfile:///C:/Users/ljyih/Desktop/ultrapower/[39mnode_modules/[4m@vitest/runner[24m/dist/index.js:145:11
    at [90mfile:///C:/Users/ljyih/Desktop/ultrapower/[39mnode_modules/[4m@vitest/runner[24m/dist/index.js:915:26
    at [90mfile:///C:/Users/ljyih/Desktop/ultrapower/[39mnode_modules/[4m@vitest/runner[24m/dist/index.js:1243:20
    at new Promise (<anonymous>)
    at runWithTimeout [90m(file:///C:/Users/ljyih/Desktop/ultrapower/[39mnode_modules/[4m@vitest/runner[24m/dist/index.js:1209:10[90m)[39m
    at [90mfile:///C:/Users/ljyih/Desktop/ultrapower/[39mnode_modules/[4m@vitest/runner[24m/dist/index.js:1653:37

[90mstdout[2m | src/hooks/__tests__/bridge-security.test.ts[2m > [22m[2mState Poisoning Resilience[2m > [22m[2mshould return null for empty string state file
[22m[39m[state-adapter] Read failed: SyntaxError: Unexpected end of JSON input
    at JSON.parse (<anonymous>)
    at FileStateAdapter.read (C:/Users/ljyih/Desktop/ultrapower/src/lib/state-adapter.ts:92:26)
    at readAutopilotState (C:/Users/ljyih/Desktop/ultrapower/src/hooks/autopilot/state.ts:49:18)
    at C:/Users/ljyih/Desktop/ultrapower/src/hooks/__tests__/bridge-security.test.ts:178:19
    at [90mfile:///C:/Users/ljyih/Desktop/ultrapower/[39mnode_modules/[4m@vitest/runner[24m/dist/index.js:145:11
    at [90mfile:///C:/Users/ljyih/Desktop/ultrapower/[39mnode_modules/[4m@vitest/runner[24m/dist/index.js:915:26
    at [90mfile:///C:/Users/ljyih/Desktop/ultrapower/[39mnode_modules/[4m@vitest/runner[24m/dist/index.js:1243:20
    at new Promise (<anonymous>)
    at runWithTimeout [90m(file:///C:/Users/ljyih/Desktop/ultrapower/[39mnode_modules/[4m@vitest/runner[24m/dist/index.js:1209:10[90m)[39m
    at [90mfile:///C:/Users/ljyih/Desktop/ultrapower/[39mnode_modules/[4m@vitest/runner[24m/dist/index.js:1653:37

 [32m✓[39m src/features/state-manager/__tests__/cache.test.ts [2m([22m[2m14 tests[22m[2m)[22m[32m 134[2mms[22m[39m
[90mstdout[2m | src/hooks/__tests__/bridge-security.test.ts[2m > [22m[2mState Poisoning Resilience[2m > [22m[2mshould return null for truncated JSON state
[22m[39m[state-adapter] Read failed: SyntaxError: Unterminated string in JSON at position 31 (line 1 column 32)
    at JSON.parse (<anonymous>)
    at FileStateAdapter.read (C:/Users/ljyih/Desktop/ultrapower/src/lib/state-adapter.ts:92:26)
    at readAutopilotState (C:/Users/ljyih/Desktop/ultrapower/src/hooks/autopilot/state.ts:49:18)
    at C:/Users/ljyih/Desktop/ultrapower/src/hooks/__tests__/bridge-security.test.ts:188:19
    at [90mfile:///C:/Users/ljyih/Desktop/ultrapower/[39mnode_modules/[4m@vitest/runner[24m/dist/index.js:145:11
    at [90mfile:///C:/Users/ljyih/Desktop/ultrapower/[39mnode_modules/[4m@vitest/runner[24m/dist/index.js:915:26
    at [90mfile:///C:/Users/ljyih/Desktop/ultrapower/[39mnode_modules/[4m@vitest/runner[24m/dist/index.js:1243:20
    at new Promise (<anonymous>)
    at runWithTimeout [90m(file:///C:/Users/ljyih/Desktop/ultrapower/[39mnode_modules/[4m@vitest/runner[24m/dist/index.js:1209:10[90m)[39m
    at [90mfile:///C:/Users/ljyih/Desktop/ultrapower/[39mnode_modules/[4m@vitest/runner[24m/dist/index.js:1653:37

[90mstdout[2m | src/hooks/__tests__/bridge-security.test.ts[2m > [22m[2mState Poisoning Resilience[2m > [22m[2mshould return null for binary data state file
[22m[39m[state-adapter] Read failed: SyntaxError: Unexpected token ' ', " ��" is not valid JSON
    at JSON.parse (<anonymous>)
    at FileStateAdapter.read (C:/Users/ljyih/Desktop/ultrapower/src/lib/state-adapter.ts:92:26)
    at readAutopilotState (C:/Users/ljyih/Desktop/ultrapower/src/hooks/autopilot/state.ts:49:18)
    at C:/Users/ljyih/Desktop/ultrapower/src/hooks/__tests__/bridge-security.test.ts:212:19
    at [90mfile:///C:/Users/ljyih/Desktop/ultrapower/[39mnode_modules/[4m@vitest/runner[24m/dist/index.js:145:11
    at [90mfile:///C:/Users/ljyih/Desktop/ultrapower/[39mnode_modules/[4m@vitest/runner[24m/dist/index.js:915:26
    at [90mfile:///C:/Users/ljyih/Desktop/ultrapower/[39mnode_modules/[4m@vitest/runner[24m/dist/index.js:1243:20
    at new Promise (<anonymous>)
    at runWithTimeout [90m(file:///C:/Users/ljyih/Desktop/ultrapower/[39mnode_modules/[4m@vitest/runner[24m/dist/index.js:1209:10[90m)[39m
    at [90mfile:///C:/Users/ljyih/Desktop/ultrapower/[39mnode_modules/[4m@vitest/runner[24m/dist/index.js:1653:37

[90mstderr[2m | src/hooks/__tests__/background-process-guard.test.ts[2m > [22m[2mBackground Process Guard (issue #302)[2m > [22m[2mTask tool with run_in_background=true[2m > [22m[2mshould allow background Task when under limit
[22m[39m[worktree] non-git directory provided, falling back to process root { directory: [32m'C:\\tmp\\test'[39m }

 [32m✓[39m src/hooks/subagent-tracker/__tests__/syncSleep.test.ts [2m([22m[2m5 tests[22m[2m)[22m[32m 225[2mms[22m[39m
[90mstderr[2m | src/hooks/__tests__/background-process-guard.test.ts[2m > [22m[2mBackground Process Guard (issue #302)[2m > [22m[2mTask tool with run_in_background=true[2m > [22m[2mshould block background Task when at limit
[22m[39m[worktree] non-git directory provided, falling back to process root { directory: [32m'C:\\tmp\\test'[39m }

[90mstderr[2m | src/hooks/__tests__/background-process-guard.test.ts[2m > [22m[2mBackground Process Guard (issue #302)[2m > [22m[2mTask tool with run_in_background=true[2m > [22m[2mshould block background Task when over limit
[22m[39m[worktree] non-git directory provided, falling back to process root { directory: [32m'C:\\tmp\\test'[39m }

[90mstderr[2m | src/hooks/__tests__/background-process-guard.test.ts[2m > [22m[2mBackground Process Guard (issue #302)[2m > [22m[2mTask tool with run_in_background=true[2m > [22m[2mshould allow foreground Task (no run_in_background)
[22m[39m[worktree] non-git directory provided, falling back to process root { directory: [32m'C:\\tmp\\test'[39m }

[90mstdout[2m | src/hooks/__tests__/bridge-security.test.ts[2m > [22m[2mInput Normalization Security[2m > [22m[2mshould pass through unknown fields for non-sensitive hooks
[22m[39m[bridge-normalize] Unknown field "custom_field" passed through for hook "pre-tool-use"

[90mstderr[2m | src/hooks/__tests__/background-process-guard.test.ts[2m > [22m[2mBackground Process Guard (issue #302)[2m > [22m[2mTask tool with run_in_background=true[2m > [22m[2mshould allow foreground Task when run_in_background=false
[22m[39m[worktree] non-git directory provided, falling back to process root { directory: [32m'C:\\tmp\\test'[39m }

[90mstderr[2m | src/hooks/__tests__/bridge-security.test.ts[2m > [22m[2mNormalization Fast-Path[2m > [22m[2mshould apply sensitive filtering via Zod path (sensitive hooks no longer use fast path)
[22m[39m[bridge-normalize] Dropped unknown fields for sensitive hook "permission-request": injected

[90mstderr[2m | src/hooks/__tests__/background-process-guard.test.ts[2m > [22m[2mBackground Process Guard (issue #302)[2m > [22m[2mBash tool with run_in_background=true[2m > [22m[2mshould block background Bash when at limit
[22m[39m[worktree] non-git directory provided, falling back to process root { directory: [32m'C:\\tmp\\test'[39m }

[90mstderr[2m | src/hooks/__tests__/bridge-security.test.ts[2m > [22m[2mFast-Path Security Regression (T-1e)[2m > [22m[2mcase 1: sensitive hook with malicious camelCase input forces Zod path
[22m[39m[bridge-normalize] Dropped unknown fields for sensitive hook "permission-request": __injected__, maliciousField
[bridge-normalize] Dropped unknown fields for sensitive hook "setup-init": __injected__, maliciousField
[bridge-normalize] Dropped unknown fields for sensitive hook "setup-maintenance": __injected__, maliciousField
[bridge-normalize] Dropped unknown fields for sensitive hook "session-end": __injected__, maliciousField

[90mstderr[2m | src/hooks/__tests__/background-process-guard.test.ts[2m > [22m[2mBackground Process Guard (issue #302)[2m > [22m[2mBash tool with run_in_background=true[2m > [22m[2mshould allow foreground Bash even when at limit
[22m[39m[worktree] non-git directory provided, falling back to process root { directory: [32m'C:\\tmp\\test'[39m }

 [32m✓[39m src/tools/python-repl/__tests__/session-lock.test.ts [2m([22m[2m17 tests[22m[2m)[22m[32m 264[2mms[22m[39m
[90mstderr[2m | src/hooks/__tests__/bridge-security.test.ts[2m > [22m[2mT003: Hook Input Whitelist Enforcement[2m > [22m[2mshould drop unknown fields for permission-request
[22m[39m[bridge-normalize] Dropped unknown fields for sensitive hook "permission-request": malicious_field

[90mstderr[2m | src/hooks/__tests__/background-process-guard.test.ts[2m > [22m[2mBackground Process Guard (issue #302)[2m > [22m[2mconfigurable limits[2m > [22m[2mshould respect custom maxBackgroundTasks from config
[22m[39m[worktree] non-git directory provided, falling back to process root { directory: [32m'C:\\tmp\\test'[39m }

[90mstderr[2m | src/hooks/__tests__/bridge-security.test.ts[2m > [22m[2mT003: Hook Input Whitelist Enforcement[2m > [22m[2mshould drop unknown fields for session-end
[22m[39m[bridge-normalize] Dropped unknown fields for sensitive hook "session-end": injected

[90mstderr[2m | src/hooks/__tests__/background-process-guard.test.ts[2m > [22m[2mBackground Process Guard (issue #302)[2m > [22m[2mconfigurable limits[2m > [22m[2mshould allow up to limit - 1 tasks
[22m[39m[worktree] non-git directory provided, falling back to process root { directory: [32m'C:\\tmp\\test'[39m }

[90mstderr[2m | src/hooks/__tests__/bridge-security.test.ts[2m > [22m[2mT003: Hook Input Whitelist Enforcement[2m > [22m[2mshould test all HookTypes in SENSITIVE_HOOKS
[22m[39m[bridge-normalize] Dropped unknown fields for sensitive hook "permission-request": unknown
[bridge-normalize] Dropped unknown fields for sensitive hook "setup-init": unknown
[bridge-normalize] Dropped unknown fields for sensitive hook "setup-maintenance": unknown
[bridge-normalize] Dropped unknown fields for sensitive hook "session-end": unknown

[90mstderr[2m | src/hooks/__tests__/background-process-guard.test.ts[2m > [22m[2mBackground Process Guard (issue #302)[2m > [22m[2mconfigurable limits[2m > [22m[2mshould default to 5 when config has no maxBackgroundTasks
[22m[39m[worktree] non-git directory provided, falling back to process root { directory: [32m'C:\\tmp\\test'[39m }

[90mstderr[2m | src/hooks/__tests__/background-process-guard.test.ts[2m > [22m[2mBackground Process Guard (issue #302)[2m > [22m[2mnon-background tools unaffected[2m > [22m[2mshould not block Read tool
[22m[39m[worktree] non-git directory provided, falling back to process root { directory: [32m'C:\\tmp\\test'[39m }

 [32m✓[39m src/hooks/__tests__/bridge-security.test.ts [2m([22m[2m89 tests[22m[2m)[22m[32m 182[2mms[22m[39m
 [32m✓[39m src/hooks/learner/__tests__/queue-archiver.test.ts [2m([22m[2m9 tests[22m[2m)[22m[33m 337[2mms[22m[39m
[90mstderr[2m | src/hooks/__tests__/background-process-guard.test.ts[2m > [22m[2mBackground Process Guard (issue #302)[2m > [22m[2mnon-background tools unaffected[2m > [22m[2mshould not block Write tool
[22m[39m[worktree] non-git directory provided, falling back to process root { directory: [32m'C:\\tmp\\test'[39m }

 [32m✓[39m src/__tests__/directory-context-injector.test.ts [2m([22m[2m17 tests[22m[2m)[22m[32m 210[2mms[22m[39m
 [32m✓[39m src/hooks/__tests__/background-process-guard.test.ts [2m([22m[2m12 tests[22m[2m)[22m[33m 430[2mms[22m[39m
[90mstdout[2m | src/hooks/learner/__tests__/reflection-archiver.test.ts[2m > [22m[2marchiveReflections[2m > [22m[2m11 条时 archived=1，kept=10
[22m[39m[归档] reflection_log: 已移动 1 条反思至 reflection_log_archive.md

[90mstdout[2m | src/hooks/learner/__tests__/reflection-archiver.test.ts[2m > [22m[2marchiveReflections[2m > [22m[2m11 条时，最旧的块（2026-01-01）出现在归档文件中
[22m[39m[归档] reflection_log: 已移动 1 条反思至 reflection_log_archive.md

[90mstdout[2m | src/hooks/learner/__tests__/reflection-archiver.test.ts[2m > [22m[2marchiveReflections[2m > [22m[2m11 条时，最新的 10 块保留在主文件中，最旧块不在主文件
[22m[39m[归档] reflection_log: 已移动 1 条反思至 reflection_log_archive.md

[90mstdout[2m | src/hooks/learner/__tests__/reflection-archiver.test.ts[2m > [22m[2marchiveReflections[2m > [22m[2m15 条时 archived=5，kept=10，主文件只含 10 条 ## 反思 块
[22m[39m[归档] reflection_log: 已移动 5 条反思至 reflection_log_archive.md

 [32m✓[39m src/team/__tests__/merge-coordinator.test.ts [2m([22m[2m6 tests[22m[2m)[22m[33m 18292[2mms[22m[39m
       [33m[2m✓[22m[39m returns empty for non-conflicting branches [33m 2424[2mms[22m[39m
       [33m[2m✓[22m[39m detects potentially conflicting files [33m 3580[2mms[22m[39m
       [33m[2m✓[22m[39m succeeds for clean merge [33m 2679[2mms[22m[39m
       [33m[2m✓[22m[39m fails and aborts on conflict [33m 4300[2mms[22m[39m
       [33m[2m✓[22m[39m returns empty for team with no worktrees [33m 810[2mms[22m[39m
       [33m[2m✓[22m[39m merges multiple worker branches [33m 4484[2mms[22m[39m
 [32m✓[39m src/hooks/workflow-gate/index.test.ts [2m([22m[2m39 tests[22m[2m)[22m[32m 190[2mms[22m[39m
[90mstdout[2m | src/hooks/learner/__tests__/reflection-archiver.test.ts[2m > [22m[2marchiveReflections[2m > [22m[2m两次归档调用均追加到归档文件
[22m[39m[归档] reflection_log: 已移动 1 条反思至 reflection_log_archive.md

[90mstdout[2m | src/hooks/learner/__tests__/reflection-archiver.test.ts[2m > [22m[2marchiveReflections[2m > [22m[2m两次归档调用均追加到归档文件
[22m[39m[归档] reflection_log: 已移动 1 条反思至 reflection_log_archive.md

[90mstdout[2m | src/hooks/learner/__tests__/reflection-archiver.test.ts[2m > [22m[2marchiveReflections[2m > [22m[2m归档文件超过 5000 行时 result.warning 存在
[22m[39m[归档] reflection_log: 已移动 1 条反思至 reflection_log_archive.md

[90mstdout[2m | src/hooks/learner/__tests__/reflection-archiver.test.ts[2m > [22m[2marchiveReflections[2m > [22m[2m归档完成后锁已释放，可立即再次调用
[22m[39m[归档] reflection_log: 已移动 1 条反思至 reflection_log_archive.md

 [32m✓[39m src/hooks/autopilot/__tests__/transition.test.ts [2m([22m[2m6 tests[22m[2m)[22m[32m 185[2mms[22m[39m
 [32m✓[39m src/lib/__tests__/state-adapter.test.ts [2m([22m[2m13 tests[22m[2m)[22m[32m 191[2mms[22m[39m
[90mstdout[2m | src/hooks/learner/__tests__/reflection-archiver.test.ts[2m > [22m[2marchiveReflections[2m > [22m[2m归档完成后锁已释放，可立即再次调用
[22m[39m[归档] reflection_log: 已移动 1 条反思至 reflection_log_archive.md

 [32m✓[39m src/__tests__/hooks/learner/bridge.test.ts [2m([22m[2m16 tests[22m[2m)[22m[33m 470[2mms[22m[39m
 [32m✓[39m src/hooks/guards/__tests__/post-tool.test.ts [2m([22m[2m10 tests[22m[2m)[22m[33m 375[2mms[22m[39m
 [32m✓[39m src/hooks/learner/__tests__/reflection-archiver.test.ts [2m([22m[2m9 tests[22m[2m)[22m[33m 328[2mms[22m[39m
 [32m✓[39m src/team/__tests__/usage-tracker.test.ts [2m([22m[2m9 tests[22m[2m)[22m[32m 71[2mms[22m[39m
 [32m✓[39m src/workers/__tests__/performance.test.ts [2m([22m[2m4 tests[22m[2m)[22m[32m 97[2mms[22m[39m
 [32m✓[39m src/hooks/subagent-tracker/__tests__/flush-race.test.ts [2m([22m[2m12 tests[22m[2m)[22m[32m 200[2mms[22m[39m
 [32m✓[39m src/team/__tests__/state.test.ts [2m([22m[2m5 tests[22m[2m)[22m[32m 49[2mms[22m[39m
 [32m✓[39m src/hooks/learner/__tests__/learning-queue-parser.test.ts [2m([22m[2m8 tests[22m[2m)[22m[32m 199[2mms[22m[39m
 [32m✓[39m src/workers/__tests__/json-adapter.test.ts [2m([22m[2m13 tests[22m[2m)[22m[32m 207[2mms[22m[39m
 [32m✓[39m src/__tests__/mnemosyne/finder.test.ts [2m([22m[2m13 tests[22m[2m)[22m[33m 386[2mms[22m[39m
[90mstderr[2m | src/hooks/__tests__/registry.test.ts[2m > [22m[2mHook Registry - Configuration Validation[2m > [22m[2mrejects input missing required fields
[22m[39m[hook-bridge] validateHookInput failed for "unknown": missing keys: directory

[90mstderr[2m | src/hooks/__tests__/registry.test.ts[2m > [22m[2mHook Registry - Route Execution[2m > [22m[2mvalidates input before execution in session-end
[22m[39m[hook-bridge] validateHookInput failed for "session-end": missing keys: directory

[90mstderr[2m | src/hooks/__tests__/registry.test.ts[2m > [22m[2mHook Registry - Route Execution[2m > [22m[2mvalidates input before execution in subagent-start
[22m[39m[hook-bridge] validateHookInput failed for "subagent-start": missing keys: directory

[90mstderr[2m | src/hooks/__tests__/registry.test.ts[2m > [22m[2mHook Registry - Route Execution[2m > [22m[2mvalidates input before execution in permission-request
[22m[39m[hook-bridge] validateHookInput failed for "permission-request": missing keys: directory, toolName

 [32m✓[39m src/hooks/__tests__/registry.test.ts [2m([22m[2m22 tests[22m[2m)[22m[32m 194[2mms[22m[39m
 [32m✓[39m src/__tests__/learner/auto-learner.test.ts [2m([22m[2m40 tests[22m[2m)[22m[32m 183[2mms[22m[39m
 [32m✓[39m src/hooks/setup/__tests__/prune.test.ts [2m([22m[2m10 tests[22m[2m)[22m[32m 72[2mms[22m[39m
 [32m✓[39m src/team/__tests__/heartbeat.test.ts [2m([22m[2m12 tests[22m[2m)[22m[32m 127[2mms[22m[39m
 [32m✓[39m src/__tests__/analytics/backfill-dedup.test.ts [2m([22m[2m15 tests[22m[2m)[22m[32m 108[2mms[22m[39m
 [32m✓[39m src/hooks/learner/__tests__/index-manager-import.test.ts [2m([22m[2m4 tests[22m[2m)[22m[32m 228[2mms[22m[39m
 [32m✓[39m src/hooks/persistent-mode/__tests__/index.test.ts [2m([22m[2m6 tests[22m[2m)[22m[33m 581[2mms[22m[39m
     [33m[2m✓[22m[39m should not block when no persistent modes active [33m 456[2mms[22m[39m
 [32m✓[39m src/features/ccg/module-loop-controller.test.ts [2m([22m[2m2 tests[22m[2m)[22m[32m 61[2mms[22m[39m
 [32m✓[39m src/hooks/session-end/__tests__/session-duration.test.ts [2m([22m[2m17 tests[22m[2m)[22m[32m 176[2mms[22m[39m
[90mstderr[2m | src/hooks/pre-compact/__tests__/index.test.ts[2m > [22m[2mpre-compact hook[2m > [22m[2mshould create compact checkpoint
[22m[39m[job-state-db] DEPRECATED: using _lastCwd fallback. Pass cwd explicitly.
[job-state-db] DEPRECATED: using _lastCwd fallback. Pass cwd explicitly.
[job-state-db] DEPRECATED: using _lastCwd fallback. Pass cwd explicitly.

[90mstdout[2m | src/__tests__/release-steps.test.ts[2m > [22m[2mrelease-steps[2m > [22m[2mvalidateBuild: dry-run returns success without executing
[22m[39m[dry-run] npx tsc --noEmit
[dry-run] npm run build
[dry-run] npm run test:run

[90mstdout[2m | src/__tests__/release-steps.test.ts[2m > [22m[2mrelease-steps[2m > [22m[2mpublishNpm: dry-run prints command without executing
[22m[39m[dry-run] npm publish --access public --tag latest

[90mstdout[2m | src/__tests__/release-steps.test.ts[2m > [22m[2mrelease-steps[2m > [22m[2mcreateGithubRelease: dry-run returns success
[22m[39m[dry-run] gh release create v5.3.0 --generate-notes

[90mstderr[2m | src/hooks/pre-compact/__tests__/index.test.ts[2m > [22m[2mpre-compact hook[2m > [22m[2mshould format compact summary
[22m[39m[job-state-db] DEPRECATED: using _lastCwd fallback. Pass cwd explicitly.
[job-state-db] DEPRECATED: using _lastCwd fallback. Pass cwd explicitly.
[job-state-db] DEPRECATED: using _lastCwd fallback. Pass cwd explicitly.

[90mstdout[2m | src/__tests__/release-steps.test.ts[2m > [22m[2mrelease-steps[2m > [22m[2msyncMarketplace: dry-run returns success
[22m[39msyncMarketplace: versions already in sync

[90mstdout[2m | src/__tests__/release-steps.test.ts[2m > [22m[2mrelease-steps[2m > [22m[2mrunReleasePipeline: startFrom skips earlier steps
[22m[39mStep 4/5: createGithubRelease...
[dry-run] gh release create v5.3.0 --generate-notes

[90mstdout[2m | src/__tests__/release-steps.test.ts[2m > [22m[2mrelease-steps[2m > [22m[2mrunReleasePipeline: startFrom skips earlier steps
[22m[39mStep 5/5: syncMarketplace...
syncMarketplace: versions already in sync

 [32m✓[39m src/hooks/pre-compact/__tests__/index.test.ts [2m([22m[2m3 tests[22m[2m)[22m[32m 111[2mms[22m[39m
[90mstdout[2m | src/__tests__/release-steps.test.ts[2m > [22m[2mrelease-steps[2m > [22m[2mrunReleasePipeline: startFrom skips earlier steps
[22m[39mRelease pipeline completed successfully.

[90mstdout[2m | src/__tests__/release-steps.test.ts[2m > [22m[2mfailure paths[2m > [22m[2mrunReleasePipeline: calls process.exit(1) when validate fails
[22m[39mStep 1/5: preflight...

[90mstderr[2m | src/__tests__/release-steps.test.ts[2m > [22m[2mfailure paths[2m > [22m[2mrunReleasePipeline: calls process.exit(1) when validate fails
[22m[39mStep 1/5: preflight... failed: Version mismatch: {"pkg":"7.1.1","plugin":"7.1.1","cursorPlugin":"5.6.9","marketplace":"7.1.1","marketplaceSource":"7.1.1"}

 [32m✓[39m src/interop/__tests__/mcp-bridge.test.ts [2m([22m[2m14 tests[22m[2m)[22m[32m 171[2mms[22m[39m
[90mstdout[2m | src/__tests__/release-steps.test.ts[2m > [22m[2mfailure paths[2m > [22m[2mrunReleasePipeline: calls process.exit(1) when validate fails
[22m[39mStep 2/5: validateBuild...

 [32m✓[39m src/team/__tests__/message-router.test.ts [2m([22m[2m4 tests[22m[2m)[22m[32m 81[2mms[22m[39m
[90mstderr[2m | src/__tests__/release-steps.test.ts[2m > [22m[2mfailure paths[2m > [22m[2mrunReleasePipeline: calls process.exit(1) when validate fails
[22m[39mStep 2/5: validateBuild... failed: command failed

[90mstdout[2m | src/__tests__/release-steps.test.ts[2m > [22m[2mfailure paths[2m > [22m[2mrunReleasePipeline: calls process.exit(1) when validate fails
[22m[39mStep 3/5: publishNpm...

 [32m✓[39m src/monitoring/__tests__/metrics-collector.test.ts [2m([22m[2m13 tests[22m[2m)[22m[32m 146[2mms[22m[39m
[90mstderr[2m | src/__tests__/release-steps.test.ts[2m > [22m[2mfailure paths[2m > [22m[2mrunReleasePipeline: calls process.exit(1) when validate fails
[22m[39mStep 3/5: publishNpm... failed: command failed

[90mstdout[2m | src/__tests__/release-steps.test.ts[2m > [22m[2mfailure paths[2m > [22m[2mrunReleasePipeline: calls process.exit(1) when validate fails
[22m[39mStep 4/5: createGithubRelease...

[90mstderr[2m | src/__tests__/release-steps.test.ts[2m > [22m[2mfailure paths[2m > [22m[2mrunReleasePipeline: calls process.exit(1) when validate fails
[22m[39mStep 4/5: createGithubRelease... failed: command failed

 [32m✓[39m src/team/__tests__/task-router.test.ts [2m([22m[2m8 tests[22m[2m)[22m[32m 172[2mms[22m[39m
[90mstdout[2m | src/__tests__/release-steps.test.ts[2m > [22m[2mfailure paths[2m > [22m[2mrunReleasePipeline: calls process.exit(1) when validate fails
[22m[39mStep 5/5: syncMarketplace...
syncMarketplace: versions already in sync

 [32m✓[39m src/__tests__/ralph-prd.test.ts [2m([22m[2m29 tests[22m[2m)[22m[32m 133[2mms[22m[39m
[90mstdout[2m | src/__tests__/release-steps.test.ts[2m > [22m[2mfailure paths[2m > [22m[2mrunReleasePipeline: calls process.exit(1) when validate fails
[22m[39mRelease pipeline completed successfully.

 [32m✓[39m src/hooks/ralph/__tests__/progress.test.ts [2m([22m[2m11 tests[22m[2m)[22m[32m 86[2mms[22m[39m
 [32m✓[39m src/__tests__/analytics/tokscale-adapter.test.ts [2m([22m[2m10 tests[22m[2m)[22m[32m 147[2mms[22m[39m
 [32m✓[39m src/__tests__/release-steps.test.ts [2m([22m[2m9 tests[22m[2m)[22m[32m 258[2mms[22m[39m
 [32m✓[39m src/mcp/__tests__/gemini-yolo-env.test.ts [2m([22m[2m12 tests[22m[2m)[22m[33m 381[2mms[22m[39m
 [32m✓[39m src/__tests__/tools/skills-tools.test.ts [2m([22m[2m11 tests[22m[2m)[22m[32m 113[2mms[22m[39m
 [32m✓[39m src/hooks/learner/__tests__/promotion.test.ts [2m([22m[2m10 tests[22m[2m)[22m[32m 77[2mms[22m[39m
 [32m✓[39m tests/backup/backup-manager.test.ts [2m([22m[2m6 tests[22m[2m)[22m[32m 69[2mms[22m[39m
[90mstderr[2m | src/mcp/__tests__/codex-reasoning-effort.test.ts[2m > [22m[2mexecuteCodex reasoning effort[2m > [22m[2mshould NOT include -c flag when reasoningEffort is undefined
[22m[39m[DEBUG] Spawning: codex.cmd with shell=true

[90mstderr[2m | src/mcp/__tests__/codex-reasoning-effort.test.ts[2m > [22m[2mexecuteCodex reasoning effort[2m > [22m[2mshould include -c model_reasoning_effort when reasoningEffort is "low"
[22m[39m[DEBUG] Spawning: codex.cmd with shell=true

[90mstderr[2m | src/mcp/__tests__/codex-reasoning-effort.test.ts[2m > [22m[2mexecuteCodex reasoning effort[2m > [22m[2mshould include -c model_reasoning_effort when reasoningEffort is "xhigh"
[22m[39m[DEBUG] Spawning: codex.cmd with shell=true

[90mstderr[2m | src/mcp/__tests__/codex-reasoning-effort.test.ts[2m > [22m[2mexecuteCodex reasoning effort[2m > [22m[2mshould accept reasoning effort "minimal"
[22m[39m[DEBUG] Spawning: codex.cmd with shell=true

[90mstderr[2m | src/mcp/__tests__/codex-reasoning-effort.test.ts[2m > [22m[2mexecuteCodex reasoning effort[2m > [22m[2mshould accept reasoning effort "low"
[22m[39m[DEBUG] Spawning: codex.cmd with shell=true

 [32m✓[39m src/__tests__/mnemosyne/loader.test.ts [2m([22m[2m5 tests[22m[2m)[22m[32m 198[2mms[22m[39m
[90mstderr[2m | src/mcp/__tests__/codex-reasoning-effort.test.ts[2m > [22m[2mexecuteCodex reasoning effort[2m > [22m[2mshould accept reasoning effort "medium"
[22m[39m[DEBUG] Spawning: codex.cmd with shell=true

[90mstderr[2m | src/mcp/__tests__/codex-reasoning-effort.test.ts[2m > [22m[2mexecuteCodex reasoning effort[2m > [22m[2mshould accept reasoning effort "high"
[22m[39m[DEBUG] Spawning: codex.cmd with shell=true

[90mstderr[2m | src/mcp/__tests__/codex-reasoning-effort.test.ts[2m > [22m[2mexecuteCodex reasoning effort[2m > [22m[2mshould accept reasoning effort "xhigh"
[22m[39m[DEBUG] Spawning: codex.cmd with shell=true

[90mstderr[2m | src/mcp/__tests__/codex-reasoning-effort.test.ts[2m > [22m[2mexecuteCodex reasoning effort[2m > [22m[2mshould NOT include -c flag for invalid reasoning effort value
[22m[39m[DEBUG] Spawning: codex.cmd with shell=true

 [32m✓[39m src/mcp/__tests__/codex-reasoning-effort.test.ts [2m([22m[2m14 tests[22m[2m)[22m[32m 157[2mms[22m[39m
[90mstderr[2m | src/hooks/__tests__/askuserquestion-lifecycle.test.ts[2m > [22m[2mAskUserQuestion notification lifecycle (issue #597)[2m > [22m[2mpre-tool-use should dispatch ask-user-question notification
[22m[39m[worktree] non-git directory provided, falling back to process root { directory: [32m'C:\\tmp\\test-issue-597'[39m }

[90mstderr[2m | src/hooks/__tests__/askuserquestion-lifecycle.test.ts[2m > [22m[2mAskUserQuestion notification lifecycle (issue #597)[2m > [22m[2mpost-tool-use should NOT dispatch ask-user-question notification
[22m[39m[worktree] non-git directory provided, falling back to process root { directory: [32m'C:\\tmp\\test-issue-597'[39m }

[90mstderr[2m | src/hooks/__tests__/askuserquestion-lifecycle.test.ts[2m > [22m[2mAskUserQuestion notification lifecycle (issue #597)[2m > [22m[2mpre-tool-use should skip notification when sessionId is missing
[22m[39m[worktree] non-git directory provided, falling back to process root { directory: [32m'C:\\tmp\\test-issue-597'[39m }

[90mstderr[2m | src/hooks/__tests__/askuserquestion-lifecycle.test.ts[2m > [22m[2mAskUserQuestion notification lifecycle (issue #597)[2m > [22m[2mnon-AskUserQuestion tools should not trigger notification
[22m[39m[worktree] non-git directory provided, falling back to process root { directory: [32m'C:\\tmp\\test-issue-597'[39m }

[90mstdout[2m | src/hooks/guards/__tests__/status-dashboard.test.ts[2m > [22m[2mStatusDashboard[2m > [22m[2mprintDashboard[2m > [22m[2mshould not throw
[22m[39m╔══════════════════════════════════════╗
║        Axiom System Status           ║
╠══════════════════════════════════════╣
║  Task Status  : IDLE                ║
║  Last Updated : -                   ║
║  Knowledge    : 0                   ║
║  Queue Pending: 0                   ║
║  Last Commit  : -                   ║
╚══════════════════════════════════════╝

[90mstdout[2m | src/workers/__tests__/factory.test.ts[2m > [22m[2mcreateWorkerAdapter[2m > [22m[2mauto mode[2m > [22m[2mshould create SQLite adapter when available
[22m[39m[WorkerFactory] Using SQLite adapter

 [32m✓[39m src/hooks/learner/__tests__/writer.test.ts [2m([22m[2m9 tests[22m[2m)[22m[32m 77[2mms[22m[39m
[90mstdout[2m | src/workers/__tests__/factory.test.ts[2m > [22m[2mcreateWorkerAdapter[2m > [22m[2mauto mode[2m > [22m[2mshould fallback to JSON when SQLite fails
[22m[39m[WorkerFactory] Using SQLite adapter

 [32m✓[39m src/hooks/guards/__tests__/status-dashboard.test.ts [2m([22m[2m10 tests[22m[2m)[22m[32m 135[2mms[22m[39m
 [32m✓[39m src/hooks/__tests__/askuserquestion-lifecycle.test.ts [2m([22m[2m5 tests[22m[2m)[22m[32m 105[2mms[22m[39m
[90mstderr[2m | src/workers/__tests__/factory.test.ts[2m > [22m[2mcreateWorkerAdapter[2m > [22m[2merror handling[2m > [22m[2mshould return null when init fails
[22m[39m[JsonWorkerAdapter] Init failed: TypeError: The argument 'path' must be a string, Uint8Array, or URL without null bytes. Received '\x00invalid\\.omc\\state\\workers'
[90m    at mkdirSync (node:fs:1364:5)[39m
    at JsonWorkerAdapter.init (C:/Users/ljyih/Desktop/ultrapower/src/workers/json-adapter.ts:22:9)
    at createWorkerAdapter (C:/Users/ljyih/Desktop/ultrapower/src/workers/factory.ts:49:37)
    at C:/Users/ljyih/Desktop/ultrapower/src/workers/__tests__/factory.test.ts:76:29
    at [90mfile:///C:/Users/ljyih/Desktop/ultrapower/[39mnode_modules/[4m@vitest/runner[24m/dist/index.js:145:11
    at [90mfile:///C:/Users/ljyih/Desktop/ultrapower/[39mnode_modules/[4m@vitest/runner[24m/dist/index.js:915:26
    at [90mfile:///C:/Users/ljyih/Desktop/ultrapower/[39mnode_modules/[4m@vitest/runner[24m/dist/index.js:1243:20
    at new Promise (<anonymous>)
    at runWithTimeout [90m(file:///C:/Users/ljyih/Desktop/ultrapower/[39mnode_modules/[4m@vitest/runner[24m/dist/index.js:1209:10[90m)[39m
    at [90mfile:///C:/Users/ljyih/Desktop/ultrapower/[39mnode_modules/[4m@vitest/runner[24m/dist/index.js:1653:37 {
  code: [32m'ERR_INVALID_ARG_VALUE'[39m
}

 [32m✓[39m src/hooks/team-pipeline/__tests__/state.test.ts [2m([22m[2m11 tests[22m[2m)[22m[32m 132[2mms[22m[39m
 [32m✓[39m src/workers/__tests__/factory.test.ts [2m([22m[2m7 tests[22m[2m)[22m[32m 256[2mms[22m[39m
[90mstderr[2m | src/__tests__/rate-limit-wait/integration.test.ts[2m > [22m[2mRate Limit Wait Integration Tests[2m > [22m[2mScenario: Error handling and edge cases[2m > [22m[2mshould handle API timeout gracefully
[22m[39m[RateLimitMonitor] Error checking rate limit: Error: ETIMEDOUT
    at C:/Users/ljyih/Desktop/ultrapower/src/__tests__/rate-limit-wait/integration.test.ts:327:45
    at [90mfile:///C:/Users/ljyih/Desktop/ultrapower/[39mnode_modules/[4m@vitest/runner[24m/dist/index.js:145:11
    at [90mfile:///C:/Users/ljyih/Desktop/ultrapower/[39mnode_modules/[4m@vitest/runner[24m/dist/index.js:915:26
    at [90mfile:///C:/Users/ljyih/Desktop/ultrapower/[39mnode_modules/[4m@vitest/runner[24m/dist/index.js:1243:20
    at new Promise (<anonymous>)
    at runWithTimeout [90m(file:///C:/Users/ljyih/Desktop/ultrapower/[39mnode_modules/[4m@vitest/runner[24m/dist/index.js:1209:10[90m)[39m
    at [90mfile:///C:/Users/ljyih/Desktop/ultrapower/[39mnode_modules/[4m@vitest/runner[24m/dist/index.js:1653:37
    at Traces.$ [90m(file:///C:/Users/ljyih/Desktop/ultrapower/[39mnode_modules/[4mvitest[24m/dist/chunks/traces.CCmnQaNT.js:142:27[90m)[39m
    at trace [90m(file:///C:/Users/ljyih/Desktop/ultrapower/[39mnode_modules/[4mvitest[24m/dist/chunks/test.B8ej_ZHS.js:239:21[90m)[39m
    at runTest [90m(file:///C:/Users/ljyih/Desktop/ultrapower/[39mnode_modules/[4m@vitest/runner[24m/dist/index.js:1653:12[90m)[39m

 [32m✓[39m src/__tests__/job-management.test.ts [2m([22m[2m21 tests[22m[2m)[22m[33m 19538[2mms[22m[39m
         [33m[2m✓[22m[39m clamps negative to 1000ms minimum [33m 1268[2mms[22m[39m
         [33m[2m✓[22m[39m clamps zero to 1000ms minimum [33m 1268[2mms[22m[39m
       [33m[2m✓[22m[39m retries when job is not found initially then succeeds [33m 2412[2mms[22m[39m
       [33m[2m✓[22m[39m gives up after 10 not-found retries [33m 14165[2mms[22m[39m
 [32m✓[39m src/__tests__/rate-limit-wait/integration.test.ts [2m([22m[2m16 tests[22m[2m)[22m[32m 69[2mms[22m[39m
 [32m✓[39m src/hooks/subagent-tracker/__tests__/session-replay.test.ts [2m([22m[2m14 tests[22m[2m)[22m[32m 93[2mms[22m[39m
 [32m✓[39m src/state/__tests__/manager.test.ts [2m([22m[2m5 tests[22m[2m)[22m[32m 72[2mms[22m[39m
 [32m✓[39m src/hooks/learner/__tests__/index.test.ts [2m([22m[2m6 tests[22m[2m)[22m[32m 96[2mms[22m[39m
 [32m✓[39m src/team/__tests__/lifecycle.test.ts [2m([22m[2m4 tests[22m[2m)[22m[32m 137[2mms[22m[39m
 [32m✓[39m src/notifications/__tests__/notify-registry-integration.test.ts [2m([22m[2m14 tests[22m[2m)[22m[32m 71[2mms[22m[39m
 [32m✓[39m src/features/model-routing/__tests__/external-model-policy.test.ts [2m([22m[2m39 tests[22m[2m)[22m[32m 71[2mms[22m[39m
 [32m✓[39m src/__tests__/task-continuation.test.ts [2m([22m[2m93 tests[22m[2m)[22m[32m 79[2mms[22m[39m
 [32m✓[39m src/features/ccg/loop-controller.test.ts [2m([22m[2m3 tests[22m[2m)[22m[32m 121[2mms[22m[39m
 [32m✓[39m src/team/__tests__/unified-team.test.ts [2m([22m[2m5 tests[22m[2m)[22m[32m 96[2mms[22m[39m
 [32m✓[39m src/__tests__/rate-limit-wait/daemon.test.ts [2m([22m[2m16 tests[22m[2m)[22m[32m 100[2mms[22m[39m
[90mstderr[2m | src/__tests__/inline-prompt-integration.test.ts[2m > [22m[2mCodex/Gemini parity matrix[2m > [22m[2mparity: prompt_file: undefined allows inline
[22m[39m[DEBUG] Spawning: codex.cmd with shell=true

 [32m✓[39m src/features/ccg/module-splitter.test.ts [2m([22m[2m2 tests[22m[2m)[22m[32m 56[2mms[22m[39m
[90mstderr[2m | src/__tests__/inline-prompt-integration.test.ts[2m > [22m[2mInline prompt integration - Codex[2m > [22m[2mshould auto-persist inline prompt to file and not reject it
[22m[39m[DEBUG] Spawning: codex.cmd with shell=true

[90mstderr[2m | src/__tests__/inline-prompt-integration.test.ts[2m > [22m[2mInline prompt integration - Codex[2m > [22m[2mshould handle path traversal in inline prompt safely
[22m[39m[DEBUG] Spawning: codex.cmd with shell=true

 [32m✓[39m src/__tests__/omc-tools-contract.test.ts [2m([22m[2m172 tests[22m[2m)[22m[32m 97[2mms[22m[39m
[90mstderr[2m | src/__tests__/inline-prompt-integration.test.ts[2m > [22m[2mInline prompt edge cases[2m > [22m[2mprompt_file: undefined with valid prompt treats as inline mode
[22m[39m[DEBUG] Spawning: codex.cmd with shell=true

 [32m✓[39m src/team/__tests__/messaging.test.ts [2m([22m[2m3 tests[22m[2m)[22m[32m 64[2mms[22m[39m
 [32m✓[39m src/hooks/project-memory/__tests__/storage.test.ts [2m([22m[2m11 tests[22m[2m)[22m[32m 175[2mms[22m[39m
 [32m✓[39m src/__tests__/inline-prompt-integration.test.ts [2m([22m[2m40 tests[22m[2m)[22m[32m 216[2mms[22m[39m
 [32m✓[39m src/hooks/ultraqa/__tests__/index.test.ts [2m([22m[2m9 tests[22m[2m)[22m[32m 117[2mms[22m[39m
 [32m✓[39m src/__tests__/hud-windows.test.ts [2m([22m[2m19 tests[22m[2m)[22m[32m 39[2mms[22m[39m
 [32m✓[39m src/lib/__tests__/plugin-security.test.ts [2m([22m[2m10 tests[22m[2m)[22m[32m 118[2mms[22m[39m
 [32m✓[39m src/__tests__/e2e-workflow.test.ts [2m([22m[2m7 tests[22m[2m)[22m[32m 168[2mms[22m[39m
 [32m✓[39m src/hooks/observability/__tests__/observability.test.ts [2m([22m[2m20 tests[22m[2m)[22m[32m 115[2mms[22m[39m
[90mstdout[2m | src/reliability/__tests__/retry-manager.test.ts[2m > [22m[2mRetryManager[2m > [22m[2mshould succeed on first attempt
[22m[39m[RetryManager] Success on attempt 1

[90mstdout[2m | src/reliability/__tests__/retry-manager.test.ts[2m > [22m[2mRetryManager[2m > [22m[2mshould retry on failure
[22m[39m[RetryManager] Attempt 1 failed: fail
[RetryManager] Retrying in 10ms...

[90mstdout[2m | src/reliability/__tests__/retry-manager.test.ts[2m > [22m[2mRetryManager[2m > [22m[2mshould retry on failure
[22m[39m[RetryManager] Success on attempt 2

[90mstdout[2m | src/reliability/__tests__/retry-manager.test.ts[2m > [22m[2mRetryManager[2m > [22m[2mshould fail after max retries
[22m[39m[RetryManager] Attempt 1 failed: always fail
[RetryManager] Retrying in 10ms...

[90mstdout[2m | src/reliability/__tests__/retry-manager.test.ts[2m > [22m[2mRetryManager[2m > [22m[2mshould fail after max retries
[22m[39m[RetryManager] Attempt 2 failed: always fail
[RetryManager] Retrying in 20ms...

 [32m✓[39m src/__tests__/compatibility.test.ts [2m([22m[2m30 tests[22m[2m)[22m[32m 137[2mms[22m[39m
[90mstdout[2m | src/reliability/__tests__/retry-manager.test.ts[2m > [22m[2mRetryManager[2m > [22m[2mshould fail after max retries
[22m[39m[RetryManager] Attempt 3 failed: always fail

 [32m✓[39m src/hooks/__tests__/bridge.test.ts [2m([22m[2m13 tests[22m[2m)[22m[32m 83[2mms[22m[39m
[90mstdout[2m | src/reliability/__tests__/retry-manager.test.ts[2m > [22m[2mRetryManager[2m > [22m[2mshould use exponential backoff
[22m[39m[RetryManager] Attempt 1 failed: fail
[RetryManager] Retrying in 100ms...

[90mstdout[2m | src/reliability/__tests__/retry-manager.test.ts[2m > [22m[2mRetryManager[2m > [22m[2mshould use exponential backoff
[22m[39m[RetryManager] Attempt 2 failed: fail
[RetryManager] Retrying in 200ms...

 [32m✓[39m src/workflows/axiom/__tests__/workflow.test.ts [2m([22m[2m12 tests[22m[2m)[22m[32m 91[2mms[22m[39m
[90mstdout[2m | src/reliability/__tests__/retry-manager.test.ts[2m > [22m[2mRetryManager[2m > [22m[2mshould use exponential backoff
[22m[39m[RetryManager] Attempt 3 failed: fail

 [32m✓[39m src/features/ccg/workflows/old-project-workflow.test.ts [2m([22m[2m1 test[22m[2m)[22m[32m 39[2mms[22m[39m
 [32m✓[39m src/reliability/__tests__/retry-manager.test.ts [2m([22m[2m5 tests[22m[2m)[22m[32m 84[2mms[22m[39m
 [32m✓[39m src/mcp/__tests__/gemini-integration.test.ts [2m([22m[2m3 tests[22m[2m)[22m[32m 55[2mms[22m[39m
 [32m✓[39m src/notifications/__tests__/reply-config.test.ts [2m([22m[2m8 tests[22m[2m)[22m[33m 302[2mms[22m[39m
 [32m✓[39m src/lib/__tests__/file-lock.test.ts [2m([22m[2m35 tests[22m[2m)[22m[33m 22973[2mms[22m[39m
     [33m[2m✓[22m[39m 加锁后锁目录存在 [33m 515[2mms[22m[39m
     [33m[2m✓[22m[39m 加锁后 lock.json 包含 pid 和 timestamp [33m 520[2mms[22m[39m
     [33m[2m✓[22m[39m unlock() 后锁目录不再存在 [33m 517[2mms[22m[39m
     [33m[2m✓[22m[39m unlock() 幂等：重复调用不抛出 [33m 521[2mms[22m[39m
     [33m[2m✓[22m[39m 活跃锁未释放时第二次 acquireLock 抛出 Error [33m 522[2mms[22m[39m
     [33m[2m✓[22m[39m 抛出的错误信息包含锁路径 [33m 520[2mms[22m[39m
     [33m[2m✓[22m[39m timestamp 超过 staleMs 的锁视为陈旧，可被自动抢占 [33m 517[2mms[22m[39m
     [33m[2m✓[22m[39m 陈旧锁抢占后 lock.json 更新为当前进程 pid [33m 522[2mms[22m[39m
     [33m[2m✓[22m[39m 锁目录存在但 lock.json 不可读 → 视为陈旧，自动抢占 [33m 520[2mms[22m[39m
     [33m[2m✓[22m[39m 释放后可再次加锁 [33m 517[2mms[22m[39m
     [33m[2m✓[22m[39m 不同路径的锁互不干扰，可同时持有 [33m 518[2mms[22m[39m
     [33m[2m✓[22m[39m 刚好在 staleMs 边界的锁不被视为陈旧 [33m 514[2mms[22m[39m
     [33m[2m✓[22m[39m 超过 staleMs 边界 1ms 的锁被视为陈旧 [33m 547[2mms[22m[39m
     [33m[2m✓[22m[39m mkdir 抛出非 EEXIST 错误时向上传播 [33m 520[2mms[22m[39m
     [33m[2m✓[22m[39m lock.json 包含无效 JSON 时视为陈旧 [33m 517[2mms[22m[39m
     [33m[2m✓[22m[39m 执行函数并返回结果 [33m 537[2mms[22m[39m
     [33m[2m✓[22m[39m 支持异步函数 [33m 544[2mms[22m[39m
     [33m[2m✓[22m[39m 函数执行完成后自动释放锁 [33m 516[2mms[22m[39m
     [33m[2m✓[22m[39m 函数抛出异常时仍释放锁 [33m 533[2mms[22m[39m
     [33m[2m✓[22m[39m 并发调用时串行执行 [33m 586[2mms[22m[39m
     [33m[2m✓[22m[39m 3个进程并发竞争时串行执行 [33m 810[2mms[22m[39m
     [33m[2m✓[22m[39m 重试机制：锁被占用时自动重试 [33m 684[2mms[22m[39m
     [33m[2m✓[22m[39m 陈旧锁（>30秒）自动清理并获取 [33m 532[2mms[22m[39m
     [33m[2m✓[22m[39m lock.json 损坏时视为陈旧锁 [33m 534[2mms[22m[39m
     [33m[2m✓[22m[39m 锁目录在 mkdir 和 writeFile 之间被删除时重试 [33m 516[2mms[22m[39m
     [33m[2m✓[22m[39m 模拟 ENOENT 竞态：writeFile 时锁目录被删除 [33m 534[2mms[22m[39m
     [33m[2m✓[22m[39m 父目录不存在时自动创建 [33m 554[2mms[22m[39m
     [33m[2m✓[22m[39m 超过最大重试次数时抛出错误 [33m 855[2mms[22m[39m
     [33m[2m✓[22m[39m 指数退避：重试延迟递增 [33m 1389[2mms[22m[39m
     [33m[2m✓[22m[39m 指数退避最大延迟限制为 1000ms [33m 3237[2mms[22m[39m
     [33m[2m✓[22m[39m unlock 时锁目录已被删除不抛出错误 [33m 525[2mms[22m[39m
     [33m[2m✓[22m[39m mkdir 抛出非 EEXIST 错误时向上传播 [33m 517[2mms[22m[39m
     [33m[2m✓[22m[39m writeFile 抛出非 ENOENT 错误时向上传播 [33m 520[2mms[22m[39m
     [33m[2m✓[22m[39m 未超过 30000ms 的锁不被视为陈旧 [33m 675[2mms[22m[39m
     [33m[2m✓[22m[39m 超过 30000ms 的锁被视为陈旧 [33m 563[2mms[22m[39m
 [32m✓[39m src/notifications/__tests__/sleepMs.test.ts [2m([22m[2m5 tests[22m[2m)[22m[32m 94[2mms[22m[39m
[90mstderr[2m | src/mcp/client/__tests__/MCPClient.test.ts[2m > [22m[2mMCPClient[2m > [22m[2mconnect[2m > [22m[2mshould retry on connection failure with exponential backoff
[22m[39mConnection attempt 1/3 failed: Error: Connection failed
    at C:/Users/ljyih/Desktop/ultrapower/src/mcp/client/__tests__/MCPClient.test.ts:125:32
    at [90mfile:///C:/Users/ljyih/Desktop/ultrapower/[39mnode_modules/[4m@vitest/runner[24m/dist/index.js:145:11
    at [90mfile:///C:/Users/ljyih/Desktop/ultrapower/[39mnode_modules/[4m@vitest/runner[24m/dist/index.js:915:26
    at [90mfile:///C:/Users/ljyih/Desktop/ultrapower/[39mnode_modules/[4m@vitest/runner[24m/dist/index.js:1243:20
    at new Promise (<anonymous>)
    at runWithTimeout [90m(file:///C:/Users/ljyih/Desktop/ultrapower/[39mnode_modules/[4m@vitest/runner[24m/dist/index.js:1209:10[90m)[39m
    at [90mfile:///C:/Users/ljyih/Desktop/ultrapower/[39mnode_modules/[4m@vitest/runner[24m/dist/index.js:1653:37
    at Traces.$ [90m(file:///C:/Users/ljyih/Desktop/ultrapower/[39mnode_modules/[4mvitest[24m/dist/chunks/traces.CCmnQaNT.js:142:27[90m)[39m
    at trace [90m(file:///C:/Users/ljyih/Desktop/ultrapower/[39mnode_modules/[4mvitest[24m/dist/chunks/test.B8ej_ZHS.js:239:21[90m)[39m
    at runTest [90m(file:///C:/Users/ljyih/Desktop/ultrapower/[39mnode_modules/[4m@vitest/runner[24m/dist/index.js:1653:12[90m)[39m

(node:53576) PromiseRejectionHandledWarning: Promise rejection was handled asynchronously (rejection id: 7)
(Use `node --trace-warnings ...` to show where the warning was created)
(node:53576) PromiseRejectionHandledWarning: Promise rejection was handled asynchronously (rejection id: 11)
(node:53576) PromiseRejectionHandledWarning: Promise rejection was handled asynchronously (rejection id: 15)
[90mstderr[2m | src/mcp/client/__tests__/MCPClient.test.ts[2m > [22m[2mMCPClient[2m > [22m[2mconnect[2m > [22m[2mshould retry on connection failure with exponential backoff
[22m[39mConnection attempt 2/3 failed: Error: Connection failed
    at C:/Users/ljyih/Desktop/ultrapower/src/mcp/client/__tests__/MCPClient.test.ts:126:32
    at [90mfile:///C:/Users/ljyih/Desktop/ultrapower/[39mnode_modules/[4m@vitest/runner[24m/dist/index.js:145:11
    at [90mfile:///C:/Users/ljyih/Desktop/ultrapower/[39mnode_modules/[4m@vitest/runner[24m/dist/index.js:915:26
    at [90mfile:///C:/Users/ljyih/Desktop/ultrapower/[39mnode_modules/[4m@vitest/runner[24m/dist/index.js:1243:20
    at new Promise (<anonymous>)
    at runWithTimeout [90m(file:///C:/Users/ljyih/Desktop/ultrapower/[39mnode_modules/[4m@vitest/runner[24m/dist/index.js:1209:10[90m)[39m
    at [90mfile:///C:/Users/ljyih/Desktop/ultrapower/[39mnode_modules/[4m@vitest/runner[24m/dist/index.js:1653:37
    at Traces.$ [90m(file:///C:/Users/ljyih/Desktop/ultrapower/[39mnode_modules/[4mvitest[24m/dist/chunks/traces.CCmnQaNT.js:142:27[90m)[39m
    at trace [90m(file:///C:/Users/ljyih/Desktop/ultrapower/[39mnode_modules/[4mvitest[24m/dist/chunks/test.B8ej_ZHS.js:239:21[90m)[39m
    at runTest [90m(file:///C:/Users/ljyih/Desktop/ultrapower/[39mnode_modules/[4m@vitest/runner[24m/dist/index.js:1653:12[90m)[39m

[90mstderr[2m | src/mcp/client/__tests__/MCPClient.test.ts[2m > [22m[2mMCPClient[2m > [22m[2mconnect[2m > [22m[2mshould fail after 3 retry attempts
[22m[39mConnection attempt 1/3 failed: Error: Connection failed
    at C:/Users/ljyih/Desktop/ultrapower/src/mcp/client/__tests__/MCPClient.test.ts:139:44
    at [90mfile:///C:/Users/ljyih/Desktop/ultrapower/[39mnode_modules/[4m@vitest/runner[24m/dist/index.js:145:11
    at [90mfile:///C:/Users/ljyih/Desktop/ultrapower/[39mnode_modules/[4m@vitest/runner[24m/dist/index.js:915:26
    at [90mfile:///C:/Users/ljyih/Desktop/ultrapower/[39mnode_modules/[4m@vitest/runner[24m/dist/index.js:1243:20
    at new Promise (<anonymous>)
    at runWithTimeout [90m(file:///C:/Users/ljyih/Desktop/ultrapower/[39mnode_modules/[4m@vitest/runner[24m/dist/index.js:1209:10[90m)[39m
    at [90mfile:///C:/Users/ljyih/Desktop/ultrapower/[39mnode_modules/[4m@vitest/runner[24m/dist/index.js:1653:37
    at Traces.$ [90m(file:///C:/Users/ljyih/Desktop/ultrapower/[39mnode_modules/[4mvitest[24m/dist/chunks/traces.CCmnQaNT.js:142:27[90m)[39m
    at trace [90m(file:///C:/Users/ljyih/Desktop/ultrapower/[39mnode_modules/[4mvitest[24m/dist/chunks/test.B8ej_ZHS.js:239:21[90m)[39m
    at runTest [90m(file:///C:/Users/ljyih/Desktop/ultrapower/[39mnode_modules/[4m@vitest/runner[24m/dist/index.js:1653:12[90m)[39m

[90mstderr[2m | src/mcp/client/__tests__/MCPClient.test.ts[2m > [22m[2mMCPClient[2m > [22m[2mconnect[2m > [22m[2mshould fail after 3 retry attempts
[22m[39mConnection attempt 2/3 failed: Error: Connection failed
    at C:/Users/ljyih/Desktop/ultrapower/src/mcp/client/__tests__/MCPClient.test.ts:139:44
    at [90mfile:///C:/Users/ljyih/Desktop/ultrapower/[39mnode_modules/[4m@vitest/runner[24m/dist/index.js:145:11
    at [90mfile:///C:/Users/ljyih/Desktop/ultrapower/[39mnode_modules/[4m@vitest/runner[24m/dist/index.js:915:26
    at [90mfile:///C:/Users/ljyih/Desktop/ultrapower/[39mnode_modules/[4m@vitest/runner[24m/dist/index.js:1243:20
    at new Promise (<anonymous>)
    at runWithTimeout [90m(file:///C:/Users/ljyih/Desktop/ultrapower/[39mnode_modules/[4m@vitest/runner[24m/dist/index.js:1209:10[90m)[39m
    at [90mfile:///C:/Users/ljyih/Desktop/ultrapower/[39mnode_modules/[4m@vitest/runner[24m/dist/index.js:1653:37
    at Traces.$ [90m(file:///C:/Users/ljyih/Desktop/ultrapower/[39mnode_modules/[4mvitest[24m/dist/chunks/traces.CCmnQaNT.js:142:27[90m)[39m
    at trace [90m(file:///C:/Users/ljyih/Desktop/ultrapower/[39mnode_modules/[4mvitest[24m/dist/chunks/test.B8ej_ZHS.js:239:21[90m)[39m
    at runTest [90m(file:///C:/Users/ljyih/Desktop/ultrapower/[39mnode_modules/[4m@vitest/runner[24m/dist/index.js:1653:12[90m)[39m

[90mstderr[2m | src/mcp/client/__tests__/MCPClient.test.ts[2m > [22m[2mMCPClient[2m > [22m[2mconnect[2m > [22m[2mshould fail after 3 retry attempts
[22m[39mConnection attempt 3/3 failed: Error: Connection failed
    at C:/Users/ljyih/Desktop/ultrapower/src/mcp/client/__tests__/MCPClient.test.ts:139:44
    at [90mfile:///C:/Users/ljyih/Desktop/ultrapower/[39mnode_modules/[4m@vitest/runner[24m/dist/index.js:145:11
    at [90mfile:///C:/Users/ljyih/Desktop/ultrapower/[39mnode_modules/[4m@vitest/runner[24m/dist/index.js:915:26
    at [90mfile:///C:/Users/ljyih/Desktop/ultrapower/[39mnode_modules/[4m@vitest/runner[24m/dist/index.js:1243:20
    at new Promise (<anonymous>)
    at runWithTimeout [90m(file:///C:/Users/ljyih/Desktop/ultrapower/[39mnode_modules/[4m@vitest/runner[24m/dist/index.js:1209:10[90m)[39m
    at [90mfile:///C:/Users/ljyih/Desktop/ultrapower/[39mnode_modules/[4m@vitest/runner[24m/dist/index.js:1653:37
    at Traces.$ [90m(file:///C:/Users/ljyih/Desktop/ultrapower/[39mnode_modules/[4mvitest[24m/dist/chunks/traces.CCmnQaNT.js:142:27[90m)[39m
    at trace [90m(file:///C:/Users/ljyih/Desktop/ultrapower/[39mnode_modules/[4mvitest[24m/dist/chunks/test.B8ej_ZHS.js:239:21[90m)[39m
    at runTest [90m(file:///C:/Users/ljyih/Desktop/ultrapower/[39mnode_modules/[4m@vitest/runner[24m/dist/index.js:1653:12[90m)[39m

[90mstderr[2m | src/mcp/client/__tests__/MCPClient.test.ts[2m > [22m[2mMCPClient[2m > [22m[2mconnect[2m > [22m[2mshould cleanup on connection failure
[22m[39mConnection attempt 1/3 failed: Error: Connection failed
    at C:/Users/ljyih/Desktop/ultrapower/src/mcp/client/__tests__/MCPClient.test.ts:153:44
    at [90mfile:///C:/Users/ljyih/Desktop/ultrapower/[39mnode_modules/[4m@vitest/runner[24m/dist/index.js:145:11
    at [90mfile:///C:/Users/ljyih/Desktop/ultrapower/[39mnode_modules/[4m@vitest/runner[24m/dist/index.js:915:26
    at [90mfile:///C:/Users/ljyih/Desktop/ultrapower/[39mnode_modules/[4m@vitest/runner[24m/dist/index.js:1243:20
    at new Promise (<anonymous>)
    at runWithTimeout [90m(file:///C:/Users/ljyih/Desktop/ultrapower/[39mnode_modules/[4m@vitest/runner[24m/dist/index.js:1209:10[90m)[39m
    at [90mfile:///C:/Users/ljyih/Desktop/ultrapower/[39mnode_modules/[4m@vitest/runner[24m/dist/index.js:1653:37
    at Traces.$ [90m(file:///C:/Users/ljyih/Desktop/ultrapower/[39mnode_modules/[4mvitest[24m/dist/chunks/traces.CCmnQaNT.js:142:27[90m)[39m
    at trace [90m(file:///C:/Users/ljyih/Desktop/ultrapower/[39mnode_modules/[4mvitest[24m/dist/chunks/test.B8ej_ZHS.js:239:21[90m)[39m
    at runTest [90m(file:///C:/Users/ljyih/Desktop/ultrapower/[39mnode_modules/[4m@vitest/runner[24m/dist/index.js:1653:12[90m)[39m

[90mstderr[2m | src/mcp/client/__tests__/MCPClient.test.ts[2m > [22m[2mMCPClient[2m > [22m[2mconnect[2m > [22m[2mshould cleanup on connection failure
[22m[39mConnection attempt 2/3 failed: Error: Connection failed
    at C:/Users/ljyih/Desktop/ultrapower/src/mcp/client/__tests__/MCPClient.test.ts:153:44
    at [90mfile:///C:/Users/ljyih/Desktop/ultrapower/[39mnode_modules/[4m@vitest/runner[24m/dist/index.js:145:11
    at [90mfile:///C:/Users/ljyih/Desktop/ultrapower/[39mnode_modules/[4m@vitest/runner[24m/dist/index.js:915:26
    at [90mfile:///C:/Users/ljyih/Desktop/ultrapower/[39mnode_modules/[4m@vitest/runner[24m/dist/index.js:1243:20
    at new Promise (<anonymous>)
    at runWithTimeout [90m(file:///C:/Users/ljyih/Desktop/ultrapower/[39mnode_modules/[4m@vitest/runner[24m/dist/index.js:1209:10[90m)[39m
    at [90mfile:///C:/Users/ljyih/Desktop/ultrapower/[39mnode_modules/[4m@vitest/runner[24m/dist/index.js:1653:37
    at Traces.$ [90m(file:///C:/Users/ljyih/Desktop/ultrapower/[39mnode_modules/[4mvitest[24m/dist/chunks/traces.CCmnQaNT.js:142:27[90m)[39m
    at trace [90m(file:///C:/Users/ljyih/Desktop/ultrapower/[39mnode_modules/[4mvitest[24m/dist/chunks/test.B8ej_ZHS.js:239:21[90m)[39m
    at runTest [90m(file:///C:/Users/ljyih/Desktop/ultrapower/[39mnode_modules/[4m@vitest/runner[24m/dist/index.js:1653:12[90m)[39m

[90mstderr[2m | src/mcp/client/__tests__/MCPClient.test.ts[2m > [22m[2mMCPClient[2m > [22m[2mconnect[2m > [22m[2mshould cleanup on connection failure
[22m[39mConnection attempt 3/3 failed: Error: Connection failed
    at C:/Users/ljyih/Desktop/ultrapower/src/mcp/client/__tests__/MCPClient.test.ts:153:44
    at [90mfile:///C:/Users/ljyih/Desktop/ultrapower/[39mnode_modules/[4m@vitest/runner[24m/dist/index.js:145:11
    at [90mfile:///C:/Users/ljyih/Desktop/ultrapower/[39mnode_modules/[4m@vitest/runner[24m/dist/index.js:915:26
    at [90mfile:///C:/Users/ljyih/Desktop/ultrapower/[39mnode_modules/[4m@vitest/runner[24m/dist/index.js:1243:20
    at new Promise (<anonymous>)
    at runWithTimeout [90m(file:///C:/Users/ljyih/Desktop/ultrapower/[39mnode_modules/[4m@vitest/runner[24m/dist/index.js:1209:10[90m)[39m
    at [90mfile:///C:/Users/ljyih/Desktop/ultrapower/[39mnode_modules/[4m@vitest/runner[24m/dist/index.js:1653:37
    at Traces.$ [90m(file:///C:/Users/ljyih/Desktop/ultrapower/[39mnode_modules/[4mvitest[24m/dist/chunks/traces.CCmnQaNT.js:142:27[90m)[39m
    at trace [90m(file:///C:/Users/ljyih/Desktop/ultrapower/[39mnode_modules/[4mvitest[24m/dist/chunks/test.B8ej_ZHS.js:239:21[90m)[39m
    at runTest [90m(file:///C:/Users/ljyih/Desktop/ultrapower/[39mnode_modules/[4m@vitest/runner[24m/dist/index.js:1653:12[90m)[39m

[90mstderr[2m | src/mcp/client/__tests__/MCPClient.test.ts[2m > [22m[2mMCPClient[2m > [22m[2misAvailable[2m > [22m[2mshould return false after connection failure
[22m[39mConnection attempt 1/3 failed: Error: Failed
    at C:/Users/ljyih/Desktop/ultrapower/src/mcp/client/__tests__/MCPClient.test.ts:179:44
    at [90mfile:///C:/Users/ljyih/Desktop/ultrapower/[39mnode_modules/[4m@vitest/runner[24m/dist/index.js:145:11
    at [90mfile:///C:/Users/ljyih/Desktop/ultrapower/[39mnode_modules/[4m@vitest/runner[24m/dist/index.js:915:26
    at [90mfile:///C:/Users/ljyih/Desktop/ultrapower/[39mnode_modules/[4m@vitest/runner[24m/dist/index.js:1243:20
    at new Promise (<anonymous>)
    at runWithTimeout [90m(file:///C:/Users/ljyih/Desktop/ultrapower/[39mnode_modules/[4m@vitest/runner[24m/dist/index.js:1209:10[90m)[39m
    at [90mfile:///C:/Users/ljyih/Desktop/ultrapower/[39mnode_modules/[4m@vitest/runner[24m/dist/index.js:1653:37
    at Traces.$ [90m(file:///C:/Users/ljyih/Desktop/ultrapower/[39mnode_modules/[4mvitest[24m/dist/chunks/traces.CCmnQaNT.js:142:27[90m)[39m
    at trace [90m(file:///C:/Users/ljyih/Desktop/ultrapower/[39mnode_modules/[4mvitest[24m/dist/chunks/test.B8ej_ZHS.js:239:21[90m)[39m
    at runTest [90m(file:///C:/Users/ljyih/Desktop/ultrapower/[39mnode_modules/[4m@vitest/runner[24m/dist/index.js:1653:12[90m)[39m

[90mstderr[2m | src/mcp/client/__tests__/MCPClient.test.ts[2m > [22m[2mMCPClient[2m > [22m[2misAvailable[2m > [22m[2mshould return false after connection failure
[22m[39mConnection attempt 2/3 failed: Error: Failed
    at C:/Users/ljyih/Desktop/ultrapower/src/mcp/client/__tests__/MCPClient.test.ts:179:44
    at [90mfile:///C:/Users/ljyih/Desktop/ultrapower/[39mnode_modules/[4m@vitest/runner[24m/dist/index.js:145:11
    at [90mfile:///C:/Users/ljyih/Desktop/ultrapower/[39mnode_modules/[4m@vitest/runner[24m/dist/index.js:915:26
    at [90mfile:///C:/Users/ljyih/Desktop/ultrapower/[39mnode_modules/[4m@vitest/runner[24m/dist/index.js:1243:20
    at new Promise (<anonymous>)
    at runWithTimeout [90m(file:///C:/Users/ljyih/Desktop/ultrapower/[39mnode_modules/[4m@vitest/runner[24m/dist/index.js:1209:10[90m)[39m
    at [90mfile:///C:/Users/ljyih/Desktop/ultrapower/[39mnode_modules/[4m@vitest/runner[24m/dist/index.js:1653:37
    at Traces.$ [90m(file:///C:/Users/ljyih/Desktop/ultrapower/[39mnode_modules/[4mvitest[24m/dist/chunks/traces.CCmnQaNT.js:142:27[90m)[39m
    at trace [90m(file:///C:/Users/ljyih/Desktop/ultrapower/[39mnode_modules/[4mvitest[24m/dist/chunks/test.B8ej_ZHS.js:239:21[90m)[39m
    at runTest [90m(file:///C:/Users/ljyih/Desktop/ultrapower/[39mnode_modules/[4m@vitest/runner[24m/dist/index.js:1653:12[90m)[39m

[90mstderr[2m | src/mcp/client/__tests__/MCPClient.test.ts[2m > [22m[2mMCPClient[2m > [22m[2misAvailable[2m > [22m[2mshould return false after connection failure
[22m[39mConnection attempt 3/3 failed: Error: Failed
    at C:/Users/ljyih/Desktop/ultrapower/src/mcp/client/__tests__/MCPClient.test.ts:179:44
    at [90mfile:///C:/Users/ljyih/Desktop/ultrapower/[39mnode_modules/[4m@vitest/runner[24m/dist/index.js:145:11
    at [90mfile:///C:/Users/ljyih/Desktop/ultrapower/[39mnode_modules/[4m@vitest/runner[24m/dist/index.js:915:26
    at [90mfile:///C:/Users/ljyih/Desktop/ultrapower/[39mnode_modules/[4m@vitest/runner[24m/dist/index.js:1243:20
    at new Promise (<anonymous>)
    at runWithTimeout [90m(file:///C:/Users/ljyih/Desktop/ultrapower/[39mnode_modules/[4m@vitest/runner[24m/dist/index.js:1209:10[90m)[39m
    at [90mfile:///C:/Users/ljyih/Desktop/ultrapower/[39mnode_modules/[4m@vitest/runner[24m/dist/index.js:1653:37
    at Traces.$ [90m(file:///C:/Users/ljyih/Desktop/ultrapower/[39mnode_modules/[4mvitest[24m/dist/chunks/traces.CCmnQaNT.js:142:27[90m)[39m
    at trace [90m(file:///C:/Users/ljyih/Desktop/ultrapower/[39mnode_modules/[4mvitest[24m/dist/chunks/test.B8ej_ZHS.js:239:21[90m)[39m
    at runTest [90m(file:///C:/Users/ljyih/Desktop/ultrapower/[39mnode_modules/[4m@vitest/runner[24m/dist/index.js:1653:12[90m)[39m

 [32m✓[39m src/state/migration/__tests__/migration.test.ts [2m([22m[2m7 tests[22m[2m)[22m[32m 94[2mms[22m[39m
[90mstderr[2m | src/mcp/client/__tests__/MCPClient.test.ts[2m > [22m[2mMCPClient[2m > [22m[2merror handling[2m > [22m[2mshould handle spawn errors
[22m[39mConnection attempt 1/3 failed: Error: Spawn failed
    at C:/Users/ljyih/Desktop/ultrapower/src/mcp/client/__tests__/MCPClient.test.ts:357:44
    at [90mfile:///C:/Users/ljyih/Desktop/ultrapower/[39mnode_modules/[4m@vitest/runner[24m/dist/index.js:145:11
    at [90mfile:///C:/Users/ljyih/Desktop/ultrapower/[39mnode_modules/[4m@vitest/runner[24m/dist/index.js:915:26
    at [90mfile:///C:/Users/ljyih/Desktop/ultrapower/[39mnode_modules/[4m@vitest/runner[24m/dist/index.js:1243:20
    at new Promise (<anonymous>)
    at runWithTimeout [90m(file:///C:/Users/ljyih/Desktop/ultrapower/[39mnode_modules/[4m@vitest/runner[24m/dist/index.js:1209:10[90m)[39m
    at [90mfile:///C:/Users/ljyih/Desktop/ultrapower/[39mnode_modules/[4m@vitest/runner[24m/dist/index.js:1653:37
    at Traces.$ [90m(file:///C:/Users/ljyih/Desktop/ultrapower/[39mnode_modules/[4mvitest[24m/dist/chunks/traces.CCmnQaNT.js:142:27[90m)[39m
    at trace [90m(file:///C:/Users/ljyih/Desktop/ultrapower/[39mnode_modules/[4mvitest[24m/dist/chunks/test.B8ej_ZHS.js:239:21[90m)[39m
    at runTest [90m(file:///C:/Users/ljyih/Desktop/ultrapower/[39mnode_modules/[4m@vitest/runner[24m/dist/index.js:1653:12[90m)[39m

(node:53576) PromiseRejectionHandledWarning: Promise rejection was handled asynchronously (rejection id: 21)
(node:53576) PromiseRejectionHandledWarning: Promise rejection was handled asynchronously (rejection id: 25)
[90mstderr[2m | src/mcp/client/__tests__/MCPClient.test.ts[2m > [22m[2mMCPClient[2m > [22m[2merror handling[2m > [22m[2mshould handle spawn errors
[22m[39mConnection attempt 2/3 failed: Error: Spawn failed
    at C:/Users/ljyih/Desktop/ultrapower/src/mcp/client/__tests__/MCPClient.test.ts:357:44
    at [90mfile:///C:/Users/ljyih/Desktop/ultrapower/[39mnode_modules/[4m@vitest/runner[24m/dist/index.js:145:11
    at [90mfile:///C:/Users/ljyih/Desktop/ultrapower/[39mnode_modules/[4m@vitest/runner[24m/dist/index.js:915:26
    at [90mfile:///C:/Users/ljyih/Desktop/ultrapower/[39mnode_modules/[4m@vitest/runner[24m/dist/index.js:1243:20
    at new Promise (<anonymous>)
    at runWithTimeout [90m(file:///C:/Users/ljyih/Desktop/ultrapower/[39mnode_modules/[4m@vitest/runner[24m/dist/index.js:1209:10[90m)[39m
    at [90mfile:///C:/Users/ljyih/Desktop/ultrapower/[39mnode_modules/[4m@vitest/runner[24m/dist/index.js:1653:37
    at Traces.$ [90m(file:///C:/Users/ljyih/Desktop/ultrapower/[39mnode_modules/[4mvitest[24m/dist/chunks/traces.CCmnQaNT.js:142:27[90m)[39m
    at trace [90m(file:///C:/Users/ljyih/Desktop/ultrapower/[39mnode_modules/[4mvitest[24m/dist/chunks/test.B8ej_ZHS.js:239:21[90m)[39m
    at runTest [90m(file:///C:/Users/ljyih/Desktop/ultrapower/[39mnode_modules/[4m@vitest/runner[24m/dist/index.js:1653:12[90m)[39m

[90mstderr[2m | src/mcp/client/__tests__/MCPClient.test.ts[2m > [22m[2mMCPClient[2m > [22m[2merror handling[2m > [22m[2mshould handle spawn errors
[22m[39mConnection attempt 3/3 failed: Error: Spawn failed
    at C:/Users/ljyih/Desktop/ultrapower/src/mcp/client/__tests__/MCPClient.test.ts:357:44
    at [90mfile:///C:/Users/ljyih/Desktop/ultrapower/[39mnode_modules/[4m@vitest/runner[24m/dist/index.js:145:11
    at [90mfile:///C:/Users/ljyih/Desktop/ultrapower/[39mnode_modules/[4m@vitest/runner[24m/dist/index.js:915:26
    at [90mfile:///C:/Users/ljyih/Desktop/ultrapower/[39mnode_modules/[4m@vitest/runner[24m/dist/index.js:1243:20
    at new Promise (<anonymous>)
    at runWithTimeout [90m(file:///C:/Users/ljyih/Desktop/ultrapower/[39mnode_modules/[4m@vitest/runner[24m/dist/index.js:1209:10[90m)[39m
    at [90mfile:///C:/Users/ljyih/Desktop/ultrapower/[39mnode_modules/[4m@vitest/runner[24m/dist/index.js:1653:37
    at Traces.$ [90m(file:///C:/Users/ljyih/Desktop/ultrapower/[39mnode_modules/[4mvitest[24m/dist/chunks/traces.CCmnQaNT.js:142:27[90m)[39m
    at trace [90m(file:///C:/Users/ljyih/Desktop/ultrapower/[39mnode_modules/[4mvitest[24m/dist/chunks/test.B8ej_ZHS.js:239:21[90m)[39m
    at runTest [90m(file:///C:/Users/ljyih/Desktop/ultrapower/[39mnode_modules/[4m@vitest/runner[24m/dist/index.js:1653:12[90m)[39m

[90mstderr[2m | src/mcp/client/__tests__/MCPClient.test.ts[2m > [22m[2mMCPClient[2m > [22m[2merror handling[2m > [22m[2mshould handle transport creation errors
[22m[39mConnection attempt 1/3 failed: Error: Transport creation failed
    at C:/Users/ljyih/Desktop/ultrapower/src/mcp/client/__tests__/MCPClient.test.ts:368:44
    at [90mfile:///C:/Users/ljyih/Desktop/ultrapower/[39mnode_modules/[4m@vitest/runner[24m/dist/index.js:145:11
    at [90mfile:///C:/Users/ljyih/Desktop/ultrapower/[39mnode_modules/[4m@vitest/runner[24m/dist/index.js:915:26
    at [90mfile:///C:/Users/ljyih/Desktop/ultrapower/[39mnode_modules/[4m@vitest/runner[24m/dist/index.js:1243:20
    at new Promise (<anonymous>)
    at runWithTimeout [90m(file:///C:/Users/ljyih/Desktop/ultrapower/[39mnode_modules/[4m@vitest/runner[24m/dist/index.js:1209:10[90m)[39m
    at [90mfile:///C:/Users/ljyih/Desktop/ultrapower/[39mnode_modules/[4m@vitest/runner[24m/dist/index.js:1653:37
    at Traces.$ [90m(file:///C:/Users/ljyih/Desktop/ultrapower/[39mnode_modules/[4mvitest[24m/dist/chunks/traces.CCmnQaNT.js:142:27[90m)[39m
    at trace [90m(file:///C:/Users/ljyih/Desktop/ultrapower/[39mnode_modules/[4mvitest[24m/dist/chunks/test.B8ej_ZHS.js:239:21[90m)[39m
    at runTest [90m(file:///C:/Users/ljyih/Desktop/ultrapower/[39mnode_modules/[4m@vitest/runner[24m/dist/index.js:1653:12[90m)[39m

[90mstderr[2m | src/mcp/client/__tests__/MCPClient.test.ts[2m > [22m[2mMCPClient[2m > [22m[2merror handling[2m > [22m[2mshould handle transport creation errors
[22m[39mConnection attempt 2/3 failed: Error: Transport creation failed
    at C:/Users/ljyih/Desktop/ultrapower/src/mcp/client/__tests__/MCPClient.test.ts:368:44
    at [90mfile:///C:/Users/ljyih/Desktop/ultrapower/[39mnode_modules/[4m@vitest/runner[24m/dist/index.js:145:11
    at [90mfile:///C:/Users/ljyih/Desktop/ultrapower/[39mnode_modules/[4m@vitest/runner[24m/dist/index.js:915:26
    at [90mfile:///C:/Users/ljyih/Desktop/ultrapower/[39mnode_modules/[4m@vitest/runner[24m/dist/index.js:1243:20
    at new Promise (<anonymous>)
    at runWithTimeout [90m(file:///C:/Users/ljyih/Desktop/ultrapower/[39mnode_modules/[4m@vitest/runner[24m/dist/index.js:1209:10[90m)[39m
    at [90mfile:///C:/Users/ljyih/Desktop/ultrapower/[39mnode_modules/[4m@vitest/runner[24m/dist/index.js:1653:37
    at Traces.$ [90m(file:///C:/Users/ljyih/Desktop/ultrapower/[39mnode_modules/[4mvitest[24m/dist/chunks/traces.CCmnQaNT.js:142:27[90m)[39m
    at trace [90m(file:///C:/Users/ljyih/Desktop/ultrapower/[39mnode_modules/[4mvitest[24m/dist/chunks/test.B8ej_ZHS.js:239:21[90m)[39m
    at runTest [90m(file:///C:/Users/ljyih/Desktop/ultrapower/[39mnode_modules/[4m@vitest/runner[24m/dist/index.js:1653:12[90m)[39m

 [32m✓[39m src/hooks/team-pipeline/__tests__/pipeline-transitions.test.ts [2m([22m[2m18 tests[22m[2m)[22m[32m 186[2mms[22m[39m
[90mstderr[2m | src/mcp/client/__tests__/MCPClient.test.ts[2m > [22m[2mMCPClient[2m > [22m[2merror handling[2m > [22m[2mshould handle transport creation errors
[22m[39mConnection attempt 3/3 failed: Error: Transport creation failed
    at C:/Users/ljyih/Desktop/ultrapower/src/mcp/client/__tests__/MCPClient.test.ts:368:44
    at [90mfile:///C:/Users/ljyih/Desktop/ultrapower/[39mnode_modules/[4m@vitest/runner[24m/dist/index.js:145:11
    at [90mfile:///C:/Users/ljyih/Desktop/ultrapower/[39mnode_modules/[4m@vitest/runner[24m/dist/index.js:915:26
    at [90mfile:///C:/Users/ljyih/Desktop/ultrapower/[39mnode_modules/[4m@vitest/runner[24m/dist/index.js:1243:20
    at new Promise (<anonymous>)
    at runWithTimeout [90m(file:///C:/Users/ljyih/Desktop/ultrapower/[39mnode_modules/[4m@vitest/runner[24m/dist/index.js:1209:10[90m)[39m
    at [90mfile:///C:/Users/ljyih/Desktop/ultrapower/[39mnode_modules/[4m@vitest/runner[24m/dist/index.js:1653:37
    at Traces.$ [90m(file:///C:/Users/ljyih/Desktop/ultrapower/[39mnode_modules/[4mvitest[24m/dist/chunks/traces.CCmnQaNT.js:142:27[90m)[39m
    at trace [90m(file:///C:/Users/ljyih/Desktop/ultrapower/[39mnode_modules/[4mvitest[24m/dist/chunks/test.B8ej_ZHS.js:239:21[90m)[39m
    at runTest [90m(file:///C:/Users/ljyih/Desktop/ultrapower/[39mnode_modules/[4m@vitest/runner[24m/dist/index.js:1653:12[90m)[39m

 [32m✓[39m src/features/state-manager/__tests__/wal-recovery.test.ts [2m([22m[2m8 tests[22m[2m)[22m[32m 151[2mms[22m[39m
 [32m✓[39m src/mcp/client/__tests__/MCPClient.test.ts [2m([22m[2m26 tests[22m[2m)[22m[32m 98[2mms[22m[39m
 [32m✓[39m src/features/token-tracker/index.test.ts [2m([22m[2m3 tests[22m[2m)[22m[32m 63[2mms[22m[39m
 [32m✓[39m src/hooks/notepad/__tests__/index.test.ts [2m([22m[2m3 tests[22m[2m)[22m[32m 47[2mms[22m[39m
 [32m✓[39m src/features/ccg/__tests__/e2e-new-project.test.ts [2m([22m[2m2 tests[22m[2m)[22m[32m 84[2mms[22m[39m
 [32m✓[39m src/hooks/workflow-gate/__tests__/quality-gate-sync.test.ts [2m([22m[2m8 tests[22m[2m)[22m[32m 47[2mms[22m[39m
 [32m✓[39m src/hooks/subagent-tracker/__tests__/flow-tracer.test.ts [2m([22m[2m8 tests[22m[2m)[22m[32m 133[2mms[22m[39m
[90mstderr[2m | src/__tests__/prompt-file-only.test.ts[2m > [22m[2minline prompt mode[2m > [22m[2mhandleAskCodex[2m > [22m[2mshould accept inline prompt and pass parameter validation
[22m[39m[DEBUG] Spawning: codex.cmd with shell=true

 [32m✓[39m src/hooks/auto-slash-command/__tests__/executor.test.ts [2m([22m[2m5 tests[22m[2m)[22m[32m 52[2mms[22m[39m
 [32m✓[39m src/audit/__tests__/logger.test.ts [2m([22m[2m3 tests[22m[2m)[22m[32m 57[2mms[22m[39m
 [32m✓[39m src/__tests__/prompt-file-only.test.ts [2m([22m[2m24 tests[22m[2m)[22m[32m 109[2mms[22m[39m
 [32m✓[39m src/features/ccg/__tests__/microservice.test.ts [2m([22m[2m2 tests[22m[2m)[22m[32m 39[2mms[22m[39m
 [32m✓[39m src/features/ccg/__tests__/tech-stack-detector.test.ts [2m([22m[2m5 tests[22m[2m)[22m[32m 33[2mms[22m[39m
 [32m✓[39m src/hooks/keyword-detector/__tests__/index.test.ts [2m([22m[2m165 tests[22m[2m)[22m[32m 70[2mms[22m[39m
 [32m✓[39m tests/state/migration/integrity.test.ts [2m([22m[2m6 tests[22m[2m)[22m[32m 105[2mms[22m[39m
 [32m✓[39m src/hooks/rules-injector/__tests__/index.test.ts [2m([22m[2m6 tests[22m[2m)[22m[32m 32[2mms[22m[39m
 [32m✓[39m src/platform/__tests__/index.test.ts [2m([22m[2m7 tests[22m[2m)[22m[32m 43[2mms[22m[39m
 [32m✓[39m src/__tests__/installer.test.ts [2m([22m[2m35 tests[22m[2m | [22m[33m1 skipped[39m[2m)[22m[32m 75[2mms[22m[39m
 [32m✓[39m src/__tests__/model-routing.test.ts [2m([22m[2m95 tests[22m[2m)[22m[32m 77[2mms[22m[39m
[90mstdout[2m | src/hooks/__tests__/bridge-normalize.test.ts[2m > [22m[2mbridge-normalize[2m > [22m[2mT2: permission-request error handling[2m > [22m[2mshould allow unknown fields for non-sensitive hooks
[22m[39m[bridge-normalize] Unknown field "unknown_field" passed through for hook "tool-use"

[90mstderr[2m | src/mcp/__tests__/codex-integration.test.ts[2m > [22m[2mCodex Integration[2m > [22m[2mexecuteCodex[2m > [22m[2mexecutes successfully with valid response
[22m[39m[DEBUG] Spawning: codex.cmd with shell=true

[90mstdout[2m | src/hooks/__tests__/bridge-normalize.test.ts[2m > [22m[2mbridge-normalize[2m > [22m[2mboundary tests[2m > [22m[2mshould handle input with only unknown fields for non-sensitive hooks
[22m[39m[bridge-normalize] Unknown field "unknown1" passed through for hook "tool-use"
[bridge-normalize] Unknown field "unknown2" passed through for hook "tool-use"

[90mstderr[2m | src/mcp/__tests__/codex-integration.test.ts[2m > [22m[2mCodex Integration[2m > [22m[2mexecuteCodex[2m > [22m[2mhandles model error
[22m[39m[DEBUG] Spawning: codex.cmd with shell=true

[90mstderr[2m | src/mcp/__tests__/codex-integration.test.ts[2m > [22m[2mCodex Integration[2m > [22m[2mexecuteCodex[2m > [22m[2mhandles rate limit error
[22m[39m[DEBUG] Spawning: codex.cmd with shell=true

 [32m✓[39m src/hooks/memory/__tests__/index.test.ts [2m([22m[2m3 tests[22m[2m)[22m[32m 40[2mms[22m[39m
 [32m✓[39m src/features/ccg/__tests__/performance.test.ts [2m([22m[2m2 tests[22m[2m)[22m[32m 17[2mms[22m[39m
[90mstderr[2m | src/mcp/__tests__/codex-integration.test.ts[2m > [22m[2mCodex Integration[2m > [22m[2mexecuteCodex[2m > [22m[2mpasses reasoning effort parameter
[22m[39m[DEBUG] Spawning: codex.cmd with shell=true

 [32m✓[39m src/hooks/__tests__/bridge-normalize.test.ts [2m([22m[2m27 tests[22m[2m)[22m[32m 36[2mms[22m[39m
 [32m✓[39m src/mcp/__tests__/codex-integration.test.ts [2m([22m[2m4 tests[22m[2m)[22m[32m 89[2mms[22m[39m
 [32m✓[39m src/__tests__/doctor-conflicts.test.ts [2m([22m[2m8 tests[22m[2m)[22m[32m 69[2mms[22m[39m
 [32m✓[39m src/features/state-manager/__tests__/index.test.ts [2m([22m[2m11 tests[22m[2m)[22m[32m 97[2mms[22m[39m
 [32m✓[39m src/cli/__tests__/autocomplete.test.ts [2m([22m[2m5 tests[22m[2m)[22m[32m 51[2mms[22m[39m
 [32m✓[39m src/team/__tests__/fs-utils.test.ts [2m([22m[2m8 tests[22m[2m)[22m[32m 63[2mms[22m[39m
 [32m✓[39m src/__tests__/hud-agents.test.ts [2m([22m[2m73 tests[22m[2m)[22m[32m 33[2mms[22m[39m
 [32m✓[39m src/notifications/__tests__/dispatcher.test.ts [2m([22m[2m55 tests[22m[2m)[22m[32m 55[2mms[22m[39m
 [32m✓[39m src/tools/python-repl/__tests__/bridge-manager-cleanup.test.ts [2m([22m[2m2 tests[22m[2m)[22m[32m 46[2mms[22m[39m
 [32m✓[39m src/hooks/rules-injector/__tests__/finder.test.ts [2m([22m[2m5 tests[22m[2m)[22m[32m 73[2mms[22m[39m
 [32m✓[39m src/state/__tests__/state-manager.test.ts [2m([22m[2m3 tests[22m[2m)[22m[32m 68[2mms[22m[39m
 [32m✓[39m src/team/__tests__/activity-log.test.ts [2m([22m[2m8 tests[22m[2m)[22m[32m 66[2mms[22m[39m
 [32m✓[39m src/state/migration/__tests__/integrity.test.ts [2m([22m[2m5 tests[22m[2m)[22m[32m 93[2mms[22m[39m
 [32m✓[39m src/hooks/__tests__/mode-cancel-sync.test.ts [2m([22m[2m2 tests[22m[2m)[22m[32m 99[2mms[22m[39m
 [32m✓[39m src/features/ccg/__tests__/e2e-old-project.test.ts [2m([22m[2m2 tests[22m[2m)[22m[32m 92[2mms[22m[39m
[90mstderr[2m | src/__tests__/inline-success-shape.test.ts[2m > [22m[2mInline success response shape[2m > [22m[2mCodex inline success returns two content blocks with untrusted wrapper
[22m[39mWarning: Parse errors in C:\Users\ljyih\AppData\Roaming\claude-sisyphus\config.jsonc: [
  { error: [33m1[39m, offset: [33m0[39m, length: [33m4[39m },
  { error: [33m1[39m, offset: [33m5[39m, length: [33m3[39m },
  { error: [33m1[39m, offset: [33m9[39m, length: [33m8[39m },
  { error: [33m1[39m, offset: [33m18[39m, length: [33m6[39m }
]
Warning: Parse errors in C:\Users\ljyih\Desktop\ultrapower\.claude\sisyphus.jsonc: [
  { error: [33m1[39m, offset: [33m0[39m, length: [33m4[39m },
  { error: [33m1[39m, offset: [33m5[39m, length: [33m3[39m },
  { error: [33m1[39m, offset: [33m9[39m, length: [33m8[39m },
  { error: [33m1[39m, offset: [33m18[39m, length: [33m6[39m }
]
[DEBUG] Spawning: codex.cmd with shell=true

[90mstderr[2m | src/__tests__/inline-success-shape.test.ts[2m > [22m[2mInline success response shape[2m > [22m[2mCodex inline success metadata should not duplicate "Resolved Working Directory" key
[22m[39mWarning: Parse errors in C:\Users\ljyih\AppData\Roaming\claude-sisyphus\config.jsonc: [
  { error: [33m1[39m, offset: [33m0[39m, length: [33m4[39m },
  { error: [33m1[39m, offset: [33m5[39m, length: [33m3[39m },
  { error: [33m1[39m, offset: [33m9[39m, length: [33m8[39m },
  { error: [33m1[39m, offset: [33m18[39m, length: [33m6[39m }
]
Warning: Parse errors in C:\Users\ljyih\Desktop\ultrapower\.claude\sisyphus.jsonc: [
  { error: [33m1[39m, offset: [33m0[39m, length: [33m4[39m },
  { error: [33m1[39m, offset: [33m5[39m, length: [33m3[39m },
  { error: [33m1[39m, offset: [33m9[39m, length: [33m8[39m },
  { error: [33m1[39m, offset: [33m18[39m, length: [33m6[39m }
]
[DEBUG] Spawning: codex.cmd with shell=true

[90mstderr[2m | src/__tests__/inline-success-shape.test.ts[2m > [22m[2mInline success response shape[2m > [22m[2mGemini inline success returns two content blocks with untrusted wrapper
[22m[39mWarning: Parse errors in C:\Users\ljyih\AppData\Roaming\claude-sisyphus\config.jsonc: [
  { error: [33m1[39m, offset: [33m0[39m, length: [33m4[39m },
  { error: [33m1[39m, offset: [33m5[39m, length: [33m3[39m },
  { error: [33m1[39m, offset: [33m9[39m, length: [33m8[39m },
  { error: [33m1[39m, offset: [33m18[39m, length: [33m6[39m }
]
Warning: Parse errors in C:\Users\ljyih\Desktop\ultrapower\.claude\sisyphus.jsonc: [
  { error: [33m1[39m, offset: [33m0[39m, length: [33m4[39m },
  { error: [33m1[39m, offset: [33m5[39m, length: [33m3[39m },
  { error: [33m1[39m, offset: [33m9[39m, length: [33m8[39m },
  { error: [33m1[39m, offset: [33m18[39m, length: [33m6[39m }
]

[90mstderr[2m | src/__tests__/inline-success-shape.test.ts[2m > [22m[2mInline success response shape[2m > [22m[2mGemini inline success metadata should not duplicate "Resolved Working Directory" key
[22m[39mWarning: Parse errors in C:\Users\ljyih\AppData\Roaming\claude-sisyphus\config.jsonc: [
  { error: [33m1[39m, offset: [33m0[39m, length: [33m4[39m },
  { error: [33m1[39m, offset: [33m5[39m, length: [33m3[39m },
  { error: [33m1[39m, offset: [33m9[39m, length: [33m8[39m },
  { error: [33m1[39m, offset: [33m18[39m, length: [33m6[39m }
]
Warning: Parse errors in C:\Users\ljyih\Desktop\ultrapower\.claude\sisyphus.jsonc: [
  { error: [33m1[39m, offset: [33m0[39m, length: [33m4[39m },
  { error: [33m1[39m, offset: [33m5[39m, length: [33m3[39m },
  { error: [33m1[39m, offset: [33m9[39m, length: [33m8[39m },
  { error: [33m1[39m, offset: [33m18[39m, length: [33m6[39m }
]

 [32m✓[39m src/__tests__/inline-success-shape.test.ts [2m([22m[2m4 tests[22m[2m)[22m[32m 41[2mms[22m[39m
[90mstdout[2m | tests/reliability/retry-classifier.test.ts[2m > [22m[2mRetryClassifier[2m > [22m[2mintegrates with RetryManager to allow idempotent retries
[22m[39m[RetryManager] Attempt 1 failed: fail
[RetryManager] Retrying in 10ms...

[90mstdout[2m | tests/reliability/retry-classifier.test.ts[2m > [22m[2mRetryClassifier[2m > [22m[2mintegrates with RetryManager to allow idempotent retries
[22m[39m[RetryManager] Attempt 2 failed: fail
[RetryManager] Retrying in 20ms...

 [32m✓[39m src/tools/__tests__/schema-conversion.test.ts [2m([22m[2m25 tests[22m[2m)[22m[32m 31[2mms[22m[39m
[90mstdout[2m | tests/reliability/retry-classifier.test.ts[2m > [22m[2mRetryClassifier[2m > [22m[2mintegrates with RetryManager to allow idempotent retries
[22m[39m[RetryManager] Attempt 3 failed: fail

 [32m✓[39m src/hooks/session-end/__tests__/index.test.ts [2m([22m[2m6 tests[22m[2m)[22m[32m 47[2mms[22m[39m
 [32m✓[39m src/features/ccg/__tests__/structure-analyzer.test.ts [2m([22m[2m5 tests[22m[2m)[22m[32m 44[2mms[22m[39m
 [32m✓[39m tests/reliability/retry-classifier.test.ts [2m([22m[2m6 tests[22m[2m)[22m[32m 60[2mms[22m[39m
 [32m✓[39m src/tools/__tests__/skills-tools.test.ts [2m([22m[2m8 tests[22m[2m)[22m[32m 32[2mms[22m[39m
 [32m✓[39m src/team/__tests__/worker-health.test.ts [2m([22m[2m11 tests[22m[2m)[22m[32m 35[2mms[22m[39m
 [32m✓[39m src/hooks/auto-slash-command/__tests__/index.test.ts [2m([22m[2m6 tests[22m[2m)[22m[32m 48[2mms[22m[39m
 [32m✓[39m tests/state/backup-manager.test.ts [2m([22m[2m3 tests[22m[2m)[22m[32m 83[2mms[22m[39m
[90mstdout[2m | src/hooks/session-end/__tests__/callbacks.test.ts[2m > [22m[2mtriggerStopCallbacks[2m > [22m[2mwrites file when file callback is enabled
[22m[39m[stop-callback] Session summary written to /tmp/test-test-session-123.md

 [32m✓[39m src/tools/lsp/__tests__/client-win32-spawn.test.ts [2m([22m[2m3 tests[22m[2m)[22m[32m 135[2mms[22m[39m
[90mstdout[2m | src/hooks/session-end/__tests__/callbacks.test.ts[2m > [22m[2mtriggerStopCallbacks[2m > [22m[2mwrites JSON format when configured
[22m[39m[stop-callback] Session summary written to /tmp/test.json

[90mstdout[2m | src/hooks/session-end/__tests__/callbacks.test.ts[2m > [22m[2mtriggerStopCallbacks[2m > [22m[2msends Telegram notification when enabled
[22m[39m[stop-callback] Telegram notification sent

[90mstdout[2m | src/hooks/session-end/__tests__/callbacks.test.ts[2m > [22m[2mtriggerStopCallbacks[2m > [22m[2mprefixes Telegram messages with normalized tags from tagList
[22m[39m[stop-callback] Telegram notification sent

[90mstderr[2m | src/hooks/session-end/__tests__/callbacks.test.ts[2m > [22m[2mtriggerStopCallbacks[2m > [22m[2mskips Telegram when missing credentials
[22m[39m[stop-callback] Telegram: missing botToken or chatId

[90mstdout[2m | src/hooks/session-end/__tests__/callbacks.test.ts[2m > [22m[2mtriggerStopCallbacks[2m > [22m[2msends Discord notification when enabled
[22m[39m[stop-callback] Discord notification sent

[90mstdout[2m | src/hooks/session-end/__tests__/callbacks.test.ts[2m > [22m[2mtriggerStopCallbacks[2m > [22m[2mprefixes Discord messages with normalized tags from tagList
[22m[39m[stop-callback] Discord notification sent

[90mstderr[2m | src/hooks/session-end/__tests__/callbacks.test.ts[2m > [22m[2mtriggerStopCallbacks[2m > [22m[2mskips Discord when missing webhook URL
[22m[39m[stop-callback] Discord: missing webhookUrl

[90mstderr[2m | src/hooks/session-end/__tests__/callbacks.test.ts[2m > [22m[2mtriggerStopCallbacks[2m > [22m[2mhandles file write errors gracefully
[22m[39m[stop-callback] File write failed: Error: Permission denied
    at C:/Users/ljyih/Desktop/ultrapower/src/hooks/session-end/__tests__/callbacks.test.ts:377:13
    at Mock [90m(file:///C:/Users/ljyih/Desktop/ultrapower/[39mnode_modules/[4m@vitest/spy[24m/dist/index.js:285:34[90m)[39m
    at writeToFile (C:/Users/ljyih/Desktop/ultrapower/src/hooks/session-end/callbacks.ts:120:5)
    at Module.triggerStopCallbacks (C:/Users/ljyih/Desktop/ultrapower/src/hooks/session-end/callbacks.ts:247:19)
    at C:/Users/ljyih/Desktop/ultrapower/src/hooks/session-end/__tests__/callbacks.test.ts:392:18
    at [90mfile:///C:/Users/ljyih/Desktop/ultrapower/[39mnode_modules/[4m@vitest/runner[24m/dist/index.js:145:11
    at [90mfile:///C:/Users/ljyih/Desktop/ultrapower/[39mnode_modules/[4m@vitest/runner[24m/dist/index.js:915:26
    at [90mfile:///C:/Users/ljyih/Desktop/ultrapower/[39mnode_modules/[4m@vitest/runner[24m/dist/index.js:1243:20
    at new Promise (<anonymous>)
    at runWithTimeout [90m(file:///C:/Users/ljyih/Desktop/ultrapower/[39mnode_modules/[4m@vitest/runner[24m/dist/index.js:1209:10[90m)[39m

[90mstderr[2m | src/hooks/session-end/__tests__/callbacks.test.ts[2m > [22m[2mtriggerStopCallbacks[2m > [22m[2mhandles Telegram API errors gracefully
[22m[39m[stop-callback] Telegram send failed: Telegram API error: 401 - undefined

[90mstderr[2m | src/hooks/session-end/__tests__/callbacks.test.ts[2m > [22m[2mtriggerStopCallbacks[2m > [22m[2mhandles network errors gracefully
[22m[39m[stop-callback] Discord send failed: Network error

[90mstdout[2m | src/hooks/session-end/__tests__/callbacks.test.ts[2m > [22m[2mtriggerStopCallbacks[2m > [22m[2mexecutes multiple callbacks in parallel
[22m[39m[stop-callback] Session summary written to /tmp/test.md

[90mstdout[2m | src/hooks/session-end/__tests__/callbacks.test.ts[2m > [22m[2mtriggerStopCallbacks[2m > [22m[2mexecutes multiple callbacks in parallel
[22m[39m[stop-callback] Telegram notification sent
[stop-callback] Discord notification sent

 [32m✓[39m src/hooks/session-end/__tests__/callbacks.test.ts [2m([22m[2m26 tests[22m[2m)[22m[32m 47[2mms[22m[39m
[90mstderr[2m | src/mcp/__tests__/shared-exec.test.ts[2m > [22m[2msafeWriteOutputFile[2m > [22m[2mshould return error response on write failure
[22m[39m[mcp] E_WRITE_FAILED: Failed to write output file 'is-a-dir': EISDIR: illegal operation on a directory, open 'C:\Users\ljyih\Desktop\ultrapower\.test-safe-write-45368\is-a-dir'

 [32m✓[39m src/mcp/__tests__/shared-exec.test.ts [2m([22m[2m13 tests[22m[2m)[22m[32m 39[2mms[22m[39m
 [32m✓[39m src/hooks/recovery/__tests__/context-window.test.ts [2m([22m[2m18 tests[22m[2m)[22m[32m 65[2mms[22m[39m
 [32m✓[39m src/mcp/__tests__/worker-cleanup.test.ts [2m([22m[2m3 tests[22m[2m)[22m[32m 71[2mms[22m[39m
 [32m✓[39m tests/backup/disaster-drill.test.ts [2m([22m[2m3 tests[22m[2m)[22m[32m 58[2mms[22m[39m
 [32m✓[39m src/lib/__tests__/path-validator.test.ts [2m([22m[2m25 tests[22m[2m | [22m[33m2 skipped[39m[2m)[22m[32m 101[2mms[22m[39m
 [32m✓[39m src/mcp/__tests__/codex-core.test.ts [2m([22m[2m25 tests[22m[2m)[22m[32m 37[2mms[22m[39m
 [32m✓[39m src/__tests__/hud/top-agents.test.ts [2m([22m[2m16 tests[22m[2m)[22m[32m 62[2mms[22m[39m
 [32m✓[39m src/__tests__/learner/matcher.test.ts [2m([22m[2m50 tests[22m[2m)[22m[32m 34[2mms[22m[39m
 [32m✓[39m src/hooks/think-mode/__tests__/index.test.ts [2m([22m[2m107 tests[22m[2m)[22m[32m 50[2mms[22m[39m
 [32m✓[39m src/features/ccg/__tests__/stream-processor.test.ts [2m([22m[2m2 tests[22m[2m)[22m[32m 47[2mms[22m[39m
 [32m✓[39m src/notifications/__tests__/formatter.test.ts [2m([22m[2m10 tests[22m[2m)[22m[32m 45[2mms[22m[39m
 [32m✓[39m src/tools/ast-tools.test.ts [2m([22m[2m2 tests[22m[2m)[22m[32m 84[2mms[22m[39m
 [32m✓[39m src/tools/python-repl/__tests__/socket-client.test.ts [2m([22m[2m15 tests[22m[2m)[22m[32m 34[2mms[22m[39m
 [32m✓[39m src/notifications/__tests__/profiles.test.ts [2m([22m[2m11 tests[22m[2m)[22m[32m 26[2mms[22m[39m
 [32m✓[39m src/lib/__tests__/env-validator.test.ts [2m([22m[2m12 tests[22m[2m)[22m[32m 27[2mms[22m[39m
 [32m✓[39m src/__tests__/permission-enforcement.test.ts [2m([22m[2m18 tests[22m[2m)[22m[32m 34[2mms[22m[39m
 [32m✓[39m src/__tests__/validateMode.test.ts [2m([22m[2m16 tests[22m[2m)[22m[32m 17[2mms[22m[39m
 [32m✓[39m src/tools/__tests__/lsp-tools.test.ts [2m([22m[2m24 tests[22m[2m)[22m[32m 33[2mms[22m[39m
 [32m✓[39m src/hooks/nexus/__tests__/improvement-puller.test.ts [2m([22m[2m3 tests[22m[2m)[22m[32m 38[2mms[22m[39m
 [32m✓[39m src/__tests__/prompt-injection.test.ts [2m([22m[2m32 tests[22m[2m)[22m[32m 32[2mms[22m[39m
 [32m✓[39m src/tools/python-repl/__tests__/paths.test.ts [2m([22m[2m26 tests[22m[2m)[22m[32m 23[2mms[22m[39m
[90mstderr[2m | src/__tests__/load-agent-prompt.test.ts[2m > [22m[2mloadAgentPrompt[2m > [22m[2msecurity: path traversal prevention[2m > [22m[2mallows valid agent names only
[22m[39m[loadAgentPrompt] Agent prompt file not found

[90mstderr[2m | src/__tests__/load-agent-prompt.test.ts[2m > [22m[2mloadAgentPrompt[2m > [22m[2mprovider-aware loading[2m > [22m[2mloadAgentPrompt with codex provider falls back for nonexistent agent
[22m[39m[loadAgentPrompt] Agent prompt file not found

 [32m✓[39m src/notifications/__tests__/config-merge.test.ts [2m([22m[2m13 tests[22m[2m)[22m[32m 25[2mms[22m[39m
[90mstderr[2m | src/__tests__/load-agent-prompt.test.ts[2m > [22m[2mloadAgentPrompt[2m > [22m[2merror handling[2m > [22m[2mreturns fallback for nonexistent agent
[22m[39m[loadAgentPrompt] Agent prompt file not found

[90mstderr[2m | src/__tests__/load-agent-prompt.test.ts[2m > [22m[2mloadAgentPrompt[2m > [22m[2merror handling[2m > [22m[2mfallback does not leak internal paths
[22m[39m[loadAgentPrompt] Agent prompt file not found

 [32m✓[39m src/tools/lsp/__tests__/client-timer-buffer.test.ts [2m([22m[2m8 tests[22m[2m)[22m[32m 30[2mms[22m[39m
 [32m✓[39m src/hooks/ralph/__tests__/verifier.test.ts [2m([22m[2m8 tests[22m[2m)[22m[32m 64[2mms[22m[39m
 [32m✓[39m src/__tests__/load-agent-prompt.test.ts [2m([22m[2m14 tests[22m[2m)[22m[32m 30[2mms[22m[39m
[1/2] Syncing marketplace... ✓
[1/2] Syncing marketplace... ✓
[1/2] Syncing marketplace... ✓
[1/2] Syncing marketplace... ⚠
[1/2] Syncing marketplace... ⚠
[1/2] Syncing marketplace... ✓
 [32m✓[39m src/hooks/axiom-boot/__tests__/index.test.ts [2m([22m[2m4 tests[22m[2m)[22m[32m 58[2mms[22m[39m
 [32m✓[39m src/__tests__/auto-update.test.ts [2m([22m[2m16 tests[22m[2m)[22m[32m 61[2mms[22m[39m
 [32m✓[39m src/hooks/workflow-gate/integration.test.ts [2m([22m[2m4 tests[22m[2m)[22m[32m 71[2mms[22m[39m
 [32m✓[39m src/hooks/workflow-gate/__tests__/assumption-extractor.test.ts [2m([22m[2m5 tests[22m[2m)[22m[32m 38[2mms[22m[39m
 [32m✓[39m src/hooks/session-end/__tests__/python-repl-cleanup.test.ts [2m([22m[2m2 tests[22m[2m)[22m[32m 36[2mms[22m[39m
 [32m✓[39m tests/security/audit-logger.test.ts [2m([22m[2m3 tests[22m[2m)[22m[32m 21[2mms[22m[39m
 [32m✓[39m src/__tests__/providers/azure-devops.test.ts [2m([22m[2m21 tests[22m[2m)[22m[32m 22[2mms[22m[39m
 [32m✓[39m src/lib/__tests__/plugin-marketplace.test.ts [2m([22m[2m6 tests[22m[2m)[22m[32m 43[2mms[22m[39m
 [32m✓[39m src/__tests__/hud/analytics-display.test.ts [2m([22m[2m32 tests[22m[2m)[22m[32m 15[2mms[22m[39m
 [32m✓[39m src/__tests__/live-data.test.ts [2m([22m[2m33 tests[22m[2m)[22m[32m 39[2mms[22m[39m
 [32m✓[39m src/installer/__tests__/claude-md-merge.test.ts [2m([22m[2m20 tests[22m[2m)[22m[32m 18[2mms[22m[39m
 [32m✓[39m tests/reliability/circuit-breaker.test.ts [2m([22m[2m8 tests[22m[2m)[22m[32m 22[2mms[22m[39m
 [32m✓[39m src/tools/python-repl/__tests__/tool.test.ts [2m([22m[2m20 tests[22m[2m)[22m[32m 35[2mms[22m[39m
 [32m✓[39m src/hooks/setup/__tests__/index.test.ts [2m([22m[2m3 tests[22m[2m)[22m[32m 20[2mms[22m[39m
 [32m✓[39m src/notifications/__tests__/config.test.ts [2m([22m[2m32 tests[22m[2m)[22m[32m 30[2mms[22m[39m
 [32m✓[39m src/hooks/ultrapilot/__tests__/decomposer.test.ts [2m([22m[2m29 tests[22m[2m)[22m[32m 23[2mms[22m[39m
 [32m✓[39m src/features/ccg/project-detector.test.ts [2m([22m[2m3 tests[22m[2m)[22m[32m 33[2mms[22m[39m
 [32m✓[39m src/__tests__/session-catalog.test.ts [2m([22m[2m20 tests[22m[2m)[22m[32m 38[2mms[22m[39m
 [32m✓[39m src/verification/tier-selector.test.ts [2m([22m[2m45 tests[22m[2m)[22m[32m 23[2mms[22m[39m
 [32m✓[39m src/hooks/learner/__tests__/reflection-parser.test.ts [2m([22m[2m17 tests[22m[2m)[22m[32m 18[2mms[22m[39m
 [32m✓[39m src/tools/lsp/__tests__/client-additional.test.ts [2m([22m[2m12 tests[22m[2m)[22m[32m 40[2mms[22m[39m
 [32m✓[39m src/__tests__/hud/usage-api.test.ts [2m([22m[2m17 tests[22m[2m)[22m[32m 14[2mms[22m[39m
[90mstderr[2m | src/features/delegation-routing/__tests__/resolver.test.ts[2m > [22m[2mresolveDelegation provider/tool mismatch correction[2m > [22m[2mshould correct provider/tool mismatch
[22m[39m[delegation-routing] Provider/tool mismatch: claude with ask_codex. Correcting to Task.

 [32m✓[39m src/features/delegation-routing/__tests__/resolver.test.ts [2m([22m[2m57 tests[22m[2m)[22m[32m 41[2mms[22m[39m
 [32m✓[39m src/features/ccg/doc-manager.test.ts [2m([22m[2m6 tests[22m[2m)[22m[32m 18[2mms[22m[39m
 [32m✓[39m src/__tests__/rate-limit-wait/tmux-detector.test.ts [2m([22m[2m20 tests[22m[2m | [22m[33m5 skipped[39m[2m)[22m[32m 17[2mms[22m[39m
 [32m✓[39m src/utils/__tests__/paths.test.ts [2m([22m[2m22 tests[22m[2m)[22m[32m 47[2mms[22m[39m
 [32m✓[39m src/cli/tutorial/__tests__/tutorial.test.ts [2m([22m[2m2 tests[22m[2m)[22m[32m 38[2mms[22m[39m
 [32m✓[39m tests/lib/atomic-write.test.ts [2m([22m[2m2 tests[22m[2m)[22m[32m 26[2mms[22m[39m
 [32m✓[39m src/hooks/nexus/__tests__/data-collector.test.ts [2m([22m[2m2 tests[22m[2m)[22m[32m 22[2mms[22m[39m
 [32m✓[39m src/mcp/__tests__/config-loader.test.ts [2m([22m[2m4 tests[22m[2m)[22m[32m 31[2mms[22m[39m
 [32m✓[39m src/__tests__/multi-model-mcp-integration.test.ts [2m([22m[2m11 tests[22m[2m)[22m[33m 442[2mms[22m[39m
 [32m✓[39m src/__tests__/hud/git.test.ts [2m([22m[2m13 tests[22m[2m)[22m[32m 15[2mms[22m[39m
 [32m✓[39m src/__tests__/mcp-fallback-429.test.ts [2m([22m[2m30 tests[22m[2m)[22m[32m 21[2mms[22m[39m
[90mstderr[2m | src/tools/lsp/__tests__/client-eviction.test.ts[2m > [22m[2mLspClientManager eviction and disconnectAll[2m > [22m[2mdisconnectAll resilience[2m > [22m[2mshould continue disconnecting when one client throws
[22m[39mLSP disconnectAll: failed to disconnect client "key2": Error: connection reset

[90mstderr[2m | src/tools/lsp/__tests__/client-eviction.test.ts[2m > [22m[2mLspClientManager eviction and disconnectAll[2m > [22m[2mdisconnectAll resilience[2m > [22m[2mshould clear all maps after disconnectAll even with failures
[22m[39mLSP disconnectAll: failed to disconnect client "key1": Error: timeout

 [32m✓[39m src/tools/lsp/__tests__/client-eviction.test.ts [2m([22m[2m8 tests[22m[2m)[22m[32m 26[2mms[22m[39m
 [32m✓[39m src/hooks/agent-usage-reminder/__tests__/index.test.ts [2m([22m[2m3 tests[22m[2m)[22m[32m 16[2mms[22m[39m
[90mstdout[2m | src/features/ccg/__tests__/progress-bar.test.ts[2m > [22m[2mProgressBar[2m > [22m[2mcompletes progress
[22m[39m

 [32m✓[39m src/__tests__/lsp-servers.test.ts [2m([22m[2m83 tests[22m[2m)[22m[32m 26[2mms[22m[39m
[90mstdout[2m | src/__tests__/session-migration.test.ts[2m > [22m[2mSessionManager migration[2m > [22m[2mmigrates local history to global when only local exists
[22m[39m[session-manager] Migrated session history from local to global state

[90mstdout[2m | src/__tests__/session-migration.test.ts[2m > [22m[2mSessionManager migration[2m > [22m[2mmerges and deduplicates when both exist
[22m[39m[session-manager] Merged 1 sessions from local to global state

 [32m✓[39m src/features/ccg/__tests__/progress-bar.test.ts [2m([22m[2m3 tests[22m[2m)[22m[32m 14[2mms[22m[39m
[90mstdout[2m | src/__tests__/session-migration.test.ts[2m > [22m[2mSessionManager migration[2m > [22m[2moverwrites global current-session when local is newer
[22m[39m[session-manager] Migrated session history from local to global state

[90mstdout[2m | src/__tests__/session-migration.test.ts[2m > [22m[2mSessionManager migration[2m > [22m[2mcleans up local current-session when global is newer
[22m[39m[session-manager] Migrated session history from local to global state

 [32m✓[39m src/__tests__/session-migration.test.ts [2m([22m[2m6 tests[22m[2m)[22m[32m 19[2mms[22m[39m
 [32m✓[39m src/notifications/__tests__/tmux.test.ts [2m([22m[2m16 tests[22m[2m)[22m[32m 27[2mms[22m[39m
 [32m✓[39m src/mcp/config/__tests__/loader.test.ts [2m([22m[2m4 tests[22m[2m)[22m[32m 32[2mms[22m[39m
 [32m✓[39m src/__tests__/hooks/learner/parser.test.ts [2m([22m[2m14 tests[22m[2m)[22m[32m 32[2mms[22m[39m
[90mstderr[2m | src/hooks/__tests__/timeout-wrapper.test.ts[2m > [22m[2mwithTimeout[2m > [22m[2mshould call onTimeout callback when timeout occurs
[22m[39m[hook-bridge] test-callback timeout after 500ms

 [32m✓[39m src/hooks/empty-message-sanitizer/__tests__/index.test.ts [2m([22m[2m60 tests[22m[2m)[22m[32m 27[2mms[22m[39m
 [32m✓[39m src/hooks/__tests__/timeout-wrapper.test.ts [2m([22m[2m6 tests[22m[2m)[22m[32m 26[2mms[22m[39m
 [32m✓[39m src/__tests__/multi-model-mcp.test.ts [2m([22m[2m14 tests[22m[2m)[22m[32m 27[2mms[22m[39m
 [32m✓[39m src/tools/lsp/__tests__/command-exists.test.ts [2m([22m[2m8 tests[22m[2m)[22m[32m 31[2mms[22m[39m
 [32m✓[39m src/hooks/recovery/__tests__/index.test.ts [2m([22m[2m30 tests[22m[2m)[22m[32m 35[2mms[22m[39m
 [32m✓[39m src/hooks/todo-continuation/__tests__/isUserAbort.test.ts [2m([22m[2m27 tests[22m[2m)[22m[32m 12[2mms[22m[39m
 [32m✓[39m src/__tests__/hud/model.test.ts [2m([22m[2m13 tests[22m[2m)[22m[32m 13[2mms[22m[39m
 [32m✓[39m src/__tests__/analytics/output-estimator.test.ts [2m([22m[2m22 tests[22m[2m)[22m[32m 21[2mms[22m[39m
 [32m✓[39m src/features/analytics-dashboard/__tests__/integration.test.ts [2m([22m[2m5 tests[22m[2m)[22m[32m 14[2mms[22m[39m
 [32m✓[39m tests/concurrency/cache-concurrent-write.test.ts [2m([22m[2m2 tests[22m[2m)[22m[32m 35[2mms[22m[39m
 [32m✓[39m src/features/state-manager/__tests__/tiered-writer.test.ts [2m([22m[2m11 tests[22m[2m)[22m[32m 37[2mms[22m[39m
 [32m✓[39m src/__tests__/standalone-server.test.ts [2m([22m[2m6 tests[22m[2m)[22m[32m 17[2mms[22m[39m
 [32m✓[39m src/tools/python-repl/__tests__/bridge-manager.test.ts [2m([22m[2m17 tests[22m[2m)[22m[33m 28853[2mms[22m[39m
       [33m[2m✓[22m[39m kills bridge with SIGINT first [33m 810[2mms[22m[39m
       [33m[2m✓[22m[39m escalates to SIGTERM when SIGINT fails [33m 6763[2mms[22m[39m
       [33m[2m✓[22m[39m escalates to SIGKILL when SIGTERM fails [33m 10379[2mms[22m[39m
       [33m[2m✓[22m[39m returns failure when all signals fail [33m 10810[2mms[22m[39m
 [32m✓[39m src/tools/__tests__/ast-tools.test.ts [2m([22m[2m5 tests[22m[2m)[22m[32m 17[2mms[22m[39m
 [32m✓[39m src/__tests__/providers/gitea.test.ts [2m([22m[2m20 tests[22m[2m)[22m[32m 26[2mms[22m[39m
 [32m✓[39m src/lib/__tests__/version.test.ts [2m([22m[2m4 tests[22m[2m)[22m[32m 13[2mms[22m[39m
 [32m✓[39m src/features/ccg/__tests__/cache-stats.test.ts [2m([22m[2m2 tests[22m[2m)[22m[32m 34[2mms[22m[39m
 [32m✓[39m src/tools/lsp/__tests__/client-p1-scenarios.test.ts [2m([22m[2m7 tests[22m[2m)[22m[32m 34[2mms[22m[39m
 [32m✓[39m src/__tests__/analytics/token-extractor.test.ts [2m([22m[2m15 tests[22m[2m)[22m[32m 22[2mms[22m[39m
 [32m✓[39m src/hooks/nexus/__tests__/session-end-hook.test.ts [2m([22m[2m2 tests[22m[2m)[22m[32m 22[2mms[22m[39m
 [32m✓[39m src/hooks/persistent-mode/__tests__/tool-error.test.ts [2m([22m[2m26 tests[22m[2m)[22m[32m 27[2mms[22m[39m
 [32m✓[39m src/__tests__/mnemosyne/parser.test.ts [2m([22m[2m5 tests[22m[2m)[22m[32m 13[2mms[22m[39m
 [32m✓[39m tests/security/resource-guard.test.ts [2m([22m[2m7 tests[22m[2m)[22m[32m 22[2mms[22m[39m
 [32m✓[39m src/hooks/learner/__tests__/detector.test.ts [2m([22m[2m19 tests[22m[2m)[22m[32m 34[2mms[22m[39m
 [32m✓[39m src/cli/progress/__tests__/progress.test.ts [2m([22m[2m7 tests[22m[2m)[22m[32m 14[2mms[22m[39m
 [32m✓[39m src/__tests__/hud/render.test.ts [2m([22m[2m20 tests[22m[2m)[22m[32m 41[2mms[22m[39m
[90mstderr[2m | src/features/ccg/codex-fallback.test.ts[2m > [22m[2mCodex Fallback Strategy[2m > [22m[2mshould fallback to Agent on Codex timeout
[22m[39m[Fallback] test-task: Codex failed (Operation timed out after 30000ms), using Agent fallback

[90mstderr[2m | src/features/ccg/codex-fallback.test.ts[2m > [22m[2mCodex Fallback Strategy[2m > [22m[2mshould fallback to Agent on Codex error
[22m[39m[Fallback] test-task: Codex failed (Codex unavailable), using Agent fallback

[90mstderr[2m | src/features/ccg/codex-fallback.test.ts[2m > [22m[2mCodex Fallback Strategy[2m > [22m[2mshould fail when both Codex and fallback fail
[22m[39m[Fallback] test-task: Codex failed (Codex error), using Agent fallback

[90mstderr[2m | src/__tests__/rate-limit-wait/rate-limit-monitor.test.ts[2m > [22m[2mrate-limit-monitor[2m > [22m[2mcheckRateLimitStatus[2m > [22m[2mshould handle API errors gracefully
[22m[39m[RateLimitMonitor] Error checking rate limit: Error: API error
    at C:/Users/ljyih/Desktop/ultrapower/src/__tests__/rate-limit-wait/rate-limit-monitor.test.ts:116:45
    at [90mfile:///C:/Users/ljyih/Desktop/ultrapower/[39mnode_modules/[4m@vitest/runner[24m/dist/index.js:145:11
    at [90mfile:///C:/Users/ljyih/Desktop/ultrapower/[39mnode_modules/[4m@vitest/runner[24m/dist/index.js:915:26
    at [90mfile:///C:/Users/ljyih/Desktop/ultrapower/[39mnode_modules/[4m@vitest/runner[24m/dist/index.js:1243:20
    at new Promise (<anonymous>)
    at runWithTimeout [90m(file:///C:/Users/ljyih/Desktop/ultrapower/[39mnode_modules/[4m@vitest/runner[24m/dist/index.js:1209:10[90m)[39m
    at [90mfile:///C:/Users/ljyih/Desktop/ultrapower/[39mnode_modules/[4m@vitest/runner[24m/dist/index.js:1653:37
    at Traces.$ [90m(file:///C:/Users/ljyih/Desktop/ultrapower/[39mnode_modules/[4mvitest[24m/dist/chunks/traces.CCmnQaNT.js:142:27[90m)[39m
    at trace [90m(file:///C:/Users/ljyih/Desktop/ultrapower/[39mnode_modules/[4mvitest[24m/dist/chunks/test.B8ej_ZHS.js:239:21[90m)[39m
    at runTest [90m(file:///C:/Users/ljyih/Desktop/ultrapower/[39mnode_modules/[4m@vitest/runner[24m/dist/index.js:1653:12[90m)[39m

 [32m✓[39m src/features/ccg/codex-fallback.test.ts [2m([22m[2m5 tests[22m[2m)[22m[33m 30074[2mms[22m[39m
     [33m[2m✓[22m[39m should fallback to Agent on Codex timeout [33m 30050[2mms[22m[39m
 [32m✓[39m src/__tests__/rate-limit-wait/rate-limit-monitor.test.ts [2m([22m[2m14 tests[22m[2m)[22m[32m 29[2mms[22m[39m
 [32m✓[39m src/hooks/autopilot/__tests__/prompts.test.ts [2m([22m[2m17 tests[22m[2m)[22m[32m 26[2mms[22m[39m
 [32m✓[39m src/__tests__/providers/github.test.ts [2m([22m[2m19 tests[22m[2m)[22m[32m 19[2mms[22m[39m
 [32m✓[39m src/lib/__tests__/plugin-deps.test.ts [2m([22m[2m5 tests[22m[2m)[22m[32m 21[2mms[22m[39m
[90mstderr[2m | tests/hooks/whitelist-validation.test.ts[2m > [22m[2mD-06: whitelist validation[2m > [22m[2mfilters unknown fields for tool-call hook
[22m[39m[bridge-normalize] [SECURITY] Dropped unknown field "unknown" for hook "tool-call"

[90mstderr[2m | tests/hooks/whitelist-validation.test.ts[2m > [22m[2mD-06: whitelist validation[2m > [22m[2mfilters unknown fields for session-start hook
[22m[39m[bridge-normalize] [SECURITY] Dropped unknown field "unknown" for hook "session-start"

 [32m✓[39m tests/hooks/whitelist-validation.test.ts [2m([22m[2m3 tests[22m[2m)[22m[32m 15[2mms[22m[39m
 [32m✓[39m src/__tests__/codex-backoff.test.ts [2m([22m[2m19 tests[22m[2m)[22m[32m 35[2mms[22m[39m
 [32m✓[39m src/__tests__/hud/state.test.ts [2m([22m[2m8 tests[22m[2m)[22m[32m 11[2mms[22m[39m
 [32m✓[39m src/__tests__/hud/omc-state.test.ts [2m([22m[2m4 tests[22m[2m)[22m[32m 11[2mms[22m[39m
 [32m✓[39m src/hooks/nexus/__tests__/config.test.ts [2m([22m[2m3 tests[22m[2m)[22m[32m 19[2mms[22m[39m
 [32m✓[39m src/__tests__/types.test.ts [2m([22m[2m6 tests[22m[2m)[22m[32m 11[2mms[22m[39m
 [32m✓[39m src/__tests__/providers/gitlab.test.ts [2m([22m[2m20 tests[22m[2m)[22m[32m 22[2mms[22m[39m
 [32m✓[39m src/__tests__/installer-hooks-merge.test.ts [2m([22m[2m25 tests[22m[2m)[22m[32m 24[2mms[22m[39m
 [32m✓[39m src/tools/lsp/__tests__/utils.test.ts [2m([22m[2m44 tests[22m[2m)[22m[32m 26[2mms[22m[39m
 [32m✓[39m src/team/__tests__/permissions.test.ts [2m([22m[2m25 tests[22m[2m)[22m[32m 28[2mms[22m[39m
 [32m✓[39m src/__tests__/providers/bitbucket.test.ts [2m([22m[2m22 tests[22m[2m)[22m[32m 44[2mms[22m[39m
 [32m✓[39m src/features/ccg/__tests__/security.test.ts [2m([22m[2m10 tests[22m[2m)[22m[32m 22[2mms[22m[39m
 [32m✓[39m src/installer/__tests__/safe-installer.test.ts [2m([22m[2m12 tests[22m[2m)[22m[32m 18[2mms[22m[39m
 [32m✓[39m src/mcp/__tests__/omc-tools-server.test.ts [2m([22m[2m20 tests[22m[2m)[22m[32m 21[2mms[22m[39m
 [32m✓[39m src/mcp/__tests__/gemini-core.test.ts [2m([22m[2m9 tests[22m[2m)[22m[32m 10[2mms[22m[39m
 [32m✓[39m src/__tests__/installer-hud-skip.test.ts [2m([22m[2m17 tests[22m[2m)[22m[32m 17[2mms[22m[39m
 [32m✓[39m tests/security/tenant-isolator.test.ts [2m([22m[2m3 tests[22m[2m)[22m[32m 11[2mms[22m[39m
 [32m✓[39m src/__tests__/analytics/transcript-token-extractor.test.ts [2m([22m[2m9 tests[22m[2m)[22m[32m 10[2mms[22m[39m
 [32m✓[39m src/hooks/learner/__tests__/matcher.test.ts [2m([22m[2m22 tests[22m[2m)[22m[32m 19[2mms[22m[39m
 [32m✓[39m src/team/__tests__/deadlock-detector.test.ts [2m([22m[2m5 tests[22m[2m)[22m[32m 19[2mms[22m[39m
 [32m✓[39m src/lib/__tests__/validateMode.test.ts [2m([22m[2m12 tests[22m[2m)[22m[32m 26[2mms[22m[39m
 [32m✓[39m src/hooks/omc-orchestrator/__tests__/index.test.ts [2m([22m[2m3 tests[22m[2m)[22m[32m 19[2mms[22m[39m
 [32m✓[39m src/features/workflow-recommender/__tests__/intent-classifier.test.ts [2m([22m[2m8 tests[22m[2m)[22m[32m 11[2mms[22m[39m
 [32m✓[39m src/lib/state-cache.test.ts [2m([22m[2m3 tests[22m[2m)[22m[32m 23[2mms[22m[39m
 [32m✓[39m src/features/diagnostics/__tests__/error-matcher.test.ts [2m([22m[2m7 tests[22m[2m)[22m[32m 11[2mms[22m[39m
 [32m✓[39m src/hooks/permission-handler/__tests__/security.test.ts [2m([22m[2m3 tests[22m[2m)[22m[32m 10[2mms[22m[39m
 [32m✓[39m src/tools/__tests__/resume-session.test.ts [2m([22m[2m5 tests[22m[2m)[22m[32m 25[2mms[22m[39m
 [32m✓[39m src/__tests__/mnemosyne/validator.test.ts [2m([22m[2m7 tests[22m[2m)[22m[32m 17[2mms[22m[39m
 [32m✓[39m src/__tests__/bash-history.test.ts [2m([22m[2m9 tests[22m[2m)[22m[32m 24[2mms[22m[39m
 [32m✓[39m src/mcp/__tests__/config.test.ts [2m([22m[2m5 tests[22m[2m)[22m[32m 26[2mms[22m[39m
 [32m✓[39m src/features/task-templates/__tests__/index.test.ts [2m([22m[2m4 tests[22m[2m)[22m[32m 23[2mms[22m[39m
 [32m✓[39m src/__tests__/hud/context-warning.test.ts [2m([22m[2m16 tests[22m[2m)[22m[32m 11[2mms[22m[39m
 [32m✓[39m src/lib/__tests__/env-validator-integration.test.ts [2m([22m[2m3 tests[22m[2m)[22m[32m 18[2mms[22m[39m
 [32m✓[39m src/__tests__/hud/skills.test.ts [2m([22m[2m24 tests[22m[2m)[22m[32m 27[2mms[22m[39m
 [32m✓[39m src/mcp/__tests__/tool-adapter.test.ts [2m([22m[2m7 tests[22m[2m)[22m[32m 11[2mms[22m[39m
 [32m✓[39m src/__tests__/version-helper.test.ts [2m([22m[2m4 tests[22m[2m)[22m[32m 10[2mms[22m[39m
 [32m✓[39m src/installer/__tests__/error-recovery.test.ts [2m([22m[2m7 tests[22m[2m)[22m[32m 19[2mms[22m[39m
 [32m✓[39m src/hooks/recovery/__tests__/edit-error.test.ts [2m([22m[2m17 tests[22m[2m)[22m[32m 14[2mms[22m[39m
 [32m✓[39m src/skills/__tests__/mingw-escape.test.ts [2m([22m[2m7 tests[22m[2m)[22m[32m 12[2mms[22m[39m
 [32m✓[39m src/hooks/recovery/__tests__/session-recovery.test.ts [2m([22m[2m18 tests[22m[2m)[22m[32m 18[2mms[22m[39m
[90mstderr[2m | src/__tests__/mcp-server-workflows.test.ts
[22m[39m[prompt-injection] CRITICAL: Could not scan agents/ directory for role discovery: Error: [vitest] No "readdirSync" export is defined on the "fs" mock. Did you forget to return it from "vi.mock"?
If you need to partially mock a module, you can use "importOriginal" helper inside:

    at VitestMocker.createError [90m(file:///C:/Users/ljyih/Desktop/ultrapower/[39mnode_modules/[4mvitest[24m/dist/chunks/startModuleRunner.DEj0jb3e.js:311:17[90m)[39m
    at Object.get [90m(file:///C:/Users/ljyih/Desktop/ultrapower/[39mnode_modules/[4mvitest[24m/dist/chunks/startModuleRunner.DEj0jb3e.js:384:16[90m)[39m
    at getValidAgentRoles (C:/Users/ljyih/Desktop/ultrapower/src/mcp/prompt-injection.ts:89:19)
    at C:/Users/ljyih/Desktop/ultrapower/src/mcp/prompt-injection.ts:107:53
[90m    at processTicksAndRejections (node:internal/process/task_queues:103:5)[39m
    at VitestModuleEvaluator._runInlinedModule [90m(file:///C:/Users/ljyih/Desktop/ultrapower/[39mnode_modules/[4mvitest[24m/dist/module-evaluator.js:196:4[90m)[39m
    at VitestModuleRunner.directRequest [90m(file:///C:/Users/ljyih/Desktop/ultrapower/[39mnode_modules/[4mvite[24m/dist/node/module-runner.js:1146:59[90m)[39m
    at VitestModuleRunner.cachedRequest [90m(file:///C:/Users/ljyih/Desktop/ultrapower/[39mnode_modules/[4mvite[24m/dist/node/module-runner.js:1053:73[90m)[39m
    at C:/Users/ljyih/Desktop/ultrapower/src/mcp/codex-core.ts:18:1
    at VitestModuleEvaluator._runInlinedModule [90m(file:///C:/Users/ljyih/Desktop/ultrapower/[39mnode_modules/[4mvitest[24m/dist/module-evaluator.js:196:4[90m)[39m {
  codeFrame: [32m'vi.mock(import("fs"), async (importOriginal) => {\n'[39m +
    [32m'  const actual = await importOriginal()\n'[39m +
    [32m'  return {\n'[39m +
    [32m'    ...actual,\n'[39m +
    [32m'    // your mocked methods\n'[39m +
    [32m'  }\n'[39m +
    [32m'})'[39m
}

 [32m✓[39m src/hooks/project-memory/__tests__/formatter.test.ts [2m([22m[2m6 tests[22m[2m)[22m[32m 12[2mms[22m[39m
 [32m✓[39m src/agents/__tests__/timeout-manager.test.ts [2m([22m[2m7 tests[22m[2m)[22m[32m 18[2mms[22m[39m
 [32m✓[39m src/__tests__/mnemosyne/detector.test.ts [2m([22m[2m11 tests[22m[2m)[22m[32m 29[2mms[22m[39m
 [32m✓[39m src/installer/__tests__/hooks-config.test.ts [2m([22m[2m3 tests[22m[2m)[22m[32m 16[2mms[22m[39m
 [32m✓[39m src/team/__tests__/tmux-session.test.ts [2m([22m[2m22 tests[22m[2m | [22m[33m2 skipped[39m[2m)[22m[32m 21[2mms[22m[39m
 [32m✓[39m src/__tests__/example.test.ts [2m([22m[2m4 tests[22m[2m)[22m[32m 18[2mms[22m[39m
 [32m✓[39m src/features/state-manager/__tests__/encryption.test.ts [2m([22m[2m8 tests[22m[2m)[22m[32m 16[2mms[22m[39m
 [32m✓[39m src/__tests__/hud/version-display.test.ts [2m([22m[2m6 tests[22m[2m)[22m[32m 10[2mms[22m[39m
 [32m✓[39m src/__tests__/hud/todos-element.test.ts [2m([22m[2m2 tests[22m[2m)[22m[32m 14[2mms[22m[39m
 [32m✓[39m src/__tests__/providers/detection.test.ts [2m([22m[2m31 tests[22m[2m)[22m[32m 18[2mms[22m[39m
 [32m✓[39m src/__tests__/mcp-server-workflows.test.ts [2m([22m[2m15 tests[22m[2m)[22m[32m 21[2mms[22m[39m
 [32m✓[39m src/features/state-manager/__tests__/encryption-performance.test.ts [2m([22m[2m2 tests[22m[2m)[22m[32m 10[2mms[22m[39m
 [32m✓[39m src/reliability/__tests__/circuit-breaker.test.ts [2m([22m[2m6 tests[22m[2m)[22m[32m 24[2mms[22m[39m
 [32m✓[39m src/__tests__/hooks-json-paths.test.ts [2m([22m[2m4 tests[22m[2m)[22m[32m 23[2mms[22m[39m
 [32m✓[39m src/lib/__tests__/plugin-registry.test.ts [2m([22m[2m13 tests[22m[2m)[22m[32m 19[2mms[22m[39m
 [32m✓[39m src/hooks/team-pipeline/__tests__/transitions.test.ts [2m([22m[2m19 tests[22m[2m)[22m[32m 22[2mms[22m[39m
 [32m✓[39m src/__tests__/plugin-registry.test.ts [2m([22m[2m13 tests[22m[2m)[22m[32m 27[2mms[22m[39m
 [32m✓[39m src/tools/__tests__/ast-tools-coverage.test.ts [2m([22m[2m6 tests[22m[2m)[22m[32m 32[2mms[22m[39m
 [32m✓[39m src/__tests__/hud-suggestions.test.ts [2m([22m[2m19 tests[22m[2m)[22m[32m 15[2mms[22m[39m
 [32m✓[39m src/tools/lsp/__tests__/client-coverage-boost.test.ts [2m([22m[2m6 tests[22m[2m)[22m[32m 18[2mms[22m[39m
 [32m✓[39m src/mcp/__tests__/cli-detection.test.ts [2m([22m[2m5 tests[22m[2m)[22m[32m 10[2mms[22m[39m
 [32m✓[39m src/team/__tests__/capabilities.test.ts [2m([22m[2m13 tests[22m[2m)[22m[32m 16[2mms[22m[39m
 [32m✓[39m tests/hooks/permission-request.test.ts [2m([22m[2m6 tests[22m[2m)[22m[32m 15[2mms[22m[39m
 [32m✓[39m src/utils/__tests__/string-width.test.ts [2m([22m[2m41 tests[22m[2m)[22m[32m 36[2mms[22m[39m
 [32m✓[39m src/tools/diagnostics/__tests__/tsc-runner.test.ts [2m([22m[2m6 tests[22m[2m)[22m[32m 13[2mms[22m[39m
 [32m✓[39m src/hooks/learner/__tests__/validator.test.ts [2m([22m[2m10 tests[22m[2m)[22m[32m 15[2mms[22m[39m
 [32m✓[39m src/hooks/non-interactive-env/__tests__/index.test.ts [2m([22m[2m3 tests[22m[2m)[22m[32m 12[2mms[22m[39m
 [32m✓[39m src/__tests__/auto-upgrade-prompt.test.ts [2m([22m[2m6 tests[22m[2m)[22m[32m 21[2mms[22m[39m
 [32m✓[39m src/mcp/__tests__/community-servers.test.ts [2m([22m[2m4 tests[22m[2m)[22m[32m 11[2mms[22m[39m
 [32m✓[39m src/hooks/plugin-patterns/__tests__/index.test.ts [2m([22m[2m3 tests[22m[2m)[22m[32m 8[2mms[22m[39m
 [32m✓[39m src/hooks/rules-injector/__tests__/matcher.test.ts [2m([22m[2m15 tests[22m[2m)[22m[32m 15[2mms[22m[39m
 [32m✓[39m src/hooks/beads-context/__tests__/index.test.ts [2m([22m[2m13 tests[22m[2m)[22m[32m 27[2mms[22m[39m
 [32m✓[39m src/hooks/directory-readme-injector/__tests__/index.test.ts [2m([22m[2m3 tests[22m[2m)[22m[32m 15[2mms[22m[39m
 [32m✓[39m src/__tests__/disable-tools.test.ts [2m([22m[2m30 tests[22m[2m)[22m[32m 18[2mms[22m[39m
 [32m✓[39m src/features/prompt-optimizer/__tests__/index.test.ts [2m([22m[2m7 tests[22m[2m)[22m[32m 22[2mms[22m[39m
 [32m✓[39m src/__tests__/hud/call-counts.test.ts [2m([22m[2m17 tests[22m[2m)[22m[32m 9[2mms[22m[39m
 [32m✓[39m src/hooks/guards/__tests__/pre-tool.test.ts [2m([22m[2m12 tests[22m[2m)[22m[32m 13[2mms[22m[39m
 [32m✓[39m src/tools/diagnostics/__tests__/index.test.ts [2m([22m[2m7 tests[22m[2m)[22m[32m 16[2mms[22m[39m
 [32m✓[39m tests/reliability/model-fallback.test.ts [2m([22m[2m5 tests[22m[2m)[22m[32m 10[2mms[22m[39m
 [32m✓[39m src/features/diagnostics/__tests__/solution-suggester.test.ts [2m([22m[2m4 tests[22m[2m)[22m[32m 18[2mms[22m[39m
 [32m✓[39m src/__tests__/hud/defaults.test.ts [2m([22m[2m11 tests[22m[2m)[22m[32m 14[2mms[22m[39m
 [32m✓[39m src/installer/__tests__/hooks.test.ts [2m([22m[2m15 tests[22m[2m)[22m[32m 12[2mms[22m[39m
 [32m✓[39m src/mcp/__tests__/prompt-injection.test.ts [2m([22m[2m13 tests[22m[2m)[22m[32m 14[2mms[22m[39m
 [32m✓[39m src/team/__tests__/dependency-graph.test.ts [2m([22m[2m4 tests[22m[2m)[22m[32m 18[2mms[22m[39m
 [32m✓[39m tests/security/budget-controller.test.ts [2m([22m[2m4 tests[22m[2m)[22m[32m 11[2mms[22m[39m
 [32m✓[39m src/hooks/rules-injector/__tests__/parser.test.ts [2m([22m[2m9 tests[22m[2m)[22m[32m 15[2mms[22m[39m
 [32m✓[39m src/__tests__/hud/prd-element.test.ts [2m([22m[2m2 tests[22m[2m)[22m[32m 8[2mms[22m[39m
 [32m✓[39m src/lib/__tests__/safe-json.test.ts [2m([22m[2m7 tests[22m[2m)[22m[32m 21[2mms[22m[39m
 [32m✓[39m src/observability/masker.test.ts [2m([22m[2m10 tests[22m[2m)[22m[32m 12[2mms[22m[39m
 [32m✓[39m src/__tests__/hud/sanitize.test.ts [2m([22m[2m27 tests[22m[2m)[22m[32m 24[2mms[22m[39m
 [32m✓[39m src/observability/tracer.test.ts [2m([22m[2m9 tests[22m[2m)[22m[32m 21[2mms[22m[39m
 [32m✓[39m src/mcp/__tests__/namespace-manager.test.ts [2m([22m[2m5 tests[22m[2m)[22m[32m 11[2mms[22m[39m
 [32m✓[39m src/team/__tests__/prompt-sanitization.test.ts [2m([22m[2m16 tests[22m[2m)[22m[32m 24[2mms[22m[39m
 [32m✓[39m src/__tests__/hud/session-element.test.ts [2m([22m[2m2 tests[22m[2m)[22m[32m 12[2mms[22m[39m
 [32m✓[39m tests/cache/security.test.ts [2m([22m[2m5 tests[22m[2m)[22m[32m 12[2mms[22m[39m
 [32m✓[39m src/__tests__/hud/ralph-element.test.ts [2m([22m[2m2 tests[22m[2m)[22m[32m 7[2mms[22m[39m
 [32m✓[39m src/__tests__/omc-tools-server.test.ts [2m([22m[2m12 tests[22m[2m)[22m[32m 15[2mms[22m[39m
 [32m✓[39m src/features/wizard/__tests__/recommendation-engine.test.ts [2m([22m[2m10 tests[22m[2m)[22m[32m 10[2mms[22m[39m
 [32m✓[39m src/features/wizard/__tests__/engine.test.ts [2m([22m[2m10 tests[22m[2m)[22m[32m 19[2mms[22m[39m
 [32m✓[39m src/__tests__/post-tool-verifier.test.mjs [2m([22m[2m21 tests[22m[2m)[22m[32m 13[2mms[22m[39m
 [32m✓[39m src/__tests__/hud/cwd.test.ts [2m([22m[2m11 tests[22m[2m)[22m[32m 12[2mms[22m[39m
 [32m✓[39m src/hooks/permission-handler/__tests__/integration.test.ts [2m([22m[2m6 tests[22m[2m)[22m[32m 16[2mms[22m[39m
 [32m✓[39m src/agents/__tests__/timeout-config.test.ts [2m([22m[2m6 tests[22m[2m)[22m[32m 10[2mms[22m[39m
 [32m✓[39m src/features/task-templates/__tests__/wizard-integration.test.ts [2m([22m[2m3 tests[22m[2m)[22m[32m 17[2mms[22m[39m
 [32m✓[39m src/__tests__/hud/permission-element.test.ts [2m([22m[2m2 tests[22m[2m)[22m[32m 10[2mms[22m[39m
 [32m✓[39m src/mcp/__tests__/other-tools.test.ts [2m([22m[2m8 tests[22m[2m)[22m[32m 11[2mms[22m[39m
 [32m✓[39m tests/concurrency/circuit-breaker-race.test.ts [2m([22m[2m2 tests[22m[2m)[22m[32m 11[2mms[22m[39m
 [32m✓[39m src/features/onboarding/__tests__/tutorial.test.ts [2m([22m[2m1 test[22m[2m)[22m[32m 12[2mms[22m[39m
 [32m✓[39m src/features/workflow-recommender/__tests__/context-analyzer.test.ts [2m([22m[2m6 tests[22m[2m)[22m[32m 17[2mms[22m[39m
 [32m✓[39m src/__tests__/hud/thinking.test.ts [2m([22m[2m7 tests[22m[2m)[22m[32m 11[2mms[22m[39m
 [32m✓[39m src/reliability/__tests__/model-fallback.test.ts [2m([22m[2m5 tests[22m[2m)[22m[32m 15[2mms[22m[39m
 [32m✓[39m src/__tests__/hud/background-tasks.test.ts [2m([22m[2m3 tests[22m[2m)[22m[32m 15[2mms[22m[39m
 [32m✓[39m src/features/quality-gate/__tests__/integration.test.ts [2m([22m[2m2 tests[22m[2m)[22m[32m 11[2mms[22m[39m
 [32m✓[39m src/features/ccg/__tests__/task-assigner.test.ts [2m([22m[2m5 tests[22m[2m)[22m[32m 8[2mms[22m[39m
 [32m✓[39m src/features/ccg/ci-validator.test.ts [2m([22m[2m3 tests[22m[2m)[22m[32m 16[2mms[22m[39m
 [32m✓[39m src/mcp/__tests__/worker-lifecycle.test.ts [2m([22m[2m4 tests[22m[2m)[22m[32m 19[2mms[22m[39m
 [32m✓[39m src/errors/__tests__/classifier.test.ts [2m([22m[2m6 tests[22m[2m)[22m[32m 15[2mms[22m[39m
 [32m✓[39m src/features/workflow-recommender/__tests__/integration.test.ts [2m([22m[2m3 tests[22m[2m)[22m[32m 9[2mms[22m[39m
 [32m✓[39m src/hooks/nexus/__tests__/consciousness-sync.test.ts [2m([22m[2m4 tests[22m[2m)[22m[32m 8[2mms[22m[39m
 [32m✓[39m src/hooks/learner/__tests__/confidence.test.ts [2m([22m[2m5 tests[22m[2m)[22m[32m 14[2mms[22m[39m
 [32m✓[39m src/features/workflow-recommender/__tests__/recommendation-engine.test.ts [2m([22m[2m7 tests[22m[2m)[22m[32m 13[2mms[22m[39m
 [32m✓[39m src/agents/__tests__/agent-wrapper.test.ts [2m([22m[2m3 tests[22m[2m)[22m[32m 9[2mms[22m[39m
 [32m✓[39m src/__tests__/validate-and-read-file.test.ts [2m([22m[2m6 tests[22m[2m)[22m[32m 10[2mms[22m[39m
 [32m✓[39m src/hooks/preemptive-compaction/__tests__/index.test.ts [2m([22m[2m3 tests[22m[2m)[22m[32m 18[2mms[22m[39m
 [32m✓[39m src/hooks/auto-slash-command/__tests__/detector.test.ts [2m([22m[2m12 tests[22m[2m)[22m[32m 25[2mms[22m[39m
 [32m✓[39m src/__tests__/hud/progress-indicator.test.ts [2m([22m[2m3 tests[22m[2m)[22m[32m 9[2mms[22m[39m
 [32m✓[39m src/errors/__tests__/spelling.test.ts [2m([22m[2m3 tests[22m[2m)[22m[32m 15[2mms[22m[39m
 [32m✓[39m src/__tests__/hud/config.test.ts [2m([22m[2m4 tests[22m[2m)[22m[32m 9[2mms[22m[39m
 [32m✓[39m tests/concurrency/state-conflict.test.ts [2m([22m[2m2 tests[22m[2m)[22m[32m 8[2mms[22m[39m
 [32m✓[39m src/features/speckit-integration/__tests__/integration.test.ts [2m([22m[2m4 tests[22m[2m)[22m[32m 10[2mms[22m[39m
 [32m✓[39m src/skills/__tests__/ax-context-init.test.ts [2m([22m[2m2 tests[22m[2m)[22m[32m 8[2mms[22m[39m
 [32m✓[39m src/features/personalized-recommendation/__tests__/integration.test.ts [2m([22m[2m3 tests[22m[2m)[22m[32m 11[2mms[22m[39m
 [32m✓[39m src/hooks/axiom-guards/__tests__/index.test.ts [2m([22m[2m5 tests[22m[2m)[22m[32m 18[2mms[22m[39m
 [32m✓[39m src/hooks/comment-checker/__tests__/index.test.ts [2m([22m[2m3 tests[22m[2m)[22m[32m 9[2mms[22m[39m
 [32m✓[39m src/__tests__/hud/background-element.test.ts [2m([22m[2m2 tests[22m[2m)[22m[32m 14[2mms[22m[39m
 [32m✓[39m src/__tests__/mnemosyne/config.test.ts [2m([22m[2m6 tests[22m[2m)[22m[32m 14[2mms[22m[39m
 [32m✓[39m src/hooks/thinking-block-validator/__tests__/index.test.ts [2m([22m[2m3 tests[22m[2m)[22m[32m 10[2mms[22m[39m
 [32m✓[39m src/team/workflow-integration.test.ts [2m([22m[2m4 tests[22m[2m)[22m[32m 7[2mms[22m[39m
 [32m✓[39m src/cli/commands/__tests__/cleanup.test.ts [2m([22m[2m1 test[22m[2m)[22m[32m 12[2mms[22m[39m
 [32m✓[39m src/mcp/__tests__/prompt-optimization-integration.test.ts [2m([22m[2m3 tests[22m[2m)[22m[32m 8[2mms[22m[39m
 [32m✓[39m src/hooks/autopilot/__tests__/index.test.ts [2m([22m[2m6 tests[22m[2m)[22m[32m 8[2mms[22m[39m
 [32m✓[39m src/__tests__/hud/autopilot-element.test.ts [2m([22m[2m2 tests[22m[2m)[22m[32m 9[2mms[22m[39m
 [32m✓[39m src/__tests__/hud/limits-element.test.ts [2m([22m[2m2 tests[22m[2m)[22m[32m 10[2mms[22m[39m
 [32m✓[39m src/__tests__/release-local.test.ts [2m([22m[2m3 tests[22m[2m)[22m[32m 13[2mms[22m[39m
 [32m✓[39m src/hooks/background-notification/__tests__/index.test.ts [2m([22m[2m3 tests[22m[2m)[22m[32m 6[2mms[22m[39m
 [32m✓[39m src/__tests__/hud/usage.test.ts [2m([22m[2m1 test[22m[2m)[22m[32m 5[2mms[22m[39m
 [32m✓[39m src/__tests__/hud/sanitize-extended.test.ts [2m([22m[2m2 tests[22m[2m)[22m[32m 6[2mms[22m[39m
 [32m✓[39m src/features/workflow-recommender/__tests__/context-enhancer.test.ts [2m([22m[2m1 test[22m[2m)[22m[32m 6[2mms[22m[39m
 [32m✓[39m src/features/session-recovery/__tests__/integration.test.ts [2m([22m[2m1 test[22m[2m)[22m[32m 5[2mms[22m[39m
 [32m✓[39m src/__tests__/hud/render-analytics.test.ts [2m([22m[2m1 test[22m[2m)[22m[32m 5[2mms[22m[39m
 [32m✓[39m src/features/assumption-validator/__tests__/integration.test.ts [2m([22m[2m2 tests[22m[2m)[22m[32m 5[2mms[22m[39m
 [32m✓[39m src/mcp/__tests__/backward-compatibility.test.ts [2m([22m[2m3 tests[22m[2m)[22m[32m 5[2mms[22m[39m
 [32m✓[39m src/mcp/__tests__/integration.test.ts [2m([22m[2m4 tests[22m[2m)[22m[32m 4[2mms[22m[39m
 [32m✓[39m src/mcp/__tests__/server-startup.test.ts [2m([22m[2m3 tests[22m[2m)[22m[32m 4[2mms[22m[39m
 [32m✓[39m src/mcp/__tests__/lsp-tools.test.ts [2m([22m[2m4 tests[22m[2m)[22m[32m 4[2mms[22m[39m

[31m⎯⎯⎯⎯⎯⎯⎯[39m[1m[41m Failed Tests 2 [49m[22m[31m⎯⎯⎯⎯⎯⎯⎯[39m

[41m[1m FAIL [22m[49m src/__tests__/skills.test.ts[2m > [22mBuiltin Skills[2m > [22mcreateBuiltinSkills()[2m > [22mshould return correct number of skills (79)
[31m[1mAssertionError[22m: expected [ { name: 'analyze', …(5) }, …(77) ] to have a length of 79 but got 78[39m

[32m- Expected[39m
[31m+ Received[39m

[32m- 79[39m
[31m+ 78[39m

[36m [2m❯[22m src/__tests__/skills.test.ts:[2m13:22[22m[39m
    [90m 11| [39m    [34mit[39m([32m'should return correct number of skills (79)'[39m[33m,[39m () [33m=>[39m {
    [90m 12| [39m      [35mconst[39m skills [33m=[39m [34mcreateBuiltinSkills[39m()[33m;[39m
    [90m 13| [39m      [34mexpect[39m(skills)[33m.[39m[34mtoHaveLength[39m([34m79[39m)[33m;[39m
    [90m   | [39m                     [31m^[39m
    [90m 14| [39m    })[33m;[39m
    [90m 15| [39m

[31m[2m⎯⎯⎯⎯⎯⎯⎯⎯⎯⎯⎯⎯⎯⎯⎯⎯⎯⎯⎯⎯⎯⎯⎯⎯[1/2]⎯[22m[39m

[41m[1m FAIL [22m[49m src/__tests__/skills.test.ts[2m > [22mBuiltin Skills[2m > [22mSkill names[2m > [22mshould have valid skill names
[31m[1mAssertionError[22m: expected [ 'analyze', 'autopilot', …(76) ] to deeply equal ArrayContaining{…}[39m

[32m- Expected[39m
[31m+ Received[39m

[33m@@ -1,6 +1,6 @@[39m
[32m- ArrayContaining [[39m
[31m+ [[39m
[2m    "analyze",[22m
[2m    "autopilot",[22m
[2m    "ax-analyze-error",[22m
[2m    "ax-context",[22m
[2m    "ax-decompose",[22m
[33m@@ -17,11 +17,10 @@[39m
[2m    "ax-suspend",[22m
[2m    "brainstorming",[22m
[2m    "build-fix",[22m
[2m    "cancel",[22m
[2m    "ccg",[22m
[32m-   "circuit-breaker",[39m
[2m    "ccg-workflow",[22m
[2m    "code-review",[22m
[2m    "configure-discord",[22m
[2m    "configure-telegram",[22m
[2m    "deepinit",[22m
[33m@@ -35,10 +34,11 @@[39m
[2m    "hud",[22m
[2m    "learn-about-omc",[22m
[2m    "learner",[22m
[2m    "mcp-setup",[22m
[2m    "next-step-router",[22m
[31m+   "nexus",[39m
[2m    "note",[22m
[2m    "omc-doctor",[22m
[2m    "omc-help",[22m
[2m    "omc-setup",[22m
[2m    "pipeline",[22m
[33m@@ -53,10 +53,15 @@[39m
[2m    "requesting-code-review",[22m
[2m    "omc-review",[22m
[2m    "sciomc",[22m
[2m    "omc-security-review",[22m
[2m    "skill",[22m
[31m+   "speckit-constitution",[39m
[31m+   "speckit-implement",[39m
[31m+   "speckit-plan",[39m
[31m+   "speckit-specify",[39m
[31m+   "speckit-tasks",[39m
[2m    "subagent-driven-development",[22m
[2m    "swarm",[22m
[2m    "systematic-debugging",[22m
[2m    "team",[22m
[2m    "test-driven-development",[22m
[33m@@ -66,16 +71,10 @@[39m
[2m    "ultraqa",[22m
[2m    "ultrawork",[22m
[2m    "using-git-worktrees",[22m
[2m    "using-superpowers",[22m
[2m    "verification-before-completion",[22m
[31m+   "wizard",[39m
[2m    "writer-memory",[22m
[2m    "writing-plans",[22m
[32m-   "wizard",[39m
[2m    "writing-skills",[22m
[32m-   "nexus",[39m
[32m-   "speckit-constitution",[39m
[32m-   "speckit-specify",[39m
[32m-   "speckit-plan",[39m
[32m-   "speckit-tasks",[39m
[32m-   "speckit-implement",[39m
[2m  ][22m

[36m [2m❯[22m src/__tests__/skills.test.ts:[2m145:32[22m[39m
    [90m143| [39m
    [90m144| [39m      [35mconst[39m actualSkillNames [33m=[39m skills[33m.[39m[34mmap[39m((s) [33m=>[39m s[33m.[39mname)[33m;[39m
    [90m145| [39m      expect(actualSkillNames).toEqual(expect.arrayContaining(expected…
    [90m   | [39m                               [31m^[39m
    [90m146| [39m      [34mexpect[39m(actualSkillNames[33m.[39mlength)[33m.[39m[34mtoBe[39m(expectedSkills[33m.[39mlength)[33m;[39m
    [90m147| [39m    })[33m;[39m

[31m[2m⎯⎯⎯⎯⎯⎯⎯⎯⎯⎯⎯⎯⎯⎯⎯⎯⎯⎯⎯⎯⎯⎯⎯⎯[2/2]⎯[22m[39m

[31m⎯⎯⎯⎯⎯⎯[39m[1m[41m Unhandled Errors [49m[22m[31m⎯⎯⎯⎯⎯⎯[39m
[31m[1m
Vitest caught 1 unhandled error during the test run.
This might cause false positive tests. Resolve unhandled errors to make sure your tests are not affected.[22m[39m

[31m⎯⎯⎯⎯[39m[1m[41m Unhandled Rejection [49m[22m[31m⎯⎯⎯⎯⎯[39m
[31m[1mError[22m: EPERM: operation not permitted, rmdir 'C:\Users\ljyih\Desktop\ultrapower\.test-ralph-index\.omc\state\sessions\test-session\ultrawork-state.json.lock'[39m
[31m[2m⎯⎯⎯⎯⎯⎯⎯⎯⎯⎯⎯⎯⎯⎯⎯⎯⎯⎯⎯⎯⎯⎯⎯⎯⎯⎯⎯⎯⎯⎯[22m[39m
[31m[1mSerialized Error:[22m[39m [90m{ errno: -4048, code: 'EPERM', syscall: 'rmdir', path: 'C:\Users\ljyih\Desktop\ultrapower\.test-ralph-index\.omc\state\sessions\test-session\ultrawork-state.json.lock' }[39m
[31mThis error originated in "[1msrc/hooks/ralph/__tests__/index.test.ts[22m" test file. It doesn't mean the error was thrown inside the file itself, but while it was running.[39m
[31m⎯⎯⎯⎯⎯⎯⎯⎯⎯⎯⎯⎯⎯⎯⎯⎯⎯⎯⎯⎯⎯⎯⎯⎯⎯⎯⎯⎯⎯⎯[39m


[2m Test Files [22m [1m[31m1 failed[39m[22m[2m | [22m[1m[32m483 passed[39m[22m[90m (484)[39m
[2m      Tests [22m [1m[31m2 failed[39m[22m[2m | [22m[1m[32m7072 passed[39m[22m[2m | [22m[33m11 skipped[39m[90m (7085)[39m
[2m     Errors [22m [1m[31m1 error[39m[22m
[2m   Start at [22m 16:19:09
[2m   Duration [22m 37.50s[2m (transform 130.79s, setup 30.28s, import 192.91s, tests 357.12s, environment 179ms)[22m

